<testsuites id="" name="" tests="295" failures="280" skipped="0" errors="0" time="155.07867800000002">
<testsuite name="tests/acim-guide-debug.spec.ts" timestamp="2025-08-14T13:39:24.147Z" hostname="chromium" tests="11" failures="6" skipped="0" time="116.243" errors="0">
<testcase name="ACIM Guide - Debug and UX Testing › ✅ Page loads successfully with correct title and branding" classname="tests/acim-guide-debug.spec.ts" time="9.828">
<failure message="acim-guide-debug.spec.ts:15:7 ✅ Page loads successfully with correct title and branding" type="FAILURE">
<![CDATA[  [chromium] › tests/acim-guide-debug.spec.ts:15:7 › ACIM Guide - Debug and UX Testing › ✅ Page loads successfully with correct title and branding 

    Error: Timed out 5000ms waiting for expect(page).toHaveTitle(expected)

    Expected pattern: /ACIMguide/
    Received string:  "ACIM Guide - Your AI Companion for A Course in Miracles"
    Call log:
      - Expect "toHaveTitle" with timeout 5000ms
        9 × unexpected value "ACIM Guide - Your AI Companion for A Course in Miracles"


      15 |   test('✅ Page loads successfully with correct title and branding', async ({ page }) => {
      16 |     // Check page title
    > 17 |     await expect(page).toHaveTitle(/ACIMguide/);
         |                        ^
      18 |     
      19 |     // Check main heading
      20 |     await expect(page.locator('h1')).toContainText('ACIMguide');
        at /home/am/TestAlex/e2e/tests/acim-guide-debug.spec.ts:17:24

    attachment #1: screenshot (image/png) ──────────────────────────────────────────────────────────
    ../test-results/tests-acim-guide-debug-ACI-1175f--correct-title-and-branding-chromium/test-failed-1.png
    ────────────────────────────────────────────────────────────────────────────────────────────────

    attachment #2: video (video/webm) ──────────────────────────────────────────────────────────────
    ../test-results/tests-acim-guide-debug-ACI-1175f--correct-title-and-branding-chromium/video.webm
    ────────────────────────────────────────────────────────────────────────────────────────────────

    Error Context: ../test-results/tests-acim-guide-debug-ACI-1175f--correct-title-and-branding-chromium/error-context.md
]]>
</failure>
<system-out>
<![CDATA[
[[ATTACHMENT|tests-acim-guide-debug-ACI-1175f--correct-title-and-branding-chromium/test-failed-1.png]]

[[ATTACHMENT|tests-acim-guide-debug-ACI-1175f--correct-title-and-branding-chromium/video.webm]]

[[ATTACHMENT|tests-acim-guide-debug-ACI-1175f--correct-title-and-branding-chromium/error-context.md]]
]]>
</system-out>
</testcase>
<testcase name="ACIM Guide - Debug and UX Testing › 🔧 Firebase authentication and connection status" classname="tests/acim-guide-debug.spec.ts" time="9.416">
<failure message="acim-guide-debug.spec.ts:29:7 🔧 Firebase authentication and connection status" type="FAILURE">
<![CDATA[  [chromium] › tests/acim-guide-debug.spec.ts:29:7 › ACIM Guide - Debug and UX Testing › 🔧 Firebase authentication and connection status 

    Error: Timed out 5000ms waiting for expect(locator).toContainText(expected)

    Locator: locator('#status')
    Expected string: "Initializing ACIMguide"
    Received string: "●"
    Call log:
      - Expect "toContainText" with timeout 5000ms
      - waiting for locator('#status')
        6 × locator resolved to <div id="status" class="status connected">Ready</div>
          - unexpected value "Ready"
        3 × locator resolved to <div id="status" class="status connected">●</div>
          - unexpected value "●"


      33 |     
      34 |     // Check initial loading state
    > 35 |     await expect(statusElement).toContainText('Initializing ACIMguide');
         |                                 ^
      36 |     
      37 |     // Wait for authentication to complete (up to 10 seconds)
      38 |     await page.waitForFunction(() => {
        at /home/am/TestAlex/e2e/tests/acim-guide-debug.spec.ts:35:33

    attachment #1: screenshot (image/png) ──────────────────────────────────────────────────────────
    ../test-results/tests-acim-guide-debug-ACI-93ac1-ation-and-connection-status-chromium/test-failed-1.png
    ────────────────────────────────────────────────────────────────────────────────────────────────

    attachment #2: video (video/webm) ──────────────────────────────────────────────────────────────
    ../test-results/tests-acim-guide-debug-ACI-93ac1-ation-and-connection-status-chromium/video.webm
    ────────────────────────────────────────────────────────────────────────────────────────────────

    Error Context: ../test-results/tests-acim-guide-debug-ACI-93ac1-ation-and-connection-status-chromium/error-context.md
]]>
</failure>
<system-out>
<![CDATA[
[[ATTACHMENT|tests-acim-guide-debug-ACI-93ac1-ation-and-connection-status-chromium/test-failed-1.png]]

[[ATTACHMENT|tests-acim-guide-debug-ACI-93ac1-ation-and-connection-status-chromium/video.webm]]

[[ATTACHMENT|tests-acim-guide-debug-ACI-93ac1-ation-and-connection-status-chromium/error-context.md]]
]]>
</system-out>
</testcase>
<testcase name="ACIM Guide - Debug and UX Testing › 💬 Chat interface is functional and accessible" classname="tests/acim-guide-debug.spec.ts" time="5.219">
</testcase>
<testcase name="ACIM Guide - Debug and UX Testing › 🎯 Quick action buttons are present and functional" classname="tests/acim-guide-debug.spec.ts" time="10.502">
<failure message="acim-guide-debug.spec.ts:85:7 🎯 Quick action buttons are present and functional" type="FAILURE">
<![CDATA[  [chromium] › tests/acim-guide-debug.spec.ts:85:7 › ACIM Guide - Debug and UX Testing › 🎯 Quick action buttons are present and functional 

    Error: Timed out 5000ms waiting for expect(locator).toContainText(expected)

    Locator: locator('.quick-actions h3')
    Expected string: "Quick Actions"
    Received string: "Get Started"
    Call log:
      - Expect "toContainText" with timeout 5000ms
      - waiting for locator('.quick-actions h3')
        9 × locator resolved to <h3>Get Started</h3>
          - unexpected value "Get Started"


      85 |   test('🎯 Quick action buttons are present and functional', async ({ page }) => {
      86 |     // Check quick actions section
    > 87 |     await expect(page.locator('.quick-actions h3')).toContainText('Quick Actions');
         |                                                     ^
      88 |     
      89 |     // Check all quick action buttons exist
      90 |     const quickActions = [
        at /home/am/TestAlex/e2e/tests/acim-guide-debug.spec.ts:87:53

    attachment #1: screenshot (image/png) ──────────────────────────────────────────────────────────
    ../test-results/tests-acim-guide-debug-ACI-9a1ff--are-present-and-functional-chromium/test-failed-1.png
    ────────────────────────────────────────────────────────────────────────────────────────────────

    attachment #2: video (video/webm) ──────────────────────────────────────────────────────────────
    ../test-results/tests-acim-guide-debug-ACI-9a1ff--are-present-and-functional-chromium/video.webm
    ────────────────────────────────────────────────────────────────────────────────────────────────

    Error Context: ../test-results/tests-acim-guide-debug-ACI-9a1ff--are-present-and-functional-chromium/error-context.md
]]>
</failure>
<system-out>
<![CDATA[
[[ATTACHMENT|tests-acim-guide-debug-ACI-9a1ff--are-present-and-functional-chromium/test-failed-1.png]]

[[ATTACHMENT|tests-acim-guide-debug-ACI-9a1ff--are-present-and-functional-chromium/video.webm]]

[[ATTACHMENT|tests-acim-guide-debug-ACI-9a1ff--are-present-and-functional-chromium/error-context.md]]
]]>
</system-out>
</testcase>
<testcase name="ACIM Guide - Debug and UX Testing › 📱 Responsive design works on mobile" classname="tests/acim-guide-debug.spec.ts" time="4.127">
</testcase>
<testcase name="ACIM Guide - Debug and UX Testing › 🔍 Debug actual chat functionality with Firebase" classname="tests/acim-guide-debug.spec.ts" time="31.367">
<failure message="acim-guide-debug.spec.ts:131:7 🔍 Debug actual chat functionality with Firebase" type="FAILURE">
<![CDATA[  [chromium] › tests/acim-guide-debug.spec.ts:131:7 › ACIM Guide - Debug and UX Testing › 🔍 Debug actual chat functionality with Firebase 

    Test timeout of 30000ms exceeded.

    Error: page.waitForFunction: Test timeout of 30000ms exceeded.

      131 |   test('🔍 Debug actual chat functionality with Firebase', async ({ page }) => {
      132 |     // Wait for authentication
    > 133 |     await page.waitForFunction(() => {
          |                ^
      134 |       const status = document.getElementById('status');
      135 |       return status && status.textContent?.includes('Connected! Your spiritual companion is ready');
      136 |     }, { timeout: 15000 });
        at /home/am/TestAlex/e2e/tests/acim-guide-debug.spec.ts:133:16

    attachment #1: screenshot (image/png) ──────────────────────────────────────────────────────────
    ../test-results/tests-acim-guide-debug-ACI-46d7f-functionality-with-Firebase-chromium/test-failed-1.png
    ────────────────────────────────────────────────────────────────────────────────────────────────

    attachment #2: video (video/webm) ──────────────────────────────────────────────────────────────
    ../test-results/tests-acim-guide-debug-ACI-46d7f-functionality-with-Firebase-chromium/video.webm
    ────────────────────────────────────────────────────────────────────────────────────────────────

    Error Context: ../test-results/tests-acim-guide-debug-ACI-46d7f-functionality-with-Firebase-chromium/error-context.md
]]>
</failure>
<system-out>
<![CDATA[
[[ATTACHMENT|tests-acim-guide-debug-ACI-46d7f-functionality-with-Firebase-chromium/test-failed-1.png]]

[[ATTACHMENT|tests-acim-guide-debug-ACI-46d7f-functionality-with-Firebase-chromium/video.webm]]

[[ATTACHMENT|tests-acim-guide-debug-ACI-46d7f-functionality-with-Firebase-chromium/error-context.md]]
]]>
</system-out>
</testcase>
<testcase name="ACIM Guide - Debug and UX Testing › 🎨 Visual design and styling check" classname="tests/acim-guide-debug.spec.ts" time="2.936">
<failure message="acim-guide-debug.spec.ts:201:7 🎨 Visual design and styling check" type="FAILURE">
<![CDATA[  [chromium] › tests/acim-guide-debug.spec.ts:201:7 › ACIM Guide - Debug and UX Testing › 🎨 Visual design and styling check 

    Error: expect(received).toContain(expected) // indexOf

    Expected substring: "gradient"
    Received string:    "rgb(248, 250, 252) none repeat scroll 0% 0% / auto padding-box border-box"

      203 |     const body = page.locator('body');
      204 |     const bodyStyles = await body.evaluate(el => getComputedStyle(el));
    > 205 |     expect(bodyStyles.background).toContain('gradient');
          |                                   ^
      206 |     
      207 |     // Check container has proper styling
      208 |     const container = page.locator('.container');
        at /home/am/TestAlex/e2e/tests/acim-guide-debug.spec.ts:205:35

    attachment #1: screenshot (image/png) ──────────────────────────────────────────────────────────
    ../test-results/tests-acim-guide-debug-ACI-099fd-al-design-and-styling-check-chromium/test-failed-1.png
    ────────────────────────────────────────────────────────────────────────────────────────────────

    attachment #2: video (video/webm) ──────────────────────────────────────────────────────────────
    ../test-results/tests-acim-guide-debug-ACI-099fd-al-design-and-styling-check-chromium/video.webm
    ────────────────────────────────────────────────────────────────────────────────────────────────

    Error Context: ../test-results/tests-acim-guide-debug-ACI-099fd-al-design-and-styling-check-chromium/error-context.md
]]>
</failure>
<system-out>
<![CDATA[
[[ATTACHMENT|tests-acim-guide-debug-ACI-099fd-al-design-and-styling-check-chromium/test-failed-1.png]]

[[ATTACHMENT|tests-acim-guide-debug-ACI-099fd-al-design-and-styling-check-chromium/video.webm]]

[[ATTACHMENT|tests-acim-guide-debug-ACI-099fd-al-design-and-styling-check-chromium/error-context.md]]
]]>
</system-out>
</testcase>
<testcase name="ACIM Guide - Debug and UX Testing › ♿ Accessibility and usability check" classname="tests/acim-guide-debug.spec.ts" time="2.89">
</testcase>
<testcase name="ACIM Guide - Debug and UX Testing › 🔧 Performance and loading check" classname="tests/acim-guide-debug.spec.ts" time="5.652">
<system-out>
<![CDATA[Page load time: 984ms
Console errors found: [
  [32m'Failed to load resource: the server responded with a status of 400 ()'[39m
]
]]>
</system-out>
</testcase>
<testcase name="ACIM Guide - Debug and UX Testing › 📸 Visual regression test - take screenshots" classname="tests/acim-guide-debug.spec.ts" time="3.086">
<system-out>
<![CDATA[Screenshots saved for visual review
]]>
</system-out>
</testcase>
<testcase name="ACIM Guide - Specific Firebase Debug › 🔥 Debug Firebase Functions specifically" classname="tests/acim-guide-debug.spec.ts" time="31.22">
<failure message="acim-guide-debug.spec.ts:310:7 🔥 Debug Firebase Functions specifically" type="FAILURE">
<![CDATA[  [chromium] › tests/acim-guide-debug.spec.ts:310:7 › ACIM Guide - Specific Firebase Debug › 🔥 Debug Firebase Functions specifically 

    Test timeout of 30000ms exceeded.

    Error: page.waitForFunction: Test timeout of 30000ms exceeded.

      325 |     
      326 |     // Wait for auth and try to send message
    > 327 |     await page.waitForFunction(() => {
          |                ^
      328 |       const status = document.getElementById('status');
      329 |       return status && status.textContent?.includes('Connected! Your spiritual companion is ready');
      330 |     }, { timeout: 15000 });
        at /home/am/TestAlex/e2e/tests/acim-guide-debug.spec.ts:327:16

    attachment #1: screenshot (image/png) ──────────────────────────────────────────────────────────
    ../test-results/tests-acim-guide-debug-ACI-57bae-base-Functions-specifically-chromium/test-failed-1.png
    ────────────────────────────────────────────────────────────────────────────────────────────────

    attachment #2: video (video/webm) ──────────────────────────────────────────────────────────────
    ../test-results/tests-acim-guide-debug-ACI-57bae-base-Functions-specifically-chromium/video.webm
    ────────────────────────────────────────────────────────────────────────────────────────────────

    Error Context: ../test-results/tests-acim-guide-debug-ACI-57bae-base-Functions-specifically-chromium/error-context.md
]]>
</failure>
<system-out>
<![CDATA[
[[ATTACHMENT|tests-acim-guide-debug-ACI-57bae-base-Functions-specifically-chromium/test-failed-1.png]]

[[ATTACHMENT|tests-acim-guide-debug-ACI-57bae-base-Functions-specifically-chromium/video.webm]]

[[ATTACHMENT|tests-acim-guide-debug-ACI-57bae-base-Functions-specifically-chromium/error-context.md]]
]]>
</system-out>
</testcase>
</testsuite>
<testsuite name="tests/blog-cta.spec.ts" timestamp="2025-08-14T13:39:24.147Z" hostname="chromium" tests="19" failures="19" skipped="0" time="12.977" errors="0">
<testcase name="Blog CTA E2E Tests › should display CTAs correctly on blog homepage" classname="tests/blog-cta.spec.ts" time="0.521">
<failure message="blog-cta.spec.ts:11:7 should display CTAs correctly on blog homepage" type="FAILURE">
<![CDATA[  [chromium] › tests/blog-cta.spec.ts:11:7 › Blog CTA E2E Tests › should display CTAs correctly on blog homepage 

    Error: page.goto: net::ERR_CONNECTION_REFUSED at http://localhost:3000/blog
    Call log:
      - navigating to "http://localhost:3000/blog", waiting until "load"


       at utils/blog-cta-page.ts:43

      41 |    */
      42 |   async navigateToBlog(): Promise<void> {
    > 43 |     await this.page.goto('/blog');
         |                     ^
      44 |     await this.helpers.waitForNetworkIdle();
      45 |     await this.helpers.waitForStableElement(this.blogContainer);
      46 |   }
        at BlogCTAPage.navigateToBlog (/home/am/TestAlex/e2e/utils/blog-cta-page.ts:43:21)
        at /home/am/TestAlex/e2e/tests/blog-cta.spec.ts:12:23

    attachment #1: screenshot (image/png) ──────────────────────────────────────────────────────────
    ../test-results/tests-blog-cta-Blog-CTA-E2-d9854--correctly-on-blog-homepage-chromium/test-failed-1.png
    ────────────────────────────────────────────────────────────────────────────────────────────────

    attachment #2: video (video/webm) ──────────────────────────────────────────────────────────────
    ../test-results/tests-blog-cta-Blog-CTA-E2-d9854--correctly-on-blog-homepage-chromium/video.webm
    ────────────────────────────────────────────────────────────────────────────────────────────────

    Error Context: ../test-results/tests-blog-cta-Blog-CTA-E2-d9854--correctly-on-blog-homepage-chromium/error-context.md
]]>
</failure>
<system-out>
<![CDATA[
[[ATTACHMENT|tests-blog-cta-Blog-CTA-E2-d9854--correctly-on-blog-homepage-chromium/test-failed-1.png]]

[[ATTACHMENT|tests-blog-cta-Blog-CTA-E2-d9854--correctly-on-blog-homepage-chromium/video.webm]]

[[ATTACHMENT|tests-blog-cta-Blog-CTA-E2-d9854--correctly-on-blog-homepage-chromium/error-context.md]]
]]>
</system-out>
</testcase>
<testcase name="Blog CTA E2E Tests › should handle CTA click-through functionality" classname="tests/blog-cta.spec.ts" time="0.371">
<failure message="blog-cta.spec.ts:16:7 should handle CTA click-through functionality" type="FAILURE">
<![CDATA[  [chromium] › tests/blog-cta.spec.ts:16:7 › Blog CTA E2E Tests › should handle CTA click-through functionality 

    Error: page.goto: net::ERR_CONNECTION_REFUSED at http://localhost:3000/blog
    Call log:
      - navigating to "http://localhost:3000/blog", waiting until "load"


       at utils/blog-cta-page.ts:43

      41 |    */
      42 |   async navigateToBlog(): Promise<void> {
    > 43 |     await this.page.goto('/blog');
         |                     ^
      44 |     await this.helpers.waitForNetworkIdle();
      45 |     await this.helpers.waitForStableElement(this.blogContainer);
      46 |   }
        at BlogCTAPage.navigateToBlog (/home/am/TestAlex/e2e/utils/blog-cta-page.ts:43:21)
        at /home/am/TestAlex/e2e/tests/blog-cta.spec.ts:17:23

    attachment #1: screenshot (image/png) ──────────────────────────────────────────────────────────
    ../test-results/tests-blog-cta-Blog-CTA-E2-bc43d-click-through-functionality-chromium/test-failed-1.png
    ────────────────────────────────────────────────────────────────────────────────────────────────

    attachment #2: video (video/webm) ──────────────────────────────────────────────────────────────
    ../test-results/tests-blog-cta-Blog-CTA-E2-bc43d-click-through-functionality-chromium/video.webm
    ────────────────────────────────────────────────────────────────────────────────────────────────

    Error Context: ../test-results/tests-blog-cta-Blog-CTA-E2-bc43d-click-through-functionality-chromium/error-context.md
]]>
</failure>
<system-out>
<![CDATA[
[[ATTACHMENT|tests-blog-cta-Blog-CTA-E2-bc43d-click-through-functionality-chromium/test-failed-1.png]]

[[ATTACHMENT|tests-blog-cta-Blog-CTA-E2-bc43d-click-through-functionality-chromium/video.webm]]

[[ATTACHMENT|tests-blog-cta-Blog-CTA-E2-bc43d-click-through-functionality-chromium/error-context.md]]
]]>
</system-out>
</testcase>
<testcase name="Blog CTA E2E Tests › should handle newsletter signup" classname="tests/blog-cta.spec.ts" time="0.256">
<failure message="blog-cta.spec.ts:21:7 should handle newsletter signup" type="FAILURE">
<![CDATA[  [chromium] › tests/blog-cta.spec.ts:21:7 › Blog CTA E2E Tests › should handle newsletter signup ──

    Error: page.goto: net::ERR_CONNECTION_REFUSED at http://localhost:3000/blog
    Call log:
      - navigating to "http://localhost:3000/blog", waiting until "load"


       at utils/blog-cta-page.ts:43

      41 |    */
      42 |   async navigateToBlog(): Promise<void> {
    > 43 |     await this.page.goto('/blog');
         |                     ^
      44 |     await this.helpers.waitForNetworkIdle();
      45 |     await this.helpers.waitForStableElement(this.blogContainer);
      46 |   }
        at BlogCTAPage.navigateToBlog (/home/am/TestAlex/e2e/utils/blog-cta-page.ts:43:21)
        at /home/am/TestAlex/e2e/tests/blog-cta.spec.ts:22:23

    attachment #1: screenshot (image/png) ──────────────────────────────────────────────────────────
    ../test-results/tests-blog-cta-Blog-CTA-E2-581c9-ld-handle-newsletter-signup-chromium/test-failed-1.png
    ────────────────────────────────────────────────────────────────────────────────────────────────

    attachment #2: video (video/webm) ──────────────────────────────────────────────────────────────
    ../test-results/tests-blog-cta-Blog-CTA-E2-581c9-ld-handle-newsletter-signup-chromium/video.webm
    ────────────────────────────────────────────────────────────────────────────────────────────────

    Error Context: ../test-results/tests-blog-cta-Blog-CTA-E2-581c9-ld-handle-newsletter-signup-chromium/error-context.md
]]>
</failure>
<system-out>
<![CDATA[
[[ATTACHMENT|tests-blog-cta-Blog-CTA-E2-581c9-ld-handle-newsletter-signup-chromium/test-failed-1.png]]

[[ATTACHMENT|tests-blog-cta-Blog-CTA-E2-581c9-ld-handle-newsletter-signup-chromium/video.webm]]

[[ATTACHMENT|tests-blog-cta-Blog-CTA-E2-581c9-ld-handle-newsletter-signup-chromium/error-context.md]]
]]>
</system-out>
</testcase>
<testcase name="Blog CTA E2E Tests › should validate email input in newsletter" classname="tests/blog-cta.spec.ts" time="0.402">
<failure message="blog-cta.spec.ts:26:7 should validate email input in newsletter" type="FAILURE">
<![CDATA[  [chromium] › tests/blog-cta.spec.ts:26:7 › Blog CTA E2E Tests › should validate email input in newsletter 

    Error: page.goto: net::ERR_CONNECTION_REFUSED at http://localhost:3000/blog
    Call log:
      - navigating to "http://localhost:3000/blog", waiting until "load"


       at utils/blog-cta-page.ts:43

      41 |    */
      42 |   async navigateToBlog(): Promise<void> {
    > 43 |     await this.page.goto('/blog');
         |                     ^
      44 |     await this.helpers.waitForNetworkIdle();
      45 |     await this.helpers.waitForStableElement(this.blogContainer);
      46 |   }
        at BlogCTAPage.navigateToBlog (/home/am/TestAlex/e2e/utils/blog-cta-page.ts:43:21)
        at /home/am/TestAlex/e2e/tests/blog-cta.spec.ts:27:23

    attachment #1: screenshot (image/png) ──────────────────────────────────────────────────────────
    ../test-results/tests-blog-cta-Blog-CTA-E2-7027d-e-email-input-in-newsletter-chromium/test-failed-1.png
    ────────────────────────────────────────────────────────────────────────────────────────────────

    attachment #2: video (video/webm) ──────────────────────────────────────────────────────────────
    ../test-results/tests-blog-cta-Blog-CTA-E2-7027d-e-email-input-in-newsletter-chromium/video.webm
    ────────────────────────────────────────────────────────────────────────────────────────────────

    Error Context: ../test-results/tests-blog-cta-Blog-CTA-E2-7027d-e-email-input-in-newsletter-chromium/error-context.md
]]>
</failure>
<system-out>
<![CDATA[
[[ATTACHMENT|tests-blog-cta-Blog-CTA-E2-7027d-e-email-input-in-newsletter-chromium/test-failed-1.png]]

[[ATTACHMENT|tests-blog-cta-Blog-CTA-E2-7027d-e-email-input-in-newsletter-chromium/video.webm]]

[[ATTACHMENT|tests-blog-cta-Blog-CTA-E2-7027d-e-email-input-in-newsletter-chromium/error-context.md]]
]]>
</system-out>
</testcase>
<testcase name="Blog CTA E2E Tests › should track CTA interactions" classname="tests/blog-cta.spec.ts" time="0.381">
<failure message="blog-cta.spec.ts:31:7 should track CTA interactions" type="FAILURE">
<![CDATA[  [chromium] › tests/blog-cta.spec.ts:31:7 › Blog CTA E2E Tests › should track CTA interactions ────

    Error: page.goto: net::ERR_CONNECTION_REFUSED at http://localhost:3000/blog
    Call log:
      - navigating to "http://localhost:3000/blog", waiting until "load"


       at utils/blog-cta-page.ts:43

      41 |    */
      42 |   async navigateToBlog(): Promise<void> {
    > 43 |     await this.page.goto('/blog');
         |                     ^
      44 |     await this.helpers.waitForNetworkIdle();
      45 |     await this.helpers.waitForStableElement(this.blogContainer);
      46 |   }
        at BlogCTAPage.navigateToBlog (/home/am/TestAlex/e2e/utils/blog-cta-page.ts:43:21)
        at /home/am/TestAlex/e2e/tests/blog-cta.spec.ts:32:23

    attachment #1: screenshot (image/png) ──────────────────────────────────────────────────────────
    ../test-results/tests-blog-cta-Blog-CTA-E2-203d1-ould-track-CTA-interactions-chromium/test-failed-1.png
    ────────────────────────────────────────────────────────────────────────────────────────────────

    attachment #2: video (video/webm) ──────────────────────────────────────────────────────────────
    ../test-results/tests-blog-cta-Blog-CTA-E2-203d1-ould-track-CTA-interactions-chromium/video.webm
    ────────────────────────────────────────────────────────────────────────────────────────────────

    Error Context: ../test-results/tests-blog-cta-Blog-CTA-E2-203d1-ould-track-CTA-interactions-chromium/error-context.md
]]>
</failure>
<system-out>
<![CDATA[
[[ATTACHMENT|tests-blog-cta-Blog-CTA-E2-203d1-ould-track-CTA-interactions-chromium/test-failed-1.png]]

[[ATTACHMENT|tests-blog-cta-Blog-CTA-E2-203d1-ould-track-CTA-interactions-chromium/video.webm]]

[[ATTACHMENT|tests-blog-cta-Blog-CTA-E2-203d1-ould-track-CTA-interactions-chromium/error-context.md]]
]]>
</system-out>
</testcase>
<testcase name="Blog CTA E2E Tests › should display social media links" classname="tests/blog-cta.spec.ts" time="0.374">
<failure message="blog-cta.spec.ts:36:7 should display social media links" type="FAILURE">
<![CDATA[  [chromium] › tests/blog-cta.spec.ts:36:7 › Blog CTA E2E Tests › should display social media links 

    Error: page.goto: net::ERR_CONNECTION_REFUSED at http://localhost:3000/blog
    Call log:
      - navigating to "http://localhost:3000/blog", waiting until "load"


       at utils/blog-cta-page.ts:43

      41 |    */
      42 |   async navigateToBlog(): Promise<void> {
    > 43 |     await this.page.goto('/blog');
         |                     ^
      44 |     await this.helpers.waitForNetworkIdle();
      45 |     await this.helpers.waitForStableElement(this.blogContainer);
      46 |   }
        at BlogCTAPage.navigateToBlog (/home/am/TestAlex/e2e/utils/blog-cta-page.ts:43:21)
        at /home/am/TestAlex/e2e/tests/blog-cta.spec.ts:37:23

    attachment #1: screenshot (image/png) ──────────────────────────────────────────────────────────
    ../test-results/tests-blog-cta-Blog-CTA-E2-43723--display-social-media-links-chromium/test-failed-1.png
    ────────────────────────────────────────────────────────────────────────────────────────────────

    attachment #2: video (video/webm) ──────────────────────────────────────────────────────────────
    ../test-results/tests-blog-cta-Blog-CTA-E2-43723--display-social-media-links-chromium/video.webm
    ────────────────────────────────────────────────────────────────────────────────────────────────

    Error Context: ../test-results/tests-blog-cta-Blog-CTA-E2-43723--display-social-media-links-chromium/error-context.md
]]>
</failure>
<system-out>
<![CDATA[
[[ATTACHMENT|tests-blog-cta-Blog-CTA-E2-43723--display-social-media-links-chromium/test-failed-1.png]]

[[ATTACHMENT|tests-blog-cta-Blog-CTA-E2-43723--display-social-media-links-chromium/video.webm]]

[[ATTACHMENT|tests-blog-cta-Blog-CTA-E2-43723--display-social-media-links-chromium/error-context.md]]
]]>
</system-out>
</testcase>
<testcase name="Blog CTA E2E Tests › should load CTAs quickly" classname="tests/blog-cta.spec.ts" time="0.375">
<failure message="blog-cta.spec.ts:41:7 should load CTAs quickly" type="FAILURE">
<![CDATA[  [chromium] › tests/blog-cta.spec.ts:41:7 › Blog CTA E2E Tests › should load CTAs quickly ─────────

    Error: page.goto: net::ERR_CONNECTION_REFUSED at http://localhost:3000/blog
    Call log:
      - navigating to "http://localhost:3000/blog", waiting until "load"


       at utils/blog-cta-page.ts:43

      41 |    */
      42 |   async navigateToBlog(): Promise<void> {
    > 43 |     await this.page.goto('/blog');
         |                     ^
      44 |     await this.helpers.waitForNetworkIdle();
      45 |     await this.helpers.waitForStableElement(this.blogContainer);
      46 |   }
        at BlogCTAPage.navigateToBlog (/home/am/TestAlex/e2e/utils/blog-cta-page.ts:43:21)
        at BlogCTAPage.testCTAPerformance (/home/am/TestAlex/e2e/utils/blog-cta-page.ts:230:16)
        at /home/am/TestAlex/e2e/tests/blog-cta.spec.ts:42:23

    attachment #1: screenshot (image/png) ──────────────────────────────────────────────────────────
    ../test-results/tests-blog-cta-Blog-CTA-E2E-Tests-should-load-CTAs-quickly-chromium/test-failed-1.png
    ────────────────────────────────────────────────────────────────────────────────────────────────

    attachment #2: video (video/webm) ──────────────────────────────────────────────────────────────
    ../test-results/tests-blog-cta-Blog-CTA-E2E-Tests-should-load-CTAs-quickly-chromium/video.webm
    ────────────────────────────────────────────────────────────────────────────────────────────────

    Error Context: ../test-results/tests-blog-cta-Blog-CTA-E2E-Tests-should-load-CTAs-quickly-chromium/error-context.md
]]>
</failure>
<system-out>
<![CDATA[
[[ATTACHMENT|tests-blog-cta-Blog-CTA-E2E-Tests-should-load-CTAs-quickly-chromium/test-failed-1.png]]

[[ATTACHMENT|tests-blog-cta-Blog-CTA-E2E-Tests-should-load-CTAs-quickly-chromium/video.webm]]

[[ATTACHMENT|tests-blog-cta-Blog-CTA-E2E-Tests-should-load-CTAs-quickly-chromium/error-context.md]]
]]>
</system-out>
</testcase>
<testcase name="Blog CTA E2E Tests › should be accessible" classname="tests/blog-cta.spec.ts" time="0.398">
<failure message="blog-cta.spec.ts:45:7 should be accessible" type="FAILURE">
<![CDATA[  [chromium] › tests/blog-cta.spec.ts:45:7 › Blog CTA E2E Tests › should be accessible ─────────────

    Error: page.goto: net::ERR_CONNECTION_REFUSED at http://localhost:3000/blog
    Call log:
      - navigating to "http://localhost:3000/blog", waiting until "load"


       at utils/blog-cta-page.ts:43

      41 |    */
      42 |   async navigateToBlog(): Promise<void> {
    > 43 |     await this.page.goto('/blog');
         |                     ^
      44 |     await this.helpers.waitForNetworkIdle();
      45 |     await this.helpers.waitForStableElement(this.blogContainer);
      46 |   }
        at BlogCTAPage.navigateToBlog (/home/am/TestAlex/e2e/utils/blog-cta-page.ts:43:21)
        at /home/am/TestAlex/e2e/tests/blog-cta.spec.ts:46:23

    attachment #1: screenshot (image/png) ──────────────────────────────────────────────────────────
    ../test-results/tests-blog-cta-Blog-CTA-E2E-Tests-should-be-accessible-chromium/test-failed-1.png
    ────────────────────────────────────────────────────────────────────────────────────────────────

    attachment #2: video (video/webm) ──────────────────────────────────────────────────────────────
    ../test-results/tests-blog-cta-Blog-CTA-E2E-Tests-should-be-accessible-chromium/video.webm
    ────────────────────────────────────────────────────────────────────────────────────────────────

    Error Context: ../test-results/tests-blog-cta-Blog-CTA-E2E-Tests-should-be-accessible-chromium/error-context.md
]]>
</failure>
<system-out>
<![CDATA[
[[ATTACHMENT|tests-blog-cta-Blog-CTA-E2E-Tests-should-be-accessible-chromium/test-failed-1.png]]

[[ATTACHMENT|tests-blog-cta-Blog-CTA-E2E-Tests-should-be-accessible-chromium/video.webm]]

[[ATTACHMENT|tests-blog-cta-Blog-CTA-E2E-Tests-should-be-accessible-chromium/error-context.md]]
]]>
</system-out>
</testcase>
<testcase name="Blog CTA E2E Tests › should work on mobile devices" classname="tests/blog-cta.spec.ts" time="6.103">
<failure message="blog-cta.spec.ts:50:7 should work on mobile devices" type="FAILURE">
<![CDATA[  [chromium] › tests/blog-cta.spec.ts:50:7 › Blog CTA E2E Tests › should work on mobile devices ────

    Error: Timed out 5000ms waiting for expect(locator).toBeVisible()

    Locator: locator('[data-testid="cta-section"], .cta-section, .call-to-action')
    Expected: visible
    Received: <element(s) not found>
    Call log:
      - Expect "toBeVisible" with timeout 5000ms
      - waiting for locator('[data-testid="cta-section"], .cta-section, .call-to-action')


       at utils/blog-cta-page.ts:298

      296 |     
      297 |     // CTAs should be visible and functional on mobile
    > 298 |     await expect(this.ctaSection).toBeVisible();
          |                                   ^
      299 |     
      300 |     if (await this.primaryCTA.count() > 0) {
      301 |       await expect(this.primaryCTA).toBeVisible();
        at BlogCTAPage.testMobileCTA (/home/am/TestAlex/e2e/utils/blog-cta-page.ts:298:35)
        at /home/am/TestAlex/e2e/tests/blog-cta.spec.ts:51:5

    attachment #1: screenshot (image/png) ──────────────────────────────────────────────────────────
    ../test-results/tests-blog-cta-Blog-CTA-E2-12b41-ould-work-on-mobile-devices-chromium/test-failed-1.png
    ────────────────────────────────────────────────────────────────────────────────────────────────

    attachment #2: video (video/webm) ──────────────────────────────────────────────────────────────
    ../test-results/tests-blog-cta-Blog-CTA-E2-12b41-ould-work-on-mobile-devices-chromium/video.webm
    ────────────────────────────────────────────────────────────────────────────────────────────────
]]>
</failure>
<system-out>
<![CDATA[
[[ATTACHMENT|tests-blog-cta-Blog-CTA-E2-12b41-ould-work-on-mobile-devices-chromium/test-failed-1.png]]

[[ATTACHMENT|tests-blog-cta-Blog-CTA-E2-12b41-ould-work-on-mobile-devices-chromium/video.webm]]
]]>
</system-out>
</testcase>
<testcase name="Blog CTA E2E Tests › should have compelling CTA text variations" classname="tests/blog-cta.spec.ts" time="0.345">
<failure message="blog-cta.spec.ts:54:7 should have compelling CTA text variations" type="FAILURE">
<![CDATA[  [chromium] › tests/blog-cta.spec.ts:54:7 › Blog CTA E2E Tests › should have compelling CTA text variations 

    Error: page.goto: net::ERR_CONNECTION_REFUSED at http://localhost:3000/blog
    Call log:
      - navigating to "http://localhost:3000/blog", waiting until "load"


       at utils/blog-cta-page.ts:43

      41 |    */
      42 |   async navigateToBlog(): Promise<void> {
    > 43 |     await this.page.goto('/blog');
         |                     ^
      44 |     await this.helpers.waitForNetworkIdle();
      45 |     await this.helpers.waitForStableElement(this.blogContainer);
      46 |   }
        at BlogCTAPage.navigateToBlog (/home/am/TestAlex/e2e/utils/blog-cta-page.ts:43:21)
        at /home/am/TestAlex/e2e/tests/blog-cta.spec.ts:55:23

    attachment #1: screenshot (image/png) ──────────────────────────────────────────────────────────
    ../test-results/tests-blog-cta-Blog-CTA-E2-24c0c-pelling-CTA-text-variations-chromium/test-failed-1.png
    ────────────────────────────────────────────────────────────────────────────────────────────────

    attachment #2: video (video/webm) ──────────────────────────────────────────────────────────────
    ../test-results/tests-blog-cta-Blog-CTA-E2-24c0c-pelling-CTA-text-variations-chromium/video.webm
    ────────────────────────────────────────────────────────────────────────────────────────────────

    Error Context: ../test-results/tests-blog-cta-Blog-CTA-E2-24c0c-pelling-CTA-text-variations-chromium/error-context.md
]]>
</failure>
<system-out>
<![CDATA[
[[ATTACHMENT|tests-blog-cta-Blog-CTA-E2-24c0c-pelling-CTA-text-variations-chromium/test-failed-1.png]]

[[ATTACHMENT|tests-blog-cta-Blog-CTA-E2-24c0c-pelling-CTA-text-variations-chromium/video.webm]]

[[ATTACHMENT|tests-blog-cta-Blog-CTA-E2-24c0c-pelling-CTA-text-variations-chromium/error-context.md]]
]]>
</system-out>
</testcase>
<testcase name="Blog CTA E2E Tests › should maintain design consistency" classname="tests/blog-cta.spec.ts" time="0.448">
<failure message="blog-cta.spec.ts:59:7 should maintain design consistency" type="FAILURE">
<![CDATA[  [chromium] › tests/blog-cta.spec.ts:59:7 › Blog CTA E2E Tests › should maintain design consistency 

    Error: page.goto: net::ERR_CONNECTION_REFUSED at http://localhost:3000/blog
    Call log:
      - navigating to "http://localhost:3000/blog", waiting until "load"


       at utils/blog-cta-page.ts:43

      41 |    */
      42 |   async navigateToBlog(): Promise<void> {
    > 43 |     await this.page.goto('/blog');
         |                     ^
      44 |     await this.helpers.waitForNetworkIdle();
      45 |     await this.helpers.waitForStableElement(this.blogContainer);
      46 |   }
        at BlogCTAPage.navigateToBlog (/home/am/TestAlex/e2e/utils/blog-cta-page.ts:43:21)
        at /home/am/TestAlex/e2e/tests/blog-cta.spec.ts:60:23

    attachment #1: screenshot (image/png) ──────────────────────────────────────────────────────────
    ../test-results/tests-blog-cta-Blog-CTA-E2-597ab-maintain-design-consistency-chromium/test-failed-1.png
    ────────────────────────────────────────────────────────────────────────────────────────────────

    attachment #2: video (video/webm) ──────────────────────────────────────────────────────────────
    ../test-results/tests-blog-cta-Blog-CTA-E2-597ab-maintain-design-consistency-chromium/video.webm
    ────────────────────────────────────────────────────────────────────────────────────────────────

    Error Context: ../test-results/tests-blog-cta-Blog-CTA-E2-597ab-maintain-design-consistency-chromium/error-context.md
]]>
</failure>
<system-out>
<![CDATA[
[[ATTACHMENT|tests-blog-cta-Blog-CTA-E2-597ab-maintain-design-consistency-chromium/test-failed-1.png]]

[[ATTACHMENT|tests-blog-cta-Blog-CTA-E2-597ab-maintain-design-consistency-chromium/video.webm]]

[[ATTACHMENT|tests-blog-cta-Blog-CTA-E2-597ab-maintain-design-consistency-chromium/error-context.md]]
]]>
</system-out>
</testcase>
<testcase name="Blog CTA E2E Tests › should support blog-to-course conversion funnel" classname="tests/blog-cta.spec.ts" time="0.418">
<failure message="blog-cta.spec.ts:64:7 should support blog-to-course conversion funnel" type="FAILURE">
<![CDATA[  [chromium] › tests/blog-cta.spec.ts:64:7 › Blog CTA E2E Tests › should support blog-to-course conversion funnel 

    Error: page.goto: net::ERR_CONNECTION_REFUSED at http://localhost:3000/blog
    Call log:
      - navigating to "http://localhost:3000/blog", waiting until "load"


       at utils/blog-cta-page.ts:43

      41 |    */
      42 |   async navigateToBlog(): Promise<void> {
    > 43 |     await this.page.goto('/blog');
         |                     ^
      44 |     await this.helpers.waitForNetworkIdle();
      45 |     await this.helpers.waitForStableElement(this.blogContainer);
      46 |   }
        at BlogCTAPage.navigateToBlog (/home/am/TestAlex/e2e/utils/blog-cta-page.ts:43:21)
        at BlogCTAPage.testConversionFunnel (/home/am/TestAlex/e2e/utils/blog-cta-page.ts:372:16)
        at /home/am/TestAlex/e2e/tests/blog-cta.spec.ts:65:23

    attachment #1: screenshot (image/png) ──────────────────────────────────────────────────────────
    ../test-results/tests-blog-cta-Blog-CTA-E2-7fb42-to-course-conversion-funnel-chromium/test-failed-1.png
    ────────────────────────────────────────────────────────────────────────────────────────────────

    attachment #2: video (video/webm) ──────────────────────────────────────────────────────────────
    ../test-results/tests-blog-cta-Blog-CTA-E2-7fb42-to-course-conversion-funnel-chromium/video.webm
    ────────────────────────────────────────────────────────────────────────────────────────────────

    Error Context: ../test-results/tests-blog-cta-Blog-CTA-E2-7fb42-to-course-conversion-funnel-chromium/error-context.md
]]>
</failure>
<system-out>
<![CDATA[
[[ATTACHMENT|tests-blog-cta-Blog-CTA-E2-7fb42-to-course-conversion-funnel-chromium/test-failed-1.png]]

[[ATTACHMENT|tests-blog-cta-Blog-CTA-E2-7fb42-to-course-conversion-funnel-chromium/video.webm]]

[[ATTACHMENT|tests-blog-cta-Blog-CTA-E2-7fb42-to-course-conversion-funnel-chromium/error-context.md]]
]]>
</system-out>
</testcase>
<testcase name="Blog CTA E2E Tests › should display CTAs on blog posts" classname="tests/blog-cta.spec.ts" time="0.319">
<failure message="blog-cta.spec.ts:68:7 should display CTAs on blog posts" type="FAILURE">
<![CDATA[  [chromium] › tests/blog-cta.spec.ts:68:7 › Blog CTA E2E Tests › should display CTAs on blog posts 

    Error: page.goto: net::ERR_CONNECTION_REFUSED at http://localhost:3000/blog
    Call log:
      - navigating to "http://localhost:3000/blog", waiting until "load"


      68 |   test('should display CTAs on blog posts', async ({ page }) => {
      69 |     // Navigate to a specific blog post if available
    > 70 |     await page.goto('/blog');
         |                ^
      71 |     await page.waitForLoadState('networkidle');
      72 |     
      73 |     // Look for blog post links
        at /home/am/TestAlex/e2e/tests/blog-cta.spec.ts:70:16

    attachment #1: screenshot (image/png) ──────────────────────────────────────────────────────────
    ../test-results/tests-blog-cta-Blog-CTA-E2-eca02--display-CTAs-on-blog-posts-chromium/test-failed-1.png
    ────────────────────────────────────────────────────────────────────────────────────────────────

    attachment #2: video (video/webm) ──────────────────────────────────────────────────────────────
    ../test-results/tests-blog-cta-Blog-CTA-E2-eca02--display-CTAs-on-blog-posts-chromium/video.webm
    ────────────────────────────────────────────────────────────────────────────────────────────────

    Error Context: ../test-results/tests-blog-cta-Blog-CTA-E2-eca02--display-CTAs-on-blog-posts-chromium/error-context.md
]]>
</failure>
<system-out>
<![CDATA[
[[ATTACHMENT|tests-blog-cta-Blog-CTA-E2-eca02--display-CTAs-on-blog-posts-chromium/test-failed-1.png]]

[[ATTACHMENT|tests-blog-cta-Blog-CTA-E2-eca02--display-CTAs-on-blog-posts-chromium/video.webm]]

[[ATTACHMENT|tests-blog-cta-Blog-CTA-E2-eca02--display-CTAs-on-blog-posts-chromium/error-context.md]]
]]>
</system-out>
</testcase>
<testcase name="Blog CTA E2E Tests › should handle CTA hover effects" classname="tests/blog-cta.spec.ts" time="0.388">
<failure message="blog-cta.spec.ts:92:7 should handle CTA hover effects" type="FAILURE">
<![CDATA[  [chromium] › tests/blog-cta.spec.ts:92:7 › Blog CTA E2E Tests › should handle CTA hover effects ──

    Error: page.goto: net::ERR_CONNECTION_REFUSED at http://localhost:3000/blog
    Call log:
      - navigating to "http://localhost:3000/blog", waiting until "load"


       at utils/blog-cta-page.ts:43

      41 |    */
      42 |   async navigateToBlog(): Promise<void> {
    > 43 |     await this.page.goto('/blog');
         |                     ^
      44 |     await this.helpers.waitForNetworkIdle();
      45 |     await this.helpers.waitForStableElement(this.blogContainer);
      46 |   }
        at BlogCTAPage.navigateToBlog (/home/am/TestAlex/e2e/utils/blog-cta-page.ts:43:21)
        at /home/am/TestAlex/e2e/tests/blog-cta.spec.ts:93:23

    attachment #1: screenshot (image/png) ──────────────────────────────────────────────────────────
    ../test-results/tests-blog-cta-Blog-CTA-E2-63908-ld-handle-CTA-hover-effects-chromium/test-failed-1.png
    ────────────────────────────────────────────────────────────────────────────────────────────────

    attachment #2: video (video/webm) ──────────────────────────────────────────────────────────────
    ../test-results/tests-blog-cta-Blog-CTA-E2-63908-ld-handle-CTA-hover-effects-chromium/video.webm
    ────────────────────────────────────────────────────────────────────────────────────────────────

    Error Context: ../test-results/tests-blog-cta-Blog-CTA-E2-63908-ld-handle-CTA-hover-effects-chromium/error-context.md
]]>
</failure>
<system-out>
<![CDATA[
[[ATTACHMENT|tests-blog-cta-Blog-CTA-E2-63908-ld-handle-CTA-hover-effects-chromium/test-failed-1.png]]

[[ATTACHMENT|tests-blog-cta-Blog-CTA-E2-63908-ld-handle-CTA-hover-effects-chromium/video.webm]]

[[ATTACHMENT|tests-blog-cta-Blog-CTA-E2-63908-ld-handle-CTA-hover-effects-chromium/error-context.md]]
]]>
</system-out>
</testcase>
<testcase name="Blog CTA E2E Tests › should handle multiple CTA placements" classname="tests/blog-cta.spec.ts" time="0.398">
<failure message="blog-cta.spec.ts:125:7 should handle multiple CTA placements" type="FAILURE">
<![CDATA[  [chromium] › tests/blog-cta.spec.ts:125:7 › Blog CTA E2E Tests › should handle multiple CTA placements 

    Error: page.goto: net::ERR_CONNECTION_REFUSED at http://localhost:3000/blog
    Call log:
      - navigating to "http://localhost:3000/blog", waiting until "load"


       at utils/blog-cta-page.ts:43

      41 |    */
      42 |   async navigateToBlog(): Promise<void> {
    > 43 |     await this.page.goto('/blog');
         |                     ^
      44 |     await this.helpers.waitForNetworkIdle();
      45 |     await this.helpers.waitForStableElement(this.blogContainer);
      46 |   }
        at BlogCTAPage.navigateToBlog (/home/am/TestAlex/e2e/utils/blog-cta-page.ts:43:21)
        at /home/am/TestAlex/e2e/tests/blog-cta.spec.ts:126:23

    attachment #1: screenshot (image/png) ──────────────────────────────────────────────────────────
    ../test-results/tests-blog-cta-Blog-CTA-E2-7ee7e-dle-multiple-CTA-placements-chromium/test-failed-1.png
    ────────────────────────────────────────────────────────────────────────────────────────────────

    attachment #2: video (video/webm) ──────────────────────────────────────────────────────────────
    ../test-results/tests-blog-cta-Blog-CTA-E2-7ee7e-dle-multiple-CTA-placements-chromium/video.webm
    ────────────────────────────────────────────────────────────────────────────────────────────────

    Error Context: ../test-results/tests-blog-cta-Blog-CTA-E2-7ee7e-dle-multiple-CTA-placements-chromium/error-context.md
]]>
</failure>
<system-out>
<![CDATA[
[[ATTACHMENT|tests-blog-cta-Blog-CTA-E2-7ee7e-dle-multiple-CTA-placements-chromium/test-failed-1.png]]

[[ATTACHMENT|tests-blog-cta-Blog-CTA-E2-7ee7e-dle-multiple-CTA-placements-chromium/video.webm]]

[[ATTACHMENT|tests-blog-cta-Blog-CTA-E2-7ee7e-dle-multiple-CTA-placements-chromium/error-context.md]]
]]>
</system-out>
</testcase>
<testcase name="Blog CTA E2E Tests › should maintain CTA visibility during scroll" classname="tests/blog-cta.spec.ts" time="0.348">
<failure message="blog-cta.spec.ts:149:7 should maintain CTA visibility during scroll" type="FAILURE">
<![CDATA[  [chromium] › tests/blog-cta.spec.ts:149:7 › Blog CTA E2E Tests › should maintain CTA visibility during scroll 

    Error: page.goto: net::ERR_CONNECTION_REFUSED at http://localhost:3000/blog
    Call log:
      - navigating to "http://localhost:3000/blog", waiting until "load"


       at utils/blog-cta-page.ts:43

      41 |    */
      42 |   async navigateToBlog(): Promise<void> {
    > 43 |     await this.page.goto('/blog');
         |                     ^
      44 |     await this.helpers.waitForNetworkIdle();
      45 |     await this.helpers.waitForStableElement(this.blogContainer);
      46 |   }
        at BlogCTAPage.navigateToBlog (/home/am/TestAlex/e2e/utils/blog-cta-page.ts:43:21)
        at /home/am/TestAlex/e2e/tests/blog-cta.spec.ts:150:23

    attachment #1: screenshot (image/png) ──────────────────────────────────────────────────────────
    ../test-results/tests-blog-cta-Blog-CTA-E2-8960e-TA-visibility-during-scroll-chromium/test-failed-1.png
    ────────────────────────────────────────────────────────────────────────────────────────────────

    attachment #2: video (video/webm) ──────────────────────────────────────────────────────────────
    ../test-results/tests-blog-cta-Blog-CTA-E2-8960e-TA-visibility-during-scroll-chromium/video.webm
    ────────────────────────────────────────────────────────────────────────────────────────────────

    Error Context: ../test-results/tests-blog-cta-Blog-CTA-E2-8960e-TA-visibility-during-scroll-chromium/error-context.md
]]>
</failure>
<system-out>
<![CDATA[
[[ATTACHMENT|tests-blog-cta-Blog-CTA-E2-8960e-TA-visibility-during-scroll-chromium/test-failed-1.png]]

[[ATTACHMENT|tests-blog-cta-Blog-CTA-E2-8960e-TA-visibility-during-scroll-chromium/video.webm]]

[[ATTACHMENT|tests-blog-cta-Blog-CTA-E2-8960e-TA-visibility-during-scroll-chromium/error-context.md]]
]]>
</system-out>
</testcase>
<testcase name="Blog CTA E2E Tests › should handle CTA for different user segments" classname="tests/blog-cta.spec.ts" time="0.397">
<failure message="blog-cta.spec.ts:167:7 should handle CTA for different user segments" type="FAILURE">
<![CDATA[  [chromium] › tests/blog-cta.spec.ts:167:7 › Blog CTA E2E Tests › should handle CTA for different user segments 

    Error: page.goto: net::ERR_CONNECTION_REFUSED at http://localhost:3000/blog
    Call log:
      - navigating to "http://localhost:3000/blog", waiting until "load"


       at utils/blog-cta-page.ts:43

      41 |    */
      42 |   async navigateToBlog(): Promise<void> {
    > 43 |     await this.page.goto('/blog');
         |                     ^
      44 |     await this.helpers.waitForNetworkIdle();
      45 |     await this.helpers.waitForStableElement(this.blogContainer);
      46 |   }
        at BlogCTAPage.navigateToBlog (/home/am/TestAlex/e2e/utils/blog-cta-page.ts:43:21)
        at /home/am/TestAlex/e2e/tests/blog-cta.spec.ts:168:23

    attachment #1: screenshot (image/png) ──────────────────────────────────────────────────────────
    ../test-results/tests-blog-cta-Blog-CTA-E2-9a27b-for-different-user-segments-chromium/test-failed-1.png
    ────────────────────────────────────────────────────────────────────────────────────────────────

    attachment #2: video (video/webm) ──────────────────────────────────────────────────────────────
    ../test-results/tests-blog-cta-Blog-CTA-E2-9a27b-for-different-user-segments-chromium/video.webm
    ────────────────────────────────────────────────────────────────────────────────────────────────

    Error Context: ../test-results/tests-blog-cta-Blog-CTA-E2-9a27b-for-different-user-segments-chromium/error-context.md
]]>
</failure>
<system-out>
<![CDATA[
[[ATTACHMENT|tests-blog-cta-Blog-CTA-E2-9a27b-for-different-user-segments-chromium/test-failed-1.png]]

[[ATTACHMENT|tests-blog-cta-Blog-CTA-E2-9a27b-for-different-user-segments-chromium/video.webm]]

[[ATTACHMENT|tests-blog-cta-Blog-CTA-E2-9a27b-for-different-user-segments-chromium/error-context.md]]
]]>
</system-out>
</testcase>
<testcase name="Blog CTA E2E Tests › should show appropriate CTAs based on content" classname="tests/blog-cta.spec.ts" time="0.383">
<failure message="blog-cta.spec.ts:188:7 should show appropriate CTAs based on content" type="FAILURE">
<![CDATA[  [chromium] › tests/blog-cta.spec.ts:188:7 › Blog CTA E2E Tests › should show appropriate CTAs based on content 

    Error: page.goto: net::ERR_CONNECTION_REFUSED at http://localhost:3000/blog
    Call log:
      - navigating to "http://localhost:3000/blog", waiting until "load"


       at utils/blog-cta-page.ts:43

      41 |    */
      42 |   async navigateToBlog(): Promise<void> {
    > 43 |     await this.page.goto('/blog');
         |                     ^
      44 |     await this.helpers.waitForNetworkIdle();
      45 |     await this.helpers.waitForStableElement(this.blogContainer);
      46 |   }
        at BlogCTAPage.navigateToBlog (/home/am/TestAlex/e2e/utils/blog-cta-page.ts:43:21)
        at /home/am/TestAlex/e2e/tests/blog-cta.spec.ts:189:23

    attachment #1: screenshot (image/png) ──────────────────────────────────────────────────────────
    ../test-results/tests-blog-cta-Blog-CTA-E2-e2f84-riate-CTAs-based-on-content-chromium/test-failed-1.png
    ────────────────────────────────────────────────────────────────────────────────────────────────

    attachment #2: video (video/webm) ──────────────────────────────────────────────────────────────
    ../test-results/tests-blog-cta-Blog-CTA-E2-e2f84-riate-CTAs-based-on-content-chromium/video.webm
    ────────────────────────────────────────────────────────────────────────────────────────────────

    Error Context: ../test-results/tests-blog-cta-Blog-CTA-E2-e2f84-riate-CTAs-based-on-content-chromium/error-context.md
]]>
</failure>
<system-out>
<![CDATA[
[[ATTACHMENT|tests-blog-cta-Blog-CTA-E2-e2f84-riate-CTAs-based-on-content-chromium/test-failed-1.png]]

[[ATTACHMENT|tests-blog-cta-Blog-CTA-E2-e2f84-riate-CTAs-based-on-content-chromium/video.webm]]

[[ATTACHMENT|tests-blog-cta-Blog-CTA-E2-e2f84-riate-CTAs-based-on-content-chromium/error-context.md]]
]]>
</system-out>
</testcase>
<testcase name="Blog CTA E2E Tests › should handle CTA A/B test variations" classname="tests/blog-cta.spec.ts" time="0.352">
<failure message="blog-cta.spec.ts:206:7 should handle CTA A/B test variations" type="FAILURE">
<![CDATA[  [chromium] › tests/blog-cta.spec.ts:206:7 › Blog CTA E2E Tests › should handle CTA A/B test variations 

    Error: page.goto: net::ERR_CONNECTION_REFUSED at http://localhost:3000/blog
    Call log:
      - navigating to "http://localhost:3000/blog", waiting until "load"


       at utils/blog-cta-page.ts:43

      41 |    */
      42 |   async navigateToBlog(): Promise<void> {
    > 43 |     await this.page.goto('/blog');
         |                     ^
      44 |     await this.helpers.waitForNetworkIdle();
      45 |     await this.helpers.waitForStableElement(this.blogContainer);
      46 |   }
        at BlogCTAPage.navigateToBlog (/home/am/TestAlex/e2e/utils/blog-cta-page.ts:43:21)
        at /home/am/TestAlex/e2e/tests/blog-cta.spec.ts:207:23

    attachment #1: screenshot (image/png) ──────────────────────────────────────────────────────────
    ../test-results/tests-blog-cta-Blog-CTA-E2-d39a1-dle-CTA-A-B-test-variations-chromium/test-failed-1.png
    ────────────────────────────────────────────────────────────────────────────────────────────────

    attachment #2: video (video/webm) ──────────────────────────────────────────────────────────────
    ../test-results/tests-blog-cta-Blog-CTA-E2-d39a1-dle-CTA-A-B-test-variations-chromium/video.webm
    ────────────────────────────────────────────────────────────────────────────────────────────────

    Error Context: ../test-results/tests-blog-cta-Blog-CTA-E2-d39a1-dle-CTA-A-B-test-variations-chromium/error-context.md
]]>
</failure>
<system-out>
<![CDATA[
[[ATTACHMENT|tests-blog-cta-Blog-CTA-E2-d39a1-dle-CTA-A-B-test-variations-chromium/test-failed-1.png]]

[[ATTACHMENT|tests-blog-cta-Blog-CTA-E2-d39a1-dle-CTA-A-B-test-variations-chromium/video.webm]]

[[ATTACHMENT|tests-blog-cta-Blog-CTA-E2-d39a1-dle-CTA-A-B-test-variations-chromium/error-context.md]]
]]>
</system-out>
</testcase>
</testsuite>
<testsuite name="tests/chat.spec.ts" timestamp="2025-08-14T13:39:24.147Z" hostname="chromium" tests="13" failures="13" skipped="0" time="6.083" errors="0">
<testcase name="Chat Interface E2E Tests › should display chat interface correctly" classname="tests/chat.spec.ts" time="0.504">
<failure message="chat.spec.ts:12:7 should display chat interface correctly" type="FAILURE">
<![CDATA[  [chromium] › tests/chat.spec.ts:12:7 › Chat Interface E2E Tests › should display chat interface correctly 

    Error: page.goto: net::ERR_CONNECTION_REFUSED at http://localhost:3000/chat
    Call log:
      - navigating to "http://localhost:3000/chat", waiting until "load"


       at utils/chat-page.ts:33

      31 |    */
      32 |   async navigateToChat(): Promise<void> {
    > 33 |     await this.page.goto('/chat');
         |                     ^
      34 |     await this.helpers.waitForNetworkIdle();
      35 |     await this.helpers.waitForStableElement(this.chatContainer);
      36 |   }
        at ChatPage.navigateToChat (/home/am/TestAlex/e2e/utils/chat-page.ts:33:21)
        at /home/am/TestAlex/e2e/tests/chat.spec.ts:9:20

    attachment #1: screenshot (image/png) ──────────────────────────────────────────────────────────
    ../test-results/tests-chat-Chat-Interface--38dfb-ay-chat-interface-correctly-chromium/test-failed-1.png
    ────────────────────────────────────────────────────────────────────────────────────────────────

    attachment #2: video (video/webm) ──────────────────────────────────────────────────────────────
    ../test-results/tests-chat-Chat-Interface--38dfb-ay-chat-interface-correctly-chromium/video.webm
    ────────────────────────────────────────────────────────────────────────────────────────────────

    Error Context: ../test-results/tests-chat-Chat-Interface--38dfb-ay-chat-interface-correctly-chromium/error-context.md
]]>
</failure>
<system-out>
<![CDATA[
[[ATTACHMENT|tests-chat-Chat-Interface--38dfb-ay-chat-interface-correctly-chromium/test-failed-1.png]]

[[ATTACHMENT|tests-chat-Chat-Interface--38dfb-ay-chat-interface-correctly-chromium/video.webm]]

[[ATTACHMENT|tests-chat-Chat-Interface--38dfb-ay-chat-interface-correctly-chromium/error-context.md]]
]]>
</system-out>
</testcase>
<testcase name="Chat Interface E2E Tests › should send and receive messages" classname="tests/chat.spec.ts" time="0.464">
<failure message="chat.spec.ts:21:7 should send and receive messages" type="FAILURE">
<![CDATA[  [chromium] › tests/chat.spec.ts:21:7 › Chat Interface E2E Tests › should send and receive messages 

    Error: page.goto: net::ERR_CONNECTION_REFUSED at http://localhost:3000/chat
    Call log:
      - navigating to "http://localhost:3000/chat", waiting until "load"


       at utils/chat-page.ts:33

      31 |    */
      32 |   async navigateToChat(): Promise<void> {
    > 33 |     await this.page.goto('/chat');
         |                     ^
      34 |     await this.helpers.waitForNetworkIdle();
      35 |     await this.helpers.waitForStableElement(this.chatContainer);
      36 |   }
        at ChatPage.navigateToChat (/home/am/TestAlex/e2e/utils/chat-page.ts:33:21)
        at /home/am/TestAlex/e2e/tests/chat.spec.ts:9:20

    attachment #1: screenshot (image/png) ──────────────────────────────────────────────────────────
    ../test-results/tests-chat-Chat-Interface--0aefe-d-send-and-receive-messages-chromium/test-failed-1.png
    ────────────────────────────────────────────────────────────────────────────────────────────────

    attachment #2: video (video/webm) ──────────────────────────────────────────────────────────────
    ../test-results/tests-chat-Chat-Interface--0aefe-d-send-and-receive-messages-chromium/video.webm
    ────────────────────────────────────────────────────────────────────────────────────────────────

    Error Context: ../test-results/tests-chat-Chat-Interface--0aefe-d-send-and-receive-messages-chromium/error-context.md
]]>
</failure>
<system-out>
<![CDATA[
[[ATTACHMENT|tests-chat-Chat-Interface--0aefe-d-send-and-receive-messages-chromium/test-failed-1.png]]

[[ATTACHMENT|tests-chat-Chat-Interface--0aefe-d-send-and-receive-messages-chromium/video.webm]]

[[ATTACHMENT|tests-chat-Chat-Interface--0aefe-d-send-and-receive-messages-chromium/error-context.md]]
]]>
</system-out>
</testcase>
<testcase name="Chat Interface E2E Tests › should validate ACIM content authenticity" classname="tests/chat.spec.ts" time="0.397">
<failure message="chat.spec.ts:31:7 should validate ACIM content authenticity" type="FAILURE">
<![CDATA[  [chromium] › tests/chat.spec.ts:31:7 › Chat Interface E2E Tests › should validate ACIM content authenticity 

    Error: page.goto: net::ERR_CONNECTION_REFUSED at http://localhost:3000/chat
    Call log:
      - navigating to "http://localhost:3000/chat", waiting until "load"


       at utils/chat-page.ts:33

      31 |    */
      32 |   async navigateToChat(): Promise<void> {
    > 33 |     await this.page.goto('/chat');
         |                     ^
      34 |     await this.helpers.waitForNetworkIdle();
      35 |     await this.helpers.waitForStableElement(this.chatContainer);
      36 |   }
        at ChatPage.navigateToChat (/home/am/TestAlex/e2e/utils/chat-page.ts:33:21)
        at /home/am/TestAlex/e2e/tests/chat.spec.ts:9:20

    attachment #1: screenshot (image/png) ──────────────────────────────────────────────────────────
    ../test-results/tests-chat-Chat-Interface--85055-e-ACIM-content-authenticity-chromium/test-failed-1.png
    ────────────────────────────────────────────────────────────────────────────────────────────────

    attachment #2: video (video/webm) ──────────────────────────────────────────────────────────────
    ../test-results/tests-chat-Chat-Interface--85055-e-ACIM-content-authenticity-chromium/video.webm
    ────────────────────────────────────────────────────────────────────────────────────────────────

    Error Context: ../test-results/tests-chat-Chat-Interface--85055-e-ACIM-content-authenticity-chromium/error-context.md
]]>
</failure>
<system-out>
<![CDATA[
[[ATTACHMENT|tests-chat-Chat-Interface--85055-e-ACIM-content-authenticity-chromium/test-failed-1.png]]

[[ATTACHMENT|tests-chat-Chat-Interface--85055-e-ACIM-content-authenticity-chromium/video.webm]]

[[ATTACHMENT|tests-chat-Chat-Interface--85055-e-ACIM-content-authenticity-chromium/error-context.md]]
]]>
</system-out>
</testcase>
<testcase name="Chat Interface E2E Tests › should handle quick actions" classname="tests/chat.spec.ts" time="0.537">
<failure message="chat.spec.ts:35:7 should handle quick actions" type="FAILURE">
<![CDATA[  [chromium] › tests/chat.spec.ts:35:7 › Chat Interface E2E Tests › should handle quick actions ────

    Error: page.goto: net::ERR_CONNECTION_REFUSED at http://localhost:3000/chat
    Call log:
      - navigating to "http://localhost:3000/chat", waiting until "load"


       at utils/chat-page.ts:33

      31 |    */
      32 |   async navigateToChat(): Promise<void> {
    > 33 |     await this.page.goto('/chat');
         |                     ^
      34 |     await this.helpers.waitForNetworkIdle();
      35 |     await this.helpers.waitForStableElement(this.chatContainer);
      36 |   }
        at ChatPage.navigateToChat (/home/am/TestAlex/e2e/utils/chat-page.ts:33:21)
        at /home/am/TestAlex/e2e/tests/chat.spec.ts:9:20

    attachment #1: screenshot (image/png) ──────────────────────────────────────────────────────────
    ../test-results/tests-chat-Chat-Interface--10929-should-handle-quick-actions-chromium/test-failed-1.png
    ────────────────────────────────────────────────────────────────────────────────────────────────

    attachment #2: video (video/webm) ──────────────────────────────────────────────────────────────
    ../test-results/tests-chat-Chat-Interface--10929-should-handle-quick-actions-chromium/video.webm
    ────────────────────────────────────────────────────────────────────────────────────────────────

    Error Context: ../test-results/tests-chat-Chat-Interface--10929-should-handle-quick-actions-chromium/error-context.md
]]>
</failure>
<system-out>
<![CDATA[
[[ATTACHMENT|tests-chat-Chat-Interface--10929-should-handle-quick-actions-chromium/test-failed-1.png]]

[[ATTACHMENT|tests-chat-Chat-Interface--10929-should-handle-quick-actions-chromium/video.webm]]

[[ATTACHMENT|tests-chat-Chat-Interface--10929-should-handle-quick-actions-chromium/error-context.md]]
]]>
</system-out>
</testcase>
<testcase name="Chat Interface E2E Tests › should handle error scenarios gracefully" classname="tests/chat.spec.ts" time="0.557">
<failure message="chat.spec.ts:39:7 should handle error scenarios gracefully" type="FAILURE">
<![CDATA[  [chromium] › tests/chat.spec.ts:39:7 › Chat Interface E2E Tests › should handle error scenarios gracefully 

    Error: page.goto: net::ERR_CONNECTION_REFUSED at http://localhost:3000/chat
    Call log:
      - navigating to "http://localhost:3000/chat", waiting until "load"


       at utils/chat-page.ts:33

      31 |    */
      32 |   async navigateToChat(): Promise<void> {
    > 33 |     await this.page.goto('/chat');
         |                     ^
      34 |     await this.helpers.waitForNetworkIdle();
      35 |     await this.helpers.waitForStableElement(this.chatContainer);
      36 |   }
        at ChatPage.navigateToChat (/home/am/TestAlex/e2e/utils/chat-page.ts:33:21)
        at /home/am/TestAlex/e2e/tests/chat.spec.ts:9:20

    attachment #1: screenshot (image/png) ──────────────────────────────────────────────────────────
    ../test-results/tests-chat-Chat-Interface--6dc72--error-scenarios-gracefully-chromium/test-failed-1.png
    ────────────────────────────────────────────────────────────────────────────────────────────────

    attachment #2: video (video/webm) ──────────────────────────────────────────────────────────────
    ../test-results/tests-chat-Chat-Interface--6dc72--error-scenarios-gracefully-chromium/video.webm
    ────────────────────────────────────────────────────────────────────────────────────────────────

    Error Context: ../test-results/tests-chat-Chat-Interface--6dc72--error-scenarios-gracefully-chromium/error-context.md
]]>
</failure>
<system-out>
<![CDATA[
[[ATTACHMENT|tests-chat-Chat-Interface--6dc72--error-scenarios-gracefully-chromium/test-failed-1.png]]

[[ATTACHMENT|tests-chat-Chat-Interface--6dc72--error-scenarios-gracefully-chromium/video.webm]]

[[ATTACHMENT|tests-chat-Chat-Interface--6dc72--error-scenarios-gracefully-chromium/error-context.md]]
]]>
</system-out>
</testcase>
<testcase name="Chat Interface E2E Tests › should be accessible via keyboard navigation" classname="tests/chat.spec.ts" time="0.535">
<failure message="chat.spec.ts:43:7 should be accessible via keyboard navigation" type="FAILURE">
<![CDATA[  [chromium] › tests/chat.spec.ts:43:7 › Chat Interface E2E Tests › should be accessible via keyboard navigation 

    Error: page.goto: net::ERR_CONNECTION_REFUSED at http://localhost:3000/chat
    Call log:
      - navigating to "http://localhost:3000/chat", waiting until "load"


       at utils/chat-page.ts:33

      31 |    */
      32 |   async navigateToChat(): Promise<void> {
    > 33 |     await this.page.goto('/chat');
         |                     ^
      34 |     await this.helpers.waitForNetworkIdle();
      35 |     await this.helpers.waitForStableElement(this.chatContainer);
      36 |   }
        at ChatPage.navigateToChat (/home/am/TestAlex/e2e/utils/chat-page.ts:33:21)
        at /home/am/TestAlex/e2e/tests/chat.spec.ts:9:20

    attachment #1: screenshot (image/png) ──────────────────────────────────────────────────────────
    ../test-results/tests-chat-Chat-Interface--09767-ble-via-keyboard-navigation-chromium/test-failed-1.png
    ────────────────────────────────────────────────────────────────────────────────────────────────

    attachment #2: video (video/webm) ──────────────────────────────────────────────────────────────
    ../test-results/tests-chat-Chat-Interface--09767-ble-via-keyboard-navigation-chromium/video.webm
    ────────────────────────────────────────────────────────────────────────────────────────────────

    Error Context: ../test-results/tests-chat-Chat-Interface--09767-ble-via-keyboard-navigation-chromium/error-context.md
]]>
</failure>
<system-out>
<![CDATA[
[[ATTACHMENT|tests-chat-Chat-Interface--09767-ble-via-keyboard-navigation-chromium/test-failed-1.png]]

[[ATTACHMENT|tests-chat-Chat-Interface--09767-ble-via-keyboard-navigation-chromium/video.webm]]

[[ATTACHMENT|tests-chat-Chat-Interface--09767-ble-via-keyboard-navigation-chromium/error-context.md]]
]]>
</system-out>
</testcase>
<testcase name="Chat Interface E2E Tests › should perform well under load" classname="tests/chat.spec.ts" time="0.4">
<failure message="chat.spec.ts:47:7 should perform well under load" type="FAILURE">
<![CDATA[  [chromium] › tests/chat.spec.ts:47:7 › Chat Interface E2E Tests › should perform well under load ─

    Error: page.goto: net::ERR_CONNECTION_REFUSED at http://localhost:3000/chat
    Call log:
      - navigating to "http://localhost:3000/chat", waiting until "load"


       at utils/chat-page.ts:33

      31 |    */
      32 |   async navigateToChat(): Promise<void> {
    > 33 |     await this.page.goto('/chat');
         |                     ^
      34 |     await this.helpers.waitForNetworkIdle();
      35 |     await this.helpers.waitForStableElement(this.chatContainer);
      36 |   }
        at ChatPage.navigateToChat (/home/am/TestAlex/e2e/utils/chat-page.ts:33:21)
        at /home/am/TestAlex/e2e/tests/chat.spec.ts:9:20

    attachment #1: screenshot (image/png) ──────────────────────────────────────────────────────────
    ../test-results/tests-chat-Chat-Interface--edce9-uld-perform-well-under-load-chromium/test-failed-1.png
    ────────────────────────────────────────────────────────────────────────────────────────────────

    attachment #2: video (video/webm) ──────────────────────────────────────────────────────────────
    ../test-results/tests-chat-Chat-Interface--edce9-uld-perform-well-under-load-chromium/video.webm
    ────────────────────────────────────────────────────────────────────────────────────────────────

    Error Context: ../test-results/tests-chat-Chat-Interface--edce9-uld-perform-well-under-load-chromium/error-context.md
]]>
</failure>
<system-out>
<![CDATA[
[[ATTACHMENT|tests-chat-Chat-Interface--edce9-uld-perform-well-under-load-chromium/test-failed-1.png]]

[[ATTACHMENT|tests-chat-Chat-Interface--edce9-uld-perform-well-under-load-chromium/video.webm]]

[[ATTACHMENT|tests-chat-Chat-Interface--edce9-uld-perform-well-under-load-chromium/error-context.md]]
]]>
</system-out>
</testcase>
<testcase name="Chat Interface E2E Tests › should work correctly on mobile devices" classname="tests/chat.spec.ts" time="0.437">
<failure message="chat.spec.ts:51:7 should work correctly on mobile devices" type="FAILURE">
<![CDATA[  [chromium] › tests/chat.spec.ts:51:7 › Chat Interface E2E Tests › should work correctly on mobile devices 

    Error: page.goto: net::ERR_CONNECTION_REFUSED at http://localhost:3000/chat
    Call log:
      - navigating to "http://localhost:3000/chat", waiting until "load"


       at utils/chat-page.ts:33

      31 |    */
      32 |   async navigateToChat(): Promise<void> {
    > 33 |     await this.page.goto('/chat');
         |                     ^
      34 |     await this.helpers.waitForNetworkIdle();
      35 |     await this.helpers.waitForStableElement(this.chatContainer);
      36 |   }
        at ChatPage.navigateToChat (/home/am/TestAlex/e2e/utils/chat-page.ts:33:21)
        at /home/am/TestAlex/e2e/tests/chat.spec.ts:9:20

    attachment #1: screenshot (image/png) ──────────────────────────────────────────────────────────
    ../test-results/tests-chat-Chat-Interface--d21c0-correctly-on-mobile-devices-chromium/test-failed-1.png
    ────────────────────────────────────────────────────────────────────────────────────────────────

    attachment #2: video (video/webm) ──────────────────────────────────────────────────────────────
    ../test-results/tests-chat-Chat-Interface--d21c0-correctly-on-mobile-devices-chromium/video.webm
    ────────────────────────────────────────────────────────────────────────────────────────────────

    Error Context: ../test-results/tests-chat-Chat-Interface--d21c0-correctly-on-mobile-devices-chromium/error-context.md
]]>
</failure>
<system-out>
<![CDATA[
[[ATTACHMENT|tests-chat-Chat-Interface--d21c0-correctly-on-mobile-devices-chromium/test-failed-1.png]]

[[ATTACHMENT|tests-chat-Chat-Interface--d21c0-correctly-on-mobile-devices-chromium/video.webm]]

[[ATTACHMENT|tests-chat-Chat-Interface--d21c0-correctly-on-mobile-devices-chromium/error-context.md]]
]]>
</system-out>
</testcase>
<testcase name="Chat Interface E2E Tests › should allow clearing chat history" classname="tests/chat.spec.ts" time="0.487">
<failure message="chat.spec.ts:55:7 should allow clearing chat history" type="FAILURE">
<![CDATA[  [chromium] › tests/chat.spec.ts:55:7 › Chat Interface E2E Tests › should allow clearing chat history 

    Error: page.goto: net::ERR_CONNECTION_REFUSED at http://localhost:3000/chat
    Call log:
      - navigating to "http://localhost:3000/chat", waiting until "load"


       at utils/chat-page.ts:33

      31 |    */
      32 |   async navigateToChat(): Promise<void> {
    > 33 |     await this.page.goto('/chat');
         |                     ^
      34 |     await this.helpers.waitForNetworkIdle();
      35 |     await this.helpers.waitForStableElement(this.chatContainer);
      36 |   }
        at ChatPage.navigateToChat (/home/am/TestAlex/e2e/utils/chat-page.ts:33:21)
        at /home/am/TestAlex/e2e/tests/chat.spec.ts:9:20

    attachment #1: screenshot (image/png) ──────────────────────────────────────────────────────────
    ../test-results/tests-chat-Chat-Interface--d2347-allow-clearing-chat-history-chromium/test-failed-1.png
    ────────────────────────────────────────────────────────────────────────────────────────────────

    attachment #2: video (video/webm) ──────────────────────────────────────────────────────────────
    ../test-results/tests-chat-Chat-Interface--d2347-allow-clearing-chat-history-chromium/video.webm
    ────────────────────────────────────────────────────────────────────────────────────────────────

    Error Context: ../test-results/tests-chat-Chat-Interface--d2347-allow-clearing-chat-history-chromium/error-context.md
]]>
</failure>
<system-out>
<![CDATA[
[[ATTACHMENT|tests-chat-Chat-Interface--d2347-allow-clearing-chat-history-chromium/test-failed-1.png]]

[[ATTACHMENT|tests-chat-Chat-Interface--d2347-allow-clearing-chat-history-chromium/video.webm]]

[[ATTACHMENT|tests-chat-Chat-Interface--d2347-allow-clearing-chat-history-chromium/error-context.md]]
]]>
</system-out>
</testcase>
<testcase name="Chat Interface E2E Tests › should handle special ACIM queries" classname="tests/chat.spec.ts" time="0.455">
<failure message="chat.spec.ts:64:7 should handle special ACIM queries" type="FAILURE">
<![CDATA[  [chromium] › tests/chat.spec.ts:64:7 › Chat Interface E2E Tests › should handle special ACIM queries 

    Error: page.goto: net::ERR_CONNECTION_REFUSED at http://localhost:3000/chat
    Call log:
      - navigating to "http://localhost:3000/chat", waiting until "load"


       at utils/chat-page.ts:33

      31 |    */
      32 |   async navigateToChat(): Promise<void> {
    > 33 |     await this.page.goto('/chat');
         |                     ^
      34 |     await this.helpers.waitForNetworkIdle();
      35 |     await this.helpers.waitForStableElement(this.chatContainer);
      36 |   }
        at ChatPage.navigateToChat (/home/am/TestAlex/e2e/utils/chat-page.ts:33:21)
        at /home/am/TestAlex/e2e/tests/chat.spec.ts:9:20

    attachment #1: screenshot (image/png) ──────────────────────────────────────────────────────────
    ../test-results/tests-chat-Chat-Interface--11978-handle-special-ACIM-queries-chromium/test-failed-1.png
    ────────────────────────────────────────────────────────────────────────────────────────────────

    attachment #2: video (video/webm) ──────────────────────────────────────────────────────────────
    ../test-results/tests-chat-Chat-Interface--11978-handle-special-ACIM-queries-chromium/video.webm
    ────────────────────────────────────────────────────────────────────────────────────────────────

    Error Context: ../test-results/tests-chat-Chat-Interface--11978-handle-special-ACIM-queries-chromium/error-context.md
]]>
</failure>
<system-out>
<![CDATA[
[[ATTACHMENT|tests-chat-Chat-Interface--11978-handle-special-ACIM-queries-chromium/test-failed-1.png]]

[[ATTACHMENT|tests-chat-Chat-Interface--11978-handle-special-ACIM-queries-chromium/video.webm]]

[[ATTACHMENT|tests-chat-Chat-Interface--11978-handle-special-ACIM-queries-chromium/error-context.md]]
]]>
</system-out>
</testcase>
<testcase name="Chat Interface E2E Tests › should maintain conversation context" classname="tests/chat.spec.ts" time="0.376">
<failure message="chat.spec.ts:87:7 should maintain conversation context" type="FAILURE">
<![CDATA[  [chromium] › tests/chat.spec.ts:87:7 › Chat Interface E2E Tests › should maintain conversation context 

    Error: page.goto: net::ERR_CONNECTION_REFUSED at http://localhost:3000/chat
    Call log:
      - navigating to "http://localhost:3000/chat", waiting until "load"


       at utils/chat-page.ts:33

      31 |    */
      32 |   async navigateToChat(): Promise<void> {
    > 33 |     await this.page.goto('/chat');
         |                     ^
      34 |     await this.helpers.waitForNetworkIdle();
      35 |     await this.helpers.waitForStableElement(this.chatContainer);
      36 |   }
        at ChatPage.navigateToChat (/home/am/TestAlex/e2e/utils/chat-page.ts:33:21)
        at /home/am/TestAlex/e2e/tests/chat.spec.ts:9:20

    attachment #1: screenshot (image/png) ──────────────────────────────────────────────────────────
    ../test-results/tests-chat-Chat-Interface--cf44b-intain-conversation-context-chromium/test-failed-1.png
    ────────────────────────────────────────────────────────────────────────────────────────────────

    attachment #2: video (video/webm) ──────────────────────────────────────────────────────────────
    ../test-results/tests-chat-Chat-Interface--cf44b-intain-conversation-context-chromium/video.webm
    ────────────────────────────────────────────────────────────────────────────────────────────────

    Error Context: ../test-results/tests-chat-Chat-Interface--cf44b-intain-conversation-context-chromium/error-context.md
]]>
</failure>
<system-out>
<![CDATA[
[[ATTACHMENT|tests-chat-Chat-Interface--cf44b-intain-conversation-context-chromium/test-failed-1.png]]

[[ATTACHMENT|tests-chat-Chat-Interface--cf44b-intain-conversation-context-chromium/video.webm]]

[[ATTACHMENT|tests-chat-Chat-Interface--cf44b-intain-conversation-context-chromium/error-context.md]]
]]>
</system-out>
</testcase>
<testcase name="Chat Interface E2E Tests › should handle long conversations" classname="tests/chat.spec.ts" time="0.494">
<failure message="chat.spec.ts:101:7 should handle long conversations" type="FAILURE">
<![CDATA[  [chromium] › tests/chat.spec.ts:101:7 › Chat Interface E2E Tests › should handle long conversations 

    Error: page.goto: net::ERR_CONNECTION_REFUSED at http://localhost:3000/chat
    Call log:
      - navigating to "http://localhost:3000/chat", waiting until "load"


       at utils/chat-page.ts:33

      31 |    */
      32 |   async navigateToChat(): Promise<void> {
    > 33 |     await this.page.goto('/chat');
         |                     ^
      34 |     await this.helpers.waitForNetworkIdle();
      35 |     await this.helpers.waitForStableElement(this.chatContainer);
      36 |   }
        at ChatPage.navigateToChat (/home/am/TestAlex/e2e/utils/chat-page.ts:33:21)
        at /home/am/TestAlex/e2e/tests/chat.spec.ts:9:20

    attachment #1: screenshot (image/png) ──────────────────────────────────────────────────────────
    ../test-results/tests-chat-Chat-Interface--8ba00-d-handle-long-conversations-chromium/test-failed-1.png
    ────────────────────────────────────────────────────────────────────────────────────────────────

    attachment #2: video (video/webm) ──────────────────────────────────────────────────────────────
    ../test-results/tests-chat-Chat-Interface--8ba00-d-handle-long-conversations-chromium/video.webm
    ────────────────────────────────────────────────────────────────────────────────────────────────

    Error Context: ../test-results/tests-chat-Chat-Interface--8ba00-d-handle-long-conversations-chromium/error-context.md
]]>
</failure>
<system-out>
<![CDATA[
[[ATTACHMENT|tests-chat-Chat-Interface--8ba00-d-handle-long-conversations-chromium/test-failed-1.png]]

[[ATTACHMENT|tests-chat-Chat-Interface--8ba00-d-handle-long-conversations-chromium/video.webm]]

[[ATTACHMENT|tests-chat-Chat-Interface--8ba00-d-handle-long-conversations-chromium/error-context.md]]
]]>
</system-out>
</testcase>
<testcase name="Chat Interface E2E Tests › should handle network interruptions gracefully" classname="tests/chat.spec.ts" time="0.44">
<failure message="chat.spec.ts:121:7 should handle network interruptions gracefully" type="FAILURE">
<![CDATA[  [chromium] › tests/chat.spec.ts:121:7 › Chat Interface E2E Tests › should handle network interruptions gracefully 

    Error: page.goto: net::ERR_CONNECTION_REFUSED at http://localhost:3000/chat
    Call log:
      - navigating to "http://localhost:3000/chat", waiting until "load"


       at utils/chat-page.ts:33

      31 |    */
      32 |   async navigateToChat(): Promise<void> {
    > 33 |     await this.page.goto('/chat');
         |                     ^
      34 |     await this.helpers.waitForNetworkIdle();
      35 |     await this.helpers.waitForStableElement(this.chatContainer);
      36 |   }
        at ChatPage.navigateToChat (/home/am/TestAlex/e2e/utils/chat-page.ts:33:21)
        at /home/am/TestAlex/e2e/tests/chat.spec.ts:9:20

    attachment #1: screenshot (image/png) ──────────────────────────────────────────────────────────
    ../test-results/tests-chat-Chat-Interface--3918c-rk-interruptions-gracefully-chromium/test-failed-1.png
    ────────────────────────────────────────────────────────────────────────────────────────────────

    attachment #2: video (video/webm) ──────────────────────────────────────────────────────────────
    ../test-results/tests-chat-Chat-Interface--3918c-rk-interruptions-gracefully-chromium/video.webm
    ────────────────────────────────────────────────────────────────────────────────────────────────

    Error Context: ../test-results/tests-chat-Chat-Interface--3918c-rk-interruptions-gracefully-chromium/error-context.md
]]>
</failure>
<system-out>
<![CDATA[
[[ATTACHMENT|tests-chat-Chat-Interface--3918c-rk-interruptions-gracefully-chromium/test-failed-1.png]]

[[ATTACHMENT|tests-chat-Chat-Interface--3918c-rk-interruptions-gracefully-chromium/video.webm]]

[[ATTACHMENT|tests-chat-Chat-Interface--3918c-rk-interruptions-gracefully-chromium/error-context.md]]
]]>
</system-out>
</testcase>
</testsuite>
<testsuite name="tests/purchase.spec.ts" timestamp="2025-08-14T13:39:24.147Z" hostname="chromium" tests="16" failures="16" skipped="0" time="12.564" errors="0">
<testcase name="Course Purchase E2E Tests › should display pricing information correctly" classname="tests/purchase.spec.ts" time="0.482">
<failure message="purchase.spec.ts:11:7 should display pricing information correctly" type="FAILURE">
<![CDATA[  [chromium] › tests/purchase.spec.ts:11:7 › Course Purchase E2E Tests › should display pricing information correctly 

    Error: page.goto: net::ERR_CONNECTION_REFUSED at http://localhost:3000/purchase
    Call log:
      - navigating to "http://localhost:3000/purchase", waiting until "load"


       at utils/purchase-page.ts:45

      43 |    */
      44 |   async navigateToPurchase(): Promise<void> {
    > 45 |     await this.page.goto('/purchase');
         |                     ^
      46 |     await this.helpers.waitForNetworkIdle();
      47 |     await this.helpers.waitForStableElement(this.pricingSection);
      48 |   }
        at PurchasePage.navigateToPurchase (/home/am/TestAlex/e2e/utils/purchase-page.ts:45:21)
        at /home/am/TestAlex/e2e/tests/purchase.spec.ts:12:24

    attachment #1: screenshot (image/png) ──────────────────────────────────────────────────────────
    ../test-results/tests-purchase-Course-Purc-5895d-icing-information-correctly-chromium/test-failed-1.png
    ────────────────────────────────────────────────────────────────────────────────────────────────

    attachment #2: video (video/webm) ──────────────────────────────────────────────────────────────
    ../test-results/tests-purchase-Course-Purc-5895d-icing-information-correctly-chromium/video.webm
    ────────────────────────────────────────────────────────────────────────────────────────────────

    Error Context: ../test-results/tests-purchase-Course-Purc-5895d-icing-information-correctly-chromium/error-context.md
]]>
</failure>
<system-out>
<![CDATA[
[[ATTACHMENT|tests-purchase-Course-Purc-5895d-icing-information-correctly-chromium/test-failed-1.png]]

[[ATTACHMENT|tests-purchase-Course-Purc-5895d-icing-information-correctly-chromium/video.webm]]

[[ATTACHMENT|tests-purchase-Course-Purc-5895d-icing-information-correctly-chromium/error-context.md]]
]]>
</system-out>
</testcase>
<testcase name="Course Purchase E2E Tests › should handle valid purchase flow" classname="tests/purchase.spec.ts" time="0.388">
<failure message="purchase.spec.ts:16:7 should handle valid purchase flow" type="FAILURE">
<![CDATA[  [chromium] › tests/purchase.spec.ts:16:7 › Course Purchase E2E Tests › should handle valid purchase flow 

    Error: page.goto: net::ERR_CONNECTION_REFUSED at http://localhost:3000/purchase
    Call log:
      - navigating to "http://localhost:3000/purchase", waiting until "load"


       at utils/purchase-page.ts:45

      43 |    */
      44 |   async navigateToPurchase(): Promise<void> {
    > 45 |     await this.page.goto('/purchase');
         |                     ^
      46 |     await this.helpers.waitForNetworkIdle();
      47 |     await this.helpers.waitForStableElement(this.pricingSection);
      48 |   }
        at PurchasePage.navigateToPurchase (/home/am/TestAlex/e2e/utils/purchase-page.ts:45:21)
        at /home/am/TestAlex/e2e/tests/purchase.spec.ts:22:24

    attachment #1: screenshot (image/png) ──────────────────────────────────────────────────────────
    ../test-results/tests-purchase-Course-Purc-3408f--handle-valid-purchase-flow-chromium/test-failed-1.png
    ────────────────────────────────────────────────────────────────────────────────────────────────

    attachment #2: video (video/webm) ──────────────────────────────────────────────────────────────
    ../test-results/tests-purchase-Course-Purc-3408f--handle-valid-purchase-flow-chromium/video.webm
    ────────────────────────────────────────────────────────────────────────────────────────────────

    Error Context: ../test-results/tests-purchase-Course-Purc-3408f--handle-valid-purchase-flow-chromium/error-context.md
]]>
</failure>
<system-out>
<![CDATA[
[[ATTACHMENT|tests-purchase-Course-Purc-3408f--handle-valid-purchase-flow-chromium/test-failed-1.png]]

[[ATTACHMENT|tests-purchase-Course-Purc-3408f--handle-valid-purchase-flow-chromium/video.webm]]

[[ATTACHMENT|tests-purchase-Course-Purc-3408f--handle-valid-purchase-flow-chromium/error-context.md]]
]]>
</system-out>
</testcase>
<testcase name="Course Purchase E2E Tests › should handle invalid payment details" classname="tests/purchase.spec.ts" time="0.522">
<failure message="purchase.spec.ts:26:7 should handle invalid payment details" type="FAILURE">
<![CDATA[  [chromium] › tests/purchase.spec.ts:26:7 › Course Purchase E2E Tests › should handle invalid payment details 

    Error: page.goto: net::ERR_CONNECTION_REFUSED at http://localhost:3000/purchase
    Call log:
      - navigating to "http://localhost:3000/purchase", waiting until "load"


       at utils/purchase-page.ts:45

      43 |    */
      44 |   async navigateToPurchase(): Promise<void> {
    > 45 |     await this.page.goto('/purchase');
         |                     ^
      46 |     await this.helpers.waitForNetworkIdle();
      47 |     await this.helpers.waitForStableElement(this.pricingSection);
      48 |   }
        at PurchasePage.navigateToPurchase (/home/am/TestAlex/e2e/utils/purchase-page.ts:45:21)
        at /home/am/TestAlex/e2e/tests/purchase.spec.ts:27:24

    attachment #1: screenshot (image/png) ──────────────────────────────────────────────────────────
    ../test-results/tests-purchase-Course-Purc-09abf-dle-invalid-payment-details-chromium/test-failed-1.png
    ────────────────────────────────────────────────────────────────────────────────────────────────

    attachment #2: video (video/webm) ──────────────────────────────────────────────────────────────
    ../test-results/tests-purchase-Course-Purc-09abf-dle-invalid-payment-details-chromium/video.webm
    ────────────────────────────────────────────────────────────────────────────────────────────────

    Error Context: ../test-results/tests-purchase-Course-Purc-09abf-dle-invalid-payment-details-chromium/error-context.md
]]>
</failure>
<system-out>
<![CDATA[
[[ATTACHMENT|tests-purchase-Course-Purc-09abf-dle-invalid-payment-details-chromium/test-failed-1.png]]

[[ATTACHMENT|tests-purchase-Course-Purc-09abf-dle-invalid-payment-details-chromium/video.webm]]

[[ATTACHMENT|tests-purchase-Course-Purc-09abf-dle-invalid-payment-details-chromium/error-context.md]]
]]>
</system-out>
</testcase>
<testcase name="Course Purchase E2E Tests › should show security features" classname="tests/purchase.spec.ts" time="0.446">
<failure message="purchase.spec.ts:31:7 should show security features" type="FAILURE">
<![CDATA[  [chromium] › tests/purchase.spec.ts:31:7 › Course Purchase E2E Tests › should show security features 

    Error: page.goto: net::ERR_CONNECTION_REFUSED at http://localhost:3000/purchase
    Call log:
      - navigating to "http://localhost:3000/purchase", waiting until "load"


       at utils/purchase-page.ts:45

      43 |    */
      44 |   async navigateToPurchase(): Promise<void> {
    > 45 |     await this.page.goto('/purchase');
         |                     ^
      46 |     await this.helpers.waitForNetworkIdle();
      47 |     await this.helpers.waitForStableElement(this.pricingSection);
      48 |   }
        at PurchasePage.navigateToPurchase (/home/am/TestAlex/e2e/utils/purchase-page.ts:45:21)
        at PurchasePage.testSecurityFeatures (/home/am/TestAlex/e2e/utils/purchase-page.ts:235:16)
        at /home/am/TestAlex/e2e/tests/purchase.spec.ts:32:24

    attachment #1: screenshot (image/png) ──────────────────────────────────────────────────────────
    ../test-results/tests-purchase-Course-Purc-dcedb-ould-show-security-features-chromium/test-failed-1.png
    ────────────────────────────────────────────────────────────────────────────────────────────────

    attachment #2: video (video/webm) ──────────────────────────────────────────────────────────────
    ../test-results/tests-purchase-Course-Purc-dcedb-ould-show-security-features-chromium/video.webm
    ────────────────────────────────────────────────────────────────────────────────────────────────

    Error Context: ../test-results/tests-purchase-Course-Purc-dcedb-ould-show-security-features-chromium/error-context.md
]]>
</failure>
<system-out>
<![CDATA[
[[ATTACHMENT|tests-purchase-Course-Purc-dcedb-ould-show-security-features-chromium/test-failed-1.png]]

[[ATTACHMENT|tests-purchase-Course-Purc-dcedb-ould-show-security-features-chromium/video.webm]]

[[ATTACHMENT|tests-purchase-Course-Purc-dcedb-ould-show-security-features-chromium/error-context.md]]
]]>
</system-out>
</testcase>
<testcase name="Course Purchase E2E Tests › should work on mobile devices" classname="tests/purchase.spec.ts" time="6.267">
<failure message="purchase.spec.ts:35:7 should work on mobile devices" type="FAILURE">
<![CDATA[  [chromium] › tests/purchase.spec.ts:35:7 › Course Purchase E2E Tests › should work on mobile devices 

    Error: Timed out 5000ms waiting for expect(locator).toBeVisible()

    Locator: locator('[data-testid="pricing"], .pricing-section, .price-display')
    Expected: visible
    Received: <element(s) not found>
    Call log:
      - Expect "toBeVisible" with timeout 5000ms
      - waiting for locator('[data-testid="pricing"], .pricing-section, .price-display')


       at utils/purchase-page.ts:260

      258 |     
      259 |     // All purchase elements should be visible and accessible on mobile
    > 260 |     await expect(this.pricingSection).toBeVisible();
          |                                       ^
      261 |     await expect(this.buyButton).toBeVisible();
      262 |     
      263 |     // Initiate purchase flow on mobile
        at PurchasePage.testMobilePurchaseFlow (/home/am/TestAlex/e2e/utils/purchase-page.ts:260:39)
        at /home/am/TestAlex/e2e/tests/purchase.spec.ts:36:5

    attachment #1: screenshot (image/png) ──────────────────────────────────────────────────────────
    ../test-results/tests-purchase-Course-Purc-9df7b-ould-work-on-mobile-devices-chromium/test-failed-1.png
    ────────────────────────────────────────────────────────────────────────────────────────────────

    attachment #2: video (video/webm) ──────────────────────────────────────────────────────────────
    ../test-results/tests-purchase-Course-Purc-9df7b-ould-work-on-mobile-devices-chromium/video.webm
    ────────────────────────────────────────────────────────────────────────────────────────────────
]]>
</failure>
<system-out>
<![CDATA[
[[ATTACHMENT|tests-purchase-Course-Purc-9df7b-ould-work-on-mobile-devices-chromium/test-failed-1.png]]

[[ATTACHMENT|tests-purchase-Course-Purc-9df7b-ould-work-on-mobile-devices-chromium/video.webm]]
]]>
</system-out>
</testcase>
<testcase name="Course Purchase E2E Tests › should load purchase page quickly" classname="tests/purchase.spec.ts" time="0.382">
<failure message="purchase.spec.ts:39:7 should load purchase page quickly" type="FAILURE">
<![CDATA[  [chromium] › tests/purchase.spec.ts:39:7 › Course Purchase E2E Tests › should load purchase page quickly 

    Error: page.goto: net::ERR_CONNECTION_REFUSED at http://localhost:3000/purchase
    Call log:
      - navigating to "http://localhost:3000/purchase", waiting until "load"


       at utils/purchase-page.ts:45

      43 |    */
      44 |   async navigateToPurchase(): Promise<void> {
    > 45 |     await this.page.goto('/purchase');
         |                     ^
      46 |     await this.helpers.waitForNetworkIdle();
      47 |     await this.helpers.waitForStableElement(this.pricingSection);
      48 |   }
        at PurchasePage.navigateToPurchase (/home/am/TestAlex/e2e/utils/purchase-page.ts:45:21)
        at PurchasePage.testPurchasePerformance (/home/am/TestAlex/e2e/utils/purchase-page.ts:278:16)
        at /home/am/TestAlex/e2e/tests/purchase.spec.ts:40:24

    attachment #1: screenshot (image/png) ──────────────────────────────────────────────────────────
    ../test-results/tests-purchase-Course-Purc-a6a2c--load-purchase-page-quickly-chromium/test-failed-1.png
    ────────────────────────────────────────────────────────────────────────────────────────────────

    attachment #2: video (video/webm) ──────────────────────────────────────────────────────────────
    ../test-results/tests-purchase-Course-Purc-a6a2c--load-purchase-page-quickly-chromium/video.webm
    ────────────────────────────────────────────────────────────────────────────────────────────────

    Error Context: ../test-results/tests-purchase-Course-Purc-a6a2c--load-purchase-page-quickly-chromium/error-context.md
]]>
</failure>
<system-out>
<![CDATA[
[[ATTACHMENT|tests-purchase-Course-Purc-a6a2c--load-purchase-page-quickly-chromium/test-failed-1.png]]

[[ATTACHMENT|tests-purchase-Course-Purc-a6a2c--load-purchase-page-quickly-chromium/video.webm]]

[[ATTACHMENT|tests-purchase-Course-Purc-a6a2c--load-purchase-page-quickly-chromium/error-context.md]]
]]>
</system-out>
</testcase>
<testcase name="Course Purchase E2E Tests › should be accessible" classname="tests/purchase.spec.ts" time="0.393">
<failure message="purchase.spec.ts:43:7 should be accessible" type="FAILURE">
<![CDATA[  [chromium] › tests/purchase.spec.ts:43:7 › Course Purchase E2E Tests › should be accessible ──────

    Error: page.goto: net::ERR_CONNECTION_REFUSED at http://localhost:3000/purchase
    Call log:
      - navigating to "http://localhost:3000/purchase", waiting until "load"


       at utils/purchase-page.ts:45

      43 |    */
      44 |   async navigateToPurchase(): Promise<void> {
    > 45 |     await this.page.goto('/purchase');
         |                     ^
      46 |     await this.helpers.waitForNetworkIdle();
      47 |     await this.helpers.waitForStableElement(this.pricingSection);
      48 |   }
        at PurchasePage.navigateToPurchase (/home/am/TestAlex/e2e/utils/purchase-page.ts:45:21)
        at PurchasePage.testPurchaseAccessibility (/home/am/TestAlex/e2e/utils/purchase-page.ts:301:16)
        at /home/am/TestAlex/e2e/tests/purchase.spec.ts:44:24

    attachment #1: screenshot (image/png) ──────────────────────────────────────────────────────────
    ../test-results/tests-purchase-Course-Purc-57494--Tests-should-be-accessible-chromium/test-failed-1.png
    ────────────────────────────────────────────────────────────────────────────────────────────────

    attachment #2: video (video/webm) ──────────────────────────────────────────────────────────────
    ../test-results/tests-purchase-Course-Purc-57494--Tests-should-be-accessible-chromium/video.webm
    ────────────────────────────────────────────────────────────────────────────────────────────────

    Error Context: ../test-results/tests-purchase-Course-Purc-57494--Tests-should-be-accessible-chromium/error-context.md
]]>
</failure>
<system-out>
<![CDATA[
[[ATTACHMENT|tests-purchase-Course-Purc-57494--Tests-should-be-accessible-chromium/test-failed-1.png]]

[[ATTACHMENT|tests-purchase-Course-Purc-57494--Tests-should-be-accessible-chromium/video.webm]]

[[ATTACHMENT|tests-purchase-Course-Purc-57494--Tests-should-be-accessible-chromium/error-context.md]]
]]>
</system-out>
</testcase>
<testcase name="Course Purchase E2E Tests › should support different pricing tiers" classname="tests/purchase.spec.ts" time="0.418">
<failure message="purchase.spec.ts:47:7 should support different pricing tiers" type="FAILURE">
<![CDATA[  [chromium] › tests/purchase.spec.ts:47:7 › Course Purchase E2E Tests › should support different pricing tiers 

    Error: page.goto: net::ERR_CONNECTION_REFUSED at http://localhost:3000/purchase
    Call log:
      - navigating to "http://localhost:3000/purchase", waiting until "load"


       at utils/purchase-page.ts:45

      43 |    */
      44 |   async navigateToPurchase(): Promise<void> {
    > 45 |     await this.page.goto('/purchase');
         |                     ^
      46 |     await this.helpers.waitForNetworkIdle();
      47 |     await this.helpers.waitForStableElement(this.pricingSection);
      48 |   }
        at PurchasePage.navigateToPurchase (/home/am/TestAlex/e2e/utils/purchase-page.ts:45:21)
        at /home/am/TestAlex/e2e/tests/purchase.spec.ts:48:24

    attachment #1: screenshot (image/png) ──────────────────────────────────────────────────────────
    ../test-results/tests-purchase-Course-Purc-f3276-ort-different-pricing-tiers-chromium/test-failed-1.png
    ────────────────────────────────────────────────────────────────────────────────────────────────

    attachment #2: video (video/webm) ──────────────────────────────────────────────────────────────
    ../test-results/tests-purchase-Course-Purc-f3276-ort-different-pricing-tiers-chromium/video.webm
    ────────────────────────────────────────────────────────────────────────────────────────────────

    Error Context: ../test-results/tests-purchase-Course-Purc-f3276-ort-different-pricing-tiers-chromium/error-context.md
]]>
</failure>
<system-out>
<![CDATA[
[[ATTACHMENT|tests-purchase-Course-Purc-f3276-ort-different-pricing-tiers-chromium/test-failed-1.png]]

[[ATTACHMENT|tests-purchase-Course-Purc-f3276-ort-different-pricing-tiers-chromium/video.webm]]

[[ATTACHMENT|tests-purchase-Course-Purc-f3276-ort-different-pricing-tiers-chromium/error-context.md]]
]]>
</system-out>
</testcase>
<testcase name="Course Purchase E2E Tests › should allow purchase cancellation" classname="tests/purchase.spec.ts" time="0.374">
<failure message="purchase.spec.ts:52:7 should allow purchase cancellation" type="FAILURE">
<![CDATA[  [chromium] › tests/purchase.spec.ts:52:7 › Course Purchase E2E Tests › should allow purchase cancellation 

    Error: page.goto: net::ERR_CONNECTION_REFUSED at http://localhost:3000/purchase
    Call log:
      - navigating to "http://localhost:3000/purchase", waiting until "load"


       at utils/purchase-page.ts:45

      43 |    */
      44 |   async navigateToPurchase(): Promise<void> {
    > 45 |     await this.page.goto('/purchase');
         |                     ^
      46 |     await this.helpers.waitForNetworkIdle();
      47 |     await this.helpers.waitForStableElement(this.pricingSection);
      48 |   }
        at PurchasePage.navigateToPurchase (/home/am/TestAlex/e2e/utils/purchase-page.ts:45:21)
        at /home/am/TestAlex/e2e/tests/purchase.spec.ts:53:24

    attachment #1: screenshot (image/png) ──────────────────────────────────────────────────────────
    ../test-results/tests-purchase-Course-Purc-99785-allow-purchase-cancellation-chromium/test-failed-1.png
    ────────────────────────────────────────────────────────────────────────────────────────────────

    attachment #2: video (video/webm) ──────────────────────────────────────────────────────────────
    ../test-results/tests-purchase-Course-Purc-99785-allow-purchase-cancellation-chromium/video.webm
    ────────────────────────────────────────────────────────────────────────────────────────────────

    Error Context: ../test-results/tests-purchase-Course-Purc-99785-allow-purchase-cancellation-chromium/error-context.md
]]>
</failure>
<system-out>
<![CDATA[
[[ATTACHMENT|tests-purchase-Course-Purc-99785-allow-purchase-cancellation-chromium/test-failed-1.png]]

[[ATTACHMENT|tests-purchase-Course-Purc-99785-allow-purchase-cancellation-chromium/video.webm]]

[[ATTACHMENT|tests-purchase-Course-Purc-99785-allow-purchase-cancellation-chromium/error-context.md]]
]]>
</system-out>
</testcase>
<testcase name="Course Purchase E2E Tests › should initiate purchase from course page" classname="tests/purchase.spec.ts" time="0.398">
<failure message="purchase.spec.ts:57:7 should initiate purchase from course page" type="FAILURE">
<![CDATA[  [chromium] › tests/purchase.spec.ts:57:7 › Course Purchase E2E Tests › should initiate purchase from course page 

    Error: page.goto: net::ERR_CONNECTION_REFUSED at http://localhost:3000/courses
    Call log:
      - navigating to "http://localhost:3000/courses", waiting until "load"


       at utils/purchase-page.ts:54

      52 |    */
      53 |   async navigateToCourseAndPurchase(): Promise<void> {
    > 54 |     await this.page.goto('/courses');
         |                     ^
      55 |     await this.helpers.waitForNetworkIdle();
      56 |     
      57 |     // Find and click on the first available course
        at PurchasePage.navigateToCourseAndPurchase (/home/am/TestAlex/e2e/utils/purchase-page.ts:54:21)
        at /home/am/TestAlex/e2e/tests/purchase.spec.ts:58:24

    attachment #1: screenshot (image/png) ──────────────────────────────────────────────────────────
    ../test-results/tests-purchase-Course-Purc-e1b34-e-purchase-from-course-page-chromium/test-failed-1.png
    ────────────────────────────────────────────────────────────────────────────────────────────────

    attachment #2: video (video/webm) ──────────────────────────────────────────────────────────────
    ../test-results/tests-purchase-Course-Purc-e1b34-e-purchase-from-course-page-chromium/video.webm
    ────────────────────────────────────────────────────────────────────────────────────────────────

    Error Context: ../test-results/tests-purchase-Course-Purc-e1b34-e-purchase-from-course-page-chromium/error-context.md
]]>
</failure>
<system-out>
<![CDATA[
[[ATTACHMENT|tests-purchase-Course-Purc-e1b34-e-purchase-from-course-page-chromium/test-failed-1.png]]

[[ATTACHMENT|tests-purchase-Course-Purc-e1b34-e-purchase-from-course-page-chromium/video.webm]]

[[ATTACHMENT|tests-purchase-Course-Purc-e1b34-e-purchase-from-course-page-chromium/error-context.md]]
]]>
</system-out>
</testcase>
<testcase name="Course Purchase E2E Tests › should validate form inputs" classname="tests/purchase.spec.ts" time="0.387">
<failure message="purchase.spec.ts:65:7 should validate form inputs" type="FAILURE">
<![CDATA[  [chromium] › tests/purchase.spec.ts:65:7 › Course Purchase E2E Tests › should validate form inputs 

    Error: page.goto: net::ERR_CONNECTION_REFUSED at http://localhost:3000/purchase
    Call log:
      - navigating to "http://localhost:3000/purchase", waiting until "load"


       at utils/purchase-page.ts:45

      43 |    */
      44 |   async navigateToPurchase(): Promise<void> {
    > 45 |     await this.page.goto('/purchase');
         |                     ^
      46 |     await this.helpers.waitForNetworkIdle();
      47 |     await this.helpers.waitForStableElement(this.pricingSection);
      48 |   }
        at PurchasePage.navigateToPurchase (/home/am/TestAlex/e2e/utils/purchase-page.ts:45:21)
        at /home/am/TestAlex/e2e/tests/purchase.spec.ts:66:24

    attachment #1: screenshot (image/png) ──────────────────────────────────────────────────────────
    ../test-results/tests-purchase-Course-Purc-6b725-should-validate-form-inputs-chromium/test-failed-1.png
    ────────────────────────────────────────────────────────────────────────────────────────────────

    attachment #2: video (video/webm) ──────────────────────────────────────────────────────────────
    ../test-results/tests-purchase-Course-Purc-6b725-should-validate-form-inputs-chromium/video.webm
    ────────────────────────────────────────────────────────────────────────────────────────────────

    Error Context: ../test-results/tests-purchase-Course-Purc-6b725-should-validate-form-inputs-chromium/error-context.md
]]>
</failure>
<system-out>
<![CDATA[
[[ATTACHMENT|tests-purchase-Course-Purc-6b725-should-validate-form-inputs-chromium/test-failed-1.png]]

[[ATTACHMENT|tests-purchase-Course-Purc-6b725-should-validate-form-inputs-chromium/video.webm]]

[[ATTACHMENT|tests-purchase-Course-Purc-6b725-should-validate-form-inputs-chromium/error-context.md]]
]]>
</system-out>
</testcase>
<testcase name="Course Purchase E2E Tests › should handle payment provider integration" classname="tests/purchase.spec.ts" time="0.372">
<failure message="purchase.spec.ts:83:7 should handle payment provider integration" type="FAILURE">
<![CDATA[  [chromium] › tests/purchase.spec.ts:83:7 › Course Purchase E2E Tests › should handle payment provider integration 

    Error: page.goto: net::ERR_CONNECTION_REFUSED at http://localhost:3000/purchase
    Call log:
      - navigating to "http://localhost:3000/purchase", waiting until "load"


       at utils/purchase-page.ts:45

      43 |    */
      44 |   async navigateToPurchase(): Promise<void> {
    > 45 |     await this.page.goto('/purchase');
         |                     ^
      46 |     await this.helpers.waitForNetworkIdle();
      47 |     await this.helpers.waitForStableElement(this.pricingSection);
      48 |   }
        at PurchasePage.navigateToPurchase (/home/am/TestAlex/e2e/utils/purchase-page.ts:45:21)
        at /home/am/TestAlex/e2e/tests/purchase.spec.ts:84:24

    attachment #1: screenshot (image/png) ──────────────────────────────────────────────────────────
    ../test-results/tests-purchase-Course-Purc-95b73-ayment-provider-integration-chromium/test-failed-1.png
    ────────────────────────────────────────────────────────────────────────────────────────────────

    attachment #2: video (video/webm) ──────────────────────────────────────────────────────────────
    ../test-results/tests-purchase-Course-Purc-95b73-ayment-provider-integration-chromium/video.webm
    ────────────────────────────────────────────────────────────────────────────────────────────────

    Error Context: ../test-results/tests-purchase-Course-Purc-95b73-ayment-provider-integration-chromium/error-context.md
]]>
</failure>
<system-out>
<![CDATA[
[[ATTACHMENT|tests-purchase-Course-Purc-95b73-ayment-provider-integration-chromium/test-failed-1.png]]

[[ATTACHMENT|tests-purchase-Course-Purc-95b73-ayment-provider-integration-chromium/video.webm]]

[[ATTACHMENT|tests-purchase-Course-Purc-95b73-ayment-provider-integration-chromium/error-context.md]]
]]>
</system-out>
</testcase>
<testcase name="Course Purchase E2E Tests › should show loading states during payment" classname="tests/purchase.spec.ts" time="0.427">
<failure message="purchase.spec.ts:96:7 should show loading states during payment" type="FAILURE">
<![CDATA[  [chromium] › tests/purchase.spec.ts:96:7 › Course Purchase E2E Tests › should show loading states during payment 

    Error: page.goto: net::ERR_CONNECTION_REFUSED at http://localhost:3000/purchase
    Call log:
      - navigating to "http://localhost:3000/purchase", waiting until "load"


       at utils/purchase-page.ts:45

      43 |    */
      44 |   async navigateToPurchase(): Promise<void> {
    > 45 |     await this.page.goto('/purchase');
         |                     ^
      46 |     await this.helpers.waitForNetworkIdle();
      47 |     await this.helpers.waitForStableElement(this.pricingSection);
      48 |   }
        at PurchasePage.navigateToPurchase (/home/am/TestAlex/e2e/utils/purchase-page.ts:45:21)
        at /home/am/TestAlex/e2e/tests/purchase.spec.ts:97:24

    attachment #1: screenshot (image/png) ──────────────────────────────────────────────────────────
    ../test-results/tests-purchase-Course-Purc-d1b56-ading-states-during-payment-chromium/test-failed-1.png
    ────────────────────────────────────────────────────────────────────────────────────────────────

    attachment #2: video (video/webm) ──────────────────────────────────────────────────────────────
    ../test-results/tests-purchase-Course-Purc-d1b56-ading-states-during-payment-chromium/video.webm
    ────────────────────────────────────────────────────────────────────────────────────────────────

    Error Context: ../test-results/tests-purchase-Course-Purc-d1b56-ading-states-during-payment-chromium/error-context.md
]]>
</failure>
<system-out>
<![CDATA[
[[ATTACHMENT|tests-purchase-Course-Purc-d1b56-ading-states-during-payment-chromium/test-failed-1.png]]

[[ATTACHMENT|tests-purchase-Course-Purc-d1b56-ading-states-during-payment-chromium/video.webm]]

[[ATTACHMENT|tests-purchase-Course-Purc-d1b56-ading-states-during-payment-chromium/error-context.md]]
]]>
</system-out>
</testcase>
<testcase name="Course Purchase E2E Tests › should preserve form data on validation errors" classname="tests/purchase.spec.ts" time="0.386">
<failure message="purchase.spec.ts:122:7 should preserve form data on validation errors" type="FAILURE">
<![CDATA[  [chromium] › tests/purchase.spec.ts:122:7 › Course Purchase E2E Tests › should preserve form data on validation errors 

    Error: page.goto: net::ERR_CONNECTION_REFUSED at http://localhost:3000/purchase
    Call log:
      - navigating to "http://localhost:3000/purchase", waiting until "load"


       at utils/purchase-page.ts:45

      43 |    */
      44 |   async navigateToPurchase(): Promise<void> {
    > 45 |     await this.page.goto('/purchase');
         |                     ^
      46 |     await this.helpers.waitForNetworkIdle();
      47 |     await this.helpers.waitForStableElement(this.pricingSection);
      48 |   }
        at PurchasePage.navigateToPurchase (/home/am/TestAlex/e2e/utils/purchase-page.ts:45:21)
        at /home/am/TestAlex/e2e/tests/purchase.spec.ts:123:24

    attachment #1: screenshot (image/png) ──────────────────────────────────────────────────────────
    ../test-results/tests-purchase-Course-Purc-ef154-m-data-on-validation-errors-chromium/test-failed-1.png
    ────────────────────────────────────────────────────────────────────────────────────────────────

    attachment #2: video (video/webm) ──────────────────────────────────────────────────────────────
    ../test-results/tests-purchase-Course-Purc-ef154-m-data-on-validation-errors-chromium/video.webm
    ────────────────────────────────────────────────────────────────────────────────────────────────

    Error Context: ../test-results/tests-purchase-Course-Purc-ef154-m-data-on-validation-errors-chromium/error-context.md
]]>
</failure>
<system-out>
<![CDATA[
[[ATTACHMENT|tests-purchase-Course-Purc-ef154-m-data-on-validation-errors-chromium/test-failed-1.png]]

[[ATTACHMENT|tests-purchase-Course-Purc-ef154-m-data-on-validation-errors-chromium/video.webm]]

[[ATTACHMENT|tests-purchase-Course-Purc-ef154-m-data-on-validation-errors-chromium/error-context.md]]
]]>
</system-out>
</testcase>
<testcase name="Course Purchase E2E Tests › should support promotional codes" classname="tests/purchase.spec.ts" time="0.46">
<failure message="purchase.spec.ts:145:7 should support promotional codes" type="FAILURE">
<![CDATA[  [chromium] › tests/purchase.spec.ts:145:7 › Course Purchase E2E Tests › should support promotional codes 

    Error: page.goto: net::ERR_CONNECTION_REFUSED at http://localhost:3000/purchase
    Call log:
      - navigating to "http://localhost:3000/purchase", waiting until "load"


       at utils/purchase-page.ts:45

      43 |    */
      44 |   async navigateToPurchase(): Promise<void> {
    > 45 |     await this.page.goto('/purchase');
         |                     ^
      46 |     await this.helpers.waitForNetworkIdle();
      47 |     await this.helpers.waitForStableElement(this.pricingSection);
      48 |   }
        at PurchasePage.navigateToPurchase (/home/am/TestAlex/e2e/utils/purchase-page.ts:45:21)
        at /home/am/TestAlex/e2e/tests/purchase.spec.ts:146:24

    attachment #1: screenshot (image/png) ──────────────────────────────────────────────────────────
    ../test-results/tests-purchase-Course-Purc-aabea-d-support-promotional-codes-chromium/test-failed-1.png
    ────────────────────────────────────────────────────────────────────────────────────────────────

    attachment #2: video (video/webm) ──────────────────────────────────────────────────────────────
    ../test-results/tests-purchase-Course-Purc-aabea-d-support-promotional-codes-chromium/video.webm
    ────────────────────────────────────────────────────────────────────────────────────────────────

    Error Context: ../test-results/tests-purchase-Course-Purc-aabea-d-support-promotional-codes-chromium/error-context.md
]]>
</failure>
<system-out>
<![CDATA[
[[ATTACHMENT|tests-purchase-Course-Purc-aabea-d-support-promotional-codes-chromium/test-failed-1.png]]

[[ATTACHMENT|tests-purchase-Course-Purc-aabea-d-support-promotional-codes-chromium/video.webm]]

[[ATTACHMENT|tests-purchase-Course-Purc-aabea-d-support-promotional-codes-chromium/error-context.md]]
]]>
</system-out>
</testcase>
<testcase name="Course Purchase E2E Tests › should handle different currencies" classname="tests/purchase.spec.ts" time="0.462">
<failure message="purchase.spec.ts:168:7 should handle different currencies" type="FAILURE">
<![CDATA[  [chromium] › tests/purchase.spec.ts:168:7 › Course Purchase E2E Tests › should handle different currencies 

    Error: page.goto: net::ERR_CONNECTION_REFUSED at http://localhost:3000/purchase
    Call log:
      - navigating to "http://localhost:3000/purchase", waiting until "load"


       at utils/purchase-page.ts:45

      43 |    */
      44 |   async navigateToPurchase(): Promise<void> {
    > 45 |     await this.page.goto('/purchase');
         |                     ^
      46 |     await this.helpers.waitForNetworkIdle();
      47 |     await this.helpers.waitForStableElement(this.pricingSection);
      48 |   }
        at PurchasePage.navigateToPurchase (/home/am/TestAlex/e2e/utils/purchase-page.ts:45:21)
        at /home/am/TestAlex/e2e/tests/purchase.spec.ts:169:24

    attachment #1: screenshot (image/png) ──────────────────────────────────────────────────────────
    ../test-results/tests-purchase-Course-Purc-1286e-handle-different-currencies-chromium/test-failed-1.png
    ────────────────────────────────────────────────────────────────────────────────────────────────

    attachment #2: video (video/webm) ──────────────────────────────────────────────────────────────
    ../test-results/tests-purchase-Course-Purc-1286e-handle-different-currencies-chromium/video.webm
    ────────────────────────────────────────────────────────────────────────────────────────────────

    Error Context: ../test-results/tests-purchase-Course-Purc-1286e-handle-different-currencies-chromium/error-context.md
]]>
</failure>
<system-out>
<![CDATA[
[[ATTACHMENT|tests-purchase-Course-Purc-1286e-handle-different-currencies-chromium/test-failed-1.png]]

[[ATTACHMENT|tests-purchase-Course-Purc-1286e-handle-different-currencies-chromium/video.webm]]

[[ATTACHMENT|tests-purchase-Course-Purc-1286e-handle-different-currencies-chromium/error-context.md]]
]]>
</system-out>
</testcase>
</testsuite>
<testsuite name="tests/acim-guide-debug.spec.ts" timestamp="2025-08-14T13:39:24.147Z" hostname="firefox" tests="11" failures="6" skipped="0" time="123.267" errors="0">
<testcase name="ACIM Guide - Debug and UX Testing › ✅ Page loads successfully with correct title and branding" classname="tests/acim-guide-debug.spec.ts" time="10.789">
<failure message="acim-guide-debug.spec.ts:15:7 ✅ Page loads successfully with correct title and branding" type="FAILURE">
<![CDATA[  [firefox] › tests/acim-guide-debug.spec.ts:15:7 › ACIM Guide - Debug and UX Testing › ✅ Page loads successfully with correct title and branding 

    Error: Timed out 5000ms waiting for expect(page).toHaveTitle(expected)

    Expected pattern: /ACIMguide/
    Received string:  "ACIM Guide - Your AI Companion for A Course in Miracles"
    Call log:
      - Expect "toHaveTitle" with timeout 5000ms
        8 × unexpected value "ACIM Guide - Your AI Companion for A Course in Miracles"


      15 |   test('✅ Page loads successfully with correct title and branding', async ({ page }) => {
      16 |     // Check page title
    > 17 |     await expect(page).toHaveTitle(/ACIMguide/);
         |                        ^
      18 |     
      19 |     // Check main heading
      20 |     await expect(page.locator('h1')).toContainText('ACIMguide');
        at /home/am/TestAlex/e2e/tests/acim-guide-debug.spec.ts:17:24

    attachment #1: screenshot (image/png) ──────────────────────────────────────────────────────────
    ../test-results/tests-acim-guide-debug-ACI-1175f--correct-title-and-branding-firefox/test-failed-1.png
    ────────────────────────────────────────────────────────────────────────────────────────────────

    attachment #2: video (video/webm) ──────────────────────────────────────────────────────────────
    ../test-results/tests-acim-guide-debug-ACI-1175f--correct-title-and-branding-firefox/video.webm
    ────────────────────────────────────────────────────────────────────────────────────────────────

    Error Context: ../test-results/tests-acim-guide-debug-ACI-1175f--correct-title-and-branding-firefox/error-context.md
]]>
</failure>
<system-out>
<![CDATA[
[[ATTACHMENT|tests-acim-guide-debug-ACI-1175f--correct-title-and-branding-firefox/test-failed-1.png]]

[[ATTACHMENT|tests-acim-guide-debug-ACI-1175f--correct-title-and-branding-firefox/video.webm]]

[[ATTACHMENT|tests-acim-guide-debug-ACI-1175f--correct-title-and-branding-firefox/error-context.md]]
]]>
</system-out>
</testcase>
<testcase name="ACIM Guide - Debug and UX Testing › 🔧 Firebase authentication and connection status" classname="tests/acim-guide-debug.spec.ts" time="9.881">
<failure message="acim-guide-debug.spec.ts:29:7 🔧 Firebase authentication and connection status" type="FAILURE">
<![CDATA[  [firefox] › tests/acim-guide-debug.spec.ts:29:7 › ACIM Guide - Debug and UX Testing › 🔧 Firebase authentication and connection status 

    Error: Timed out 5000ms waiting for expect(locator).toContainText(expected)

    Locator: locator('#status')
    Expected string: "Initializing ACIMguide"
    Received string: "●"
    Call log:
      - Expect "toContainText" with timeout 5000ms
      - waiting for locator('#status')
        5 × locator resolved to <div id="status" class="status connected">Ready</div>
          - unexpected value "Ready"
        4 × locator resolved to <div id="status" class="status connected">●</div>
          - unexpected value "●"


      33 |     
      34 |     // Check initial loading state
    > 35 |     await expect(statusElement).toContainText('Initializing ACIMguide');
         |                                 ^
      36 |     
      37 |     // Wait for authentication to complete (up to 10 seconds)
      38 |     await page.waitForFunction(() => {
        at /home/am/TestAlex/e2e/tests/acim-guide-debug.spec.ts:35:33

    attachment #1: screenshot (image/png) ──────────────────────────────────────────────────────────
    ../test-results/tests-acim-guide-debug-ACI-93ac1-ation-and-connection-status-firefox/test-failed-1.png
    ────────────────────────────────────────────────────────────────────────────────────────────────

    attachment #2: video (video/webm) ──────────────────────────────────────────────────────────────
    ../test-results/tests-acim-guide-debug-ACI-93ac1-ation-and-connection-status-firefox/video.webm
    ────────────────────────────────────────────────────────────────────────────────────────────────

    Error Context: ../test-results/tests-acim-guide-debug-ACI-93ac1-ation-and-connection-status-firefox/error-context.md
]]>
</failure>
<system-out>
<![CDATA[
[[ATTACHMENT|tests-acim-guide-debug-ACI-93ac1-ation-and-connection-status-firefox/test-failed-1.png]]

[[ATTACHMENT|tests-acim-guide-debug-ACI-93ac1-ation-and-connection-status-firefox/video.webm]]

[[ATTACHMENT|tests-acim-guide-debug-ACI-93ac1-ation-and-connection-status-firefox/error-context.md]]
]]>
</system-out>
</testcase>
<testcase name="ACIM Guide - Debug and UX Testing › 💬 Chat interface is functional and accessible" classname="tests/acim-guide-debug.spec.ts" time="3.851">
</testcase>
<testcase name="ACIM Guide - Debug and UX Testing › 🎯 Quick action buttons are present and functional" classname="tests/acim-guide-debug.spec.ts" time="10.526">
<failure message="acim-guide-debug.spec.ts:85:7 🎯 Quick action buttons are present and functional" type="FAILURE">
<![CDATA[  [firefox] › tests/acim-guide-debug.spec.ts:85:7 › ACIM Guide - Debug and UX Testing › 🎯 Quick action buttons are present and functional 

    Error: Timed out 5000ms waiting for expect(locator).toContainText(expected)

    Locator: locator('.quick-actions h3')
    Expected string: "Quick Actions"
    Received string: "Get Started"
    Call log:
      - Expect "toContainText" with timeout 5000ms
      - waiting for locator('.quick-actions h3')
        9 × locator resolved to <h3>Get Started</h3>
          - unexpected value "Get Started"


      85 |   test('🎯 Quick action buttons are present and functional', async ({ page }) => {
      86 |     // Check quick actions section
    > 87 |     await expect(page.locator('.quick-actions h3')).toContainText('Quick Actions');
         |                                                     ^
      88 |     
      89 |     // Check all quick action buttons exist
      90 |     const quickActions = [
        at /home/am/TestAlex/e2e/tests/acim-guide-debug.spec.ts:87:53

    attachment #1: screenshot (image/png) ──────────────────────────────────────────────────────────
    ../test-results/tests-acim-guide-debug-ACI-9a1ff--are-present-and-functional-firefox/test-failed-1.png
    ────────────────────────────────────────────────────────────────────────────────────────────────

    attachment #2: video (video/webm) ──────────────────────────────────────────────────────────────
    ../test-results/tests-acim-guide-debug-ACI-9a1ff--are-present-and-functional-firefox/video.webm
    ────────────────────────────────────────────────────────────────────────────────────────────────

    Error Context: ../test-results/tests-acim-guide-debug-ACI-9a1ff--are-present-and-functional-firefox/error-context.md
]]>
</failure>
<system-out>
<![CDATA[
[[ATTACHMENT|tests-acim-guide-debug-ACI-9a1ff--are-present-and-functional-firefox/test-failed-1.png]]

[[ATTACHMENT|tests-acim-guide-debug-ACI-9a1ff--are-present-and-functional-firefox/video.webm]]

[[ATTACHMENT|tests-acim-guide-debug-ACI-9a1ff--are-present-and-functional-firefox/error-context.md]]
]]>
</system-out>
</testcase>
<testcase name="ACIM Guide - Debug and UX Testing › 📱 Responsive design works on mobile" classname="tests/acim-guide-debug.spec.ts" time="5.421">
</testcase>
<testcase name="ACIM Guide - Debug and UX Testing › 🔍 Debug actual chat functionality with Firebase" classname="tests/acim-guide-debug.spec.ts" time="30.161">
<failure message="acim-guide-debug.spec.ts:131:7 🔍 Debug actual chat functionality with Firebase" type="FAILURE">
<![CDATA[  [firefox] › tests/acim-guide-debug.spec.ts:131:7 › ACIM Guide - Debug and UX Testing › 🔍 Debug actual chat functionality with Firebase 

    Test timeout of 30000ms exceeded.

    Error: page.waitForFunction: Test timeout of 30000ms exceeded.

      131 |   test('🔍 Debug actual chat functionality with Firebase', async ({ page }) => {
      132 |     // Wait for authentication
    > 133 |     await page.waitForFunction(() => {
          |                ^
      134 |       const status = document.getElementById('status');
      135 |       return status && status.textContent?.includes('Connected! Your spiritual companion is ready');
      136 |     }, { timeout: 15000 });
        at /home/am/TestAlex/e2e/tests/acim-guide-debug.spec.ts:133:16

    attachment #1: screenshot (image/png) ──────────────────────────────────────────────────────────
    ../test-results/tests-acim-guide-debug-ACI-46d7f-functionality-with-Firebase-firefox/test-failed-1.png
    ────────────────────────────────────────────────────────────────────────────────────────────────

    attachment #2: video (video/webm) ──────────────────────────────────────────────────────────────
    ../test-results/tests-acim-guide-debug-ACI-46d7f-functionality-with-Firebase-firefox/video.webm
    ────────────────────────────────────────────────────────────────────────────────────────────────

    Error Context: ../test-results/tests-acim-guide-debug-ACI-46d7f-functionality-with-Firebase-firefox/error-context.md
]]>
</failure>
<system-out>
<![CDATA[
[[ATTACHMENT|tests-acim-guide-debug-ACI-46d7f-functionality-with-Firebase-firefox/test-failed-1.png]]

[[ATTACHMENT|tests-acim-guide-debug-ACI-46d7f-functionality-with-Firebase-firefox/video.webm]]

[[ATTACHMENT|tests-acim-guide-debug-ACI-46d7f-functionality-with-Firebase-firefox/error-context.md]]
]]>
</system-out>
</testcase>
<testcase name="ACIM Guide - Debug and UX Testing › 🎨 Visual design and styling check" classname="tests/acim-guide-debug.spec.ts" time="3.218">
<failure message="acim-guide-debug.spec.ts:201:7 🎨 Visual design and styling check" type="FAILURE">
<![CDATA[  [firefox] › tests/acim-guide-debug.spec.ts:201:7 › ACIM Guide - Debug and UX Testing › 🎨 Visual design and styling check 

    Error: expect(received).toContain(expected) // indexOf

    Matcher error: received value must not be null nor undefined

    Received has value: undefined

      203 |     const body = page.locator('body');
      204 |     const bodyStyles = await body.evaluate(el => getComputedStyle(el));
    > 205 |     expect(bodyStyles.background).toContain('gradient');
          |                                   ^
      206 |     
      207 |     // Check container has proper styling
      208 |     const container = page.locator('.container');
        at /home/am/TestAlex/e2e/tests/acim-guide-debug.spec.ts:205:35

    attachment #1: screenshot (image/png) ──────────────────────────────────────────────────────────
    ../test-results/tests-acim-guide-debug-ACI-099fd-al-design-and-styling-check-firefox/test-failed-1.png
    ────────────────────────────────────────────────────────────────────────────────────────────────

    attachment #2: video (video/webm) ──────────────────────────────────────────────────────────────
    ../test-results/tests-acim-guide-debug-ACI-099fd-al-design-and-styling-check-firefox/video.webm
    ────────────────────────────────────────────────────────────────────────────────────────────────

    Error Context: ../test-results/tests-acim-guide-debug-ACI-099fd-al-design-and-styling-check-firefox/error-context.md
]]>
</failure>
<system-out>
<![CDATA[
[[ATTACHMENT|tests-acim-guide-debug-ACI-099fd-al-design-and-styling-check-firefox/test-failed-1.png]]

[[ATTACHMENT|tests-acim-guide-debug-ACI-099fd-al-design-and-styling-check-firefox/video.webm]]

[[ATTACHMENT|tests-acim-guide-debug-ACI-099fd-al-design-and-styling-check-firefox/error-context.md]]
]]>
</system-out>
</testcase>
<testcase name="ACIM Guide - Debug and UX Testing › ♿ Accessibility and usability check" classname="tests/acim-guide-debug.spec.ts" time="4.907">
</testcase>
<testcase name="ACIM Guide - Debug and UX Testing › 🔧 Performance and loading check" classname="tests/acim-guide-debug.spec.ts" time="8.527">
<system-out>
<![CDATA[Page load time: 1286ms
]]>
</system-out>
</testcase>
<testcase name="ACIM Guide - Debug and UX Testing › 📸 Visual regression test - take screenshots" classname="tests/acim-guide-debug.spec.ts" time="5.825">
<system-out>
<![CDATA[Screenshots saved for visual review
]]>
</system-out>
</testcase>
<testcase name="ACIM Guide - Specific Firebase Debug › 🔥 Debug Firebase Functions specifically" classname="tests/acim-guide-debug.spec.ts" time="30.161">
<failure message="acim-guide-debug.spec.ts:310:7 🔥 Debug Firebase Functions specifically" type="FAILURE">
<![CDATA[  [firefox] › tests/acim-guide-debug.spec.ts:310:7 › ACIM Guide - Specific Firebase Debug › 🔥 Debug Firebase Functions specifically 

    Test timeout of 30000ms exceeded.

    Error: page.waitForFunction: Test timeout of 30000ms exceeded.

      325 |     
      326 |     // Wait for auth and try to send message
    > 327 |     await page.waitForFunction(() => {
          |                ^
      328 |       const status = document.getElementById('status');
      329 |       return status && status.textContent?.includes('Connected! Your spiritual companion is ready');
      330 |     }, { timeout: 15000 });
        at /home/am/TestAlex/e2e/tests/acim-guide-debug.spec.ts:327:16

    attachment #1: screenshot (image/png) ──────────────────────────────────────────────────────────
    ../test-results/tests-acim-guide-debug-ACI-57bae-base-Functions-specifically-firefox/test-failed-1.png
    ────────────────────────────────────────────────────────────────────────────────────────────────

    attachment #2: video (video/webm) ──────────────────────────────────────────────────────────────
    ../test-results/tests-acim-guide-debug-ACI-57bae-base-Functions-specifically-firefox/video.webm
    ────────────────────────────────────────────────────────────────────────────────────────────────

    Error Context: ../test-results/tests-acim-guide-debug-ACI-57bae-base-Functions-specifically-firefox/error-context.md
]]>
</failure>
<system-out>
<![CDATA[
[[ATTACHMENT|tests-acim-guide-debug-ACI-57bae-base-Functions-specifically-firefox/test-failed-1.png]]

[[ATTACHMENT|tests-acim-guide-debug-ACI-57bae-base-Functions-specifically-firefox/video.webm]]

[[ATTACHMENT|tests-acim-guide-debug-ACI-57bae-base-Functions-specifically-firefox/error-context.md]]
]]>
</system-out>
</testcase>
</testsuite>
<testsuite name="tests/blog-cta.spec.ts" timestamp="2025-08-14T13:39:24.147Z" hostname="firefox" tests="19" failures="19" skipped="0" time="34.267" errors="0">
<testcase name="Blog CTA E2E Tests › should display CTAs correctly on blog homepage" classname="tests/blog-cta.spec.ts" time="1.801">
<failure message="blog-cta.spec.ts:11:7 should display CTAs correctly on blog homepage" type="FAILURE">
<![CDATA[  [firefox] › tests/blog-cta.spec.ts:11:7 › Blog CTA E2E Tests › should display CTAs correctly on blog homepage 

    Error: page.goto: NS_ERROR_CONNECTION_REFUSED
    Call log:
      - navigating to "http://localhost:3000/blog", waiting until "load"


       at utils/blog-cta-page.ts:43

      41 |    */
      42 |   async navigateToBlog(): Promise<void> {
    > 43 |     await this.page.goto('/blog');
         |                     ^
      44 |     await this.helpers.waitForNetworkIdle();
      45 |     await this.helpers.waitForStableElement(this.blogContainer);
      46 |   }
        at BlogCTAPage.navigateToBlog (/home/am/TestAlex/e2e/utils/blog-cta-page.ts:43:21)
        at /home/am/TestAlex/e2e/tests/blog-cta.spec.ts:12:23

    attachment #1: screenshot (image/png) ──────────────────────────────────────────────────────────
    ../test-results/tests-blog-cta-Blog-CTA-E2-d9854--correctly-on-blog-homepage-firefox/test-failed-1.png
    ────────────────────────────────────────────────────────────────────────────────────────────────

    attachment #2: video (video/webm) ──────────────────────────────────────────────────────────────
    ../test-results/tests-blog-cta-Blog-CTA-E2-d9854--correctly-on-blog-homepage-firefox/video.webm
    ────────────────────────────────────────────────────────────────────────────────────────────────

    Error Context: ../test-results/tests-blog-cta-Blog-CTA-E2-d9854--correctly-on-blog-homepage-firefox/error-context.md
]]>
</failure>
<system-out>
<![CDATA[
[[ATTACHMENT|tests-blog-cta-Blog-CTA-E2-d9854--correctly-on-blog-homepage-firefox/test-failed-1.png]]

[[ATTACHMENT|tests-blog-cta-Blog-CTA-E2-d9854--correctly-on-blog-homepage-firefox/video.webm]]

[[ATTACHMENT|tests-blog-cta-Blog-CTA-E2-d9854--correctly-on-blog-homepage-firefox/error-context.md]]
]]>
</system-out>
</testcase>
<testcase name="Blog CTA E2E Tests › should handle CTA click-through functionality" classname="tests/blog-cta.spec.ts" time="0.651">
<failure message="blog-cta.spec.ts:16:7 should handle CTA click-through functionality" type="FAILURE">
<![CDATA[  [firefox] › tests/blog-cta.spec.ts:16:7 › Blog CTA E2E Tests › should handle CTA click-through functionality 

    Error: page.goto: NS_ERROR_CONNECTION_REFUSED
    Call log:
      - navigating to "http://localhost:3000/blog", waiting until "load"


       at utils/blog-cta-page.ts:43

      41 |    */
      42 |   async navigateToBlog(): Promise<void> {
    > 43 |     await this.page.goto('/blog');
         |                     ^
      44 |     await this.helpers.waitForNetworkIdle();
      45 |     await this.helpers.waitForStableElement(this.blogContainer);
      46 |   }
        at BlogCTAPage.navigateToBlog (/home/am/TestAlex/e2e/utils/blog-cta-page.ts:43:21)
        at /home/am/TestAlex/e2e/tests/blog-cta.spec.ts:17:23

    attachment #1: screenshot (image/png) ──────────────────────────────────────────────────────────
    ../test-results/tests-blog-cta-Blog-CTA-E2-bc43d-click-through-functionality-firefox/test-failed-1.png
    ────────────────────────────────────────────────────────────────────────────────────────────────

    attachment #2: video (video/webm) ──────────────────────────────────────────────────────────────
    ../test-results/tests-blog-cta-Blog-CTA-E2-bc43d-click-through-functionality-firefox/video.webm
    ────────────────────────────────────────────────────────────────────────────────────────────────

    Error Context: ../test-results/tests-blog-cta-Blog-CTA-E2-bc43d-click-through-functionality-firefox/error-context.md
]]>
</failure>
<system-out>
<![CDATA[
[[ATTACHMENT|tests-blog-cta-Blog-CTA-E2-bc43d-click-through-functionality-firefox/test-failed-1.png]]

[[ATTACHMENT|tests-blog-cta-Blog-CTA-E2-bc43d-click-through-functionality-firefox/video.webm]]

[[ATTACHMENT|tests-blog-cta-Blog-CTA-E2-bc43d-click-through-functionality-firefox/error-context.md]]
]]>
</system-out>
</testcase>
<testcase name="Blog CTA E2E Tests › should handle newsletter signup" classname="tests/blog-cta.spec.ts" time="2.029">
<failure message="blog-cta.spec.ts:21:7 should handle newsletter signup" type="FAILURE">
<![CDATA[  [firefox] › tests/blog-cta.spec.ts:21:7 › Blog CTA E2E Tests › should handle newsletter signup ───

    Error: page.goto: NS_ERROR_CONNECTION_REFUSED
    Call log:
      - navigating to "http://localhost:3000/blog", waiting until "load"


       at utils/blog-cta-page.ts:43

      41 |    */
      42 |   async navigateToBlog(): Promise<void> {
    > 43 |     await this.page.goto('/blog');
         |                     ^
      44 |     await this.helpers.waitForNetworkIdle();
      45 |     await this.helpers.waitForStableElement(this.blogContainer);
      46 |   }
        at BlogCTAPage.navigateToBlog (/home/am/TestAlex/e2e/utils/blog-cta-page.ts:43:21)
        at /home/am/TestAlex/e2e/tests/blog-cta.spec.ts:22:23

    attachment #1: screenshot (image/png) ──────────────────────────────────────────────────────────
    ../test-results/tests-blog-cta-Blog-CTA-E2-581c9-ld-handle-newsletter-signup-firefox/test-failed-1.png
    ────────────────────────────────────────────────────────────────────────────────────────────────

    attachment #2: video (video/webm) ──────────────────────────────────────────────────────────────
    ../test-results/tests-blog-cta-Blog-CTA-E2-581c9-ld-handle-newsletter-signup-firefox/video.webm
    ────────────────────────────────────────────────────────────────────────────────────────────────

    Error Context: ../test-results/tests-blog-cta-Blog-CTA-E2-581c9-ld-handle-newsletter-signup-firefox/error-context.md
]]>
</failure>
<system-out>
<![CDATA[
[[ATTACHMENT|tests-blog-cta-Blog-CTA-E2-581c9-ld-handle-newsletter-signup-firefox/test-failed-1.png]]

[[ATTACHMENT|tests-blog-cta-Blog-CTA-E2-581c9-ld-handle-newsletter-signup-firefox/video.webm]]

[[ATTACHMENT|tests-blog-cta-Blog-CTA-E2-581c9-ld-handle-newsletter-signup-firefox/error-context.md]]
]]>
</system-out>
</testcase>
<testcase name="Blog CTA E2E Tests › should validate email input in newsletter" classname="tests/blog-cta.spec.ts" time="1.838">
<failure message="blog-cta.spec.ts:26:7 should validate email input in newsletter" type="FAILURE">
<![CDATA[  [firefox] › tests/blog-cta.spec.ts:26:7 › Blog CTA E2E Tests › should validate email input in newsletter 

    Error: page.goto: NS_ERROR_CONNECTION_REFUSED
    Call log:
      - navigating to "http://localhost:3000/blog", waiting until "load"


       at utils/blog-cta-page.ts:43

      41 |    */
      42 |   async navigateToBlog(): Promise<void> {
    > 43 |     await this.page.goto('/blog');
         |                     ^
      44 |     await this.helpers.waitForNetworkIdle();
      45 |     await this.helpers.waitForStableElement(this.blogContainer);
      46 |   }
        at BlogCTAPage.navigateToBlog (/home/am/TestAlex/e2e/utils/blog-cta-page.ts:43:21)
        at /home/am/TestAlex/e2e/tests/blog-cta.spec.ts:27:23

    attachment #1: screenshot (image/png) ──────────────────────────────────────────────────────────
    ../test-results/tests-blog-cta-Blog-CTA-E2-7027d-e-email-input-in-newsletter-firefox/test-failed-1.png
    ────────────────────────────────────────────────────────────────────────────────────────────────

    attachment #2: video (video/webm) ──────────────────────────────────────────────────────────────
    ../test-results/tests-blog-cta-Blog-CTA-E2-7027d-e-email-input-in-newsletter-firefox/video.webm
    ────────────────────────────────────────────────────────────────────────────────────────────────

    Error Context: ../test-results/tests-blog-cta-Blog-CTA-E2-7027d-e-email-input-in-newsletter-firefox/error-context.md
]]>
</failure>
<system-out>
<![CDATA[
[[ATTACHMENT|tests-blog-cta-Blog-CTA-E2-7027d-e-email-input-in-newsletter-firefox/test-failed-1.png]]

[[ATTACHMENT|tests-blog-cta-Blog-CTA-E2-7027d-e-email-input-in-newsletter-firefox/video.webm]]

[[ATTACHMENT|tests-blog-cta-Blog-CTA-E2-7027d-e-email-input-in-newsletter-firefox/error-context.md]]
]]>
</system-out>
</testcase>
<testcase name="Blog CTA E2E Tests › should track CTA interactions" classname="tests/blog-cta.spec.ts" time="0.779">
<failure message="blog-cta.spec.ts:31:7 should track CTA interactions" type="FAILURE">
<![CDATA[  [firefox] › tests/blog-cta.spec.ts:31:7 › Blog CTA E2E Tests › should track CTA interactions ─────

    Error: page.goto: NS_ERROR_CONNECTION_REFUSED
    Call log:
      - navigating to "http://localhost:3000/blog", waiting until "load"


       at utils/blog-cta-page.ts:43

      41 |    */
      42 |   async navigateToBlog(): Promise<void> {
    > 43 |     await this.page.goto('/blog');
         |                     ^
      44 |     await this.helpers.waitForNetworkIdle();
      45 |     await this.helpers.waitForStableElement(this.blogContainer);
      46 |   }
        at BlogCTAPage.navigateToBlog (/home/am/TestAlex/e2e/utils/blog-cta-page.ts:43:21)
        at /home/am/TestAlex/e2e/tests/blog-cta.spec.ts:32:23

    attachment #1: screenshot (image/png) ──────────────────────────────────────────────────────────
    ../test-results/tests-blog-cta-Blog-CTA-E2-203d1-ould-track-CTA-interactions-firefox/test-failed-1.png
    ────────────────────────────────────────────────────────────────────────────────────────────────

    attachment #2: video (video/webm) ──────────────────────────────────────────────────────────────
    ../test-results/tests-blog-cta-Blog-CTA-E2-203d1-ould-track-CTA-interactions-firefox/video.webm
    ────────────────────────────────────────────────────────────────────────────────────────────────

    Error Context: ../test-results/tests-blog-cta-Blog-CTA-E2-203d1-ould-track-CTA-interactions-firefox/error-context.md
]]>
</failure>
<system-out>
<![CDATA[
[[ATTACHMENT|tests-blog-cta-Blog-CTA-E2-203d1-ould-track-CTA-interactions-firefox/test-failed-1.png]]

[[ATTACHMENT|tests-blog-cta-Blog-CTA-E2-203d1-ould-track-CTA-interactions-firefox/video.webm]]

[[ATTACHMENT|tests-blog-cta-Blog-CTA-E2-203d1-ould-track-CTA-interactions-firefox/error-context.md]]
]]>
</system-out>
</testcase>
<testcase name="Blog CTA E2E Tests › should display social media links" classname="tests/blog-cta.spec.ts" time="1.59">
<failure message="blog-cta.spec.ts:36:7 should display social media links" type="FAILURE">
<![CDATA[  [firefox] › tests/blog-cta.spec.ts:36:7 › Blog CTA E2E Tests › should display social media links ─

    Error: page.goto: NS_ERROR_CONNECTION_REFUSED
    Call log:
      - navigating to "http://localhost:3000/blog", waiting until "load"


       at utils/blog-cta-page.ts:43

      41 |    */
      42 |   async navigateToBlog(): Promise<void> {
    > 43 |     await this.page.goto('/blog');
         |                     ^
      44 |     await this.helpers.waitForNetworkIdle();
      45 |     await this.helpers.waitForStableElement(this.blogContainer);
      46 |   }
        at BlogCTAPage.navigateToBlog (/home/am/TestAlex/e2e/utils/blog-cta-page.ts:43:21)
        at /home/am/TestAlex/e2e/tests/blog-cta.spec.ts:37:23

    attachment #1: screenshot (image/png) ──────────────────────────────────────────────────────────
    ../test-results/tests-blog-cta-Blog-CTA-E2-43723--display-social-media-links-firefox/test-failed-1.png
    ────────────────────────────────────────────────────────────────────────────────────────────────

    attachment #2: video (video/webm) ──────────────────────────────────────────────────────────────
    ../test-results/tests-blog-cta-Blog-CTA-E2-43723--display-social-media-links-firefox/video.webm
    ────────────────────────────────────────────────────────────────────────────────────────────────

    Error Context: ../test-results/tests-blog-cta-Blog-CTA-E2-43723--display-social-media-links-firefox/error-context.md
]]>
</failure>
<system-out>
<![CDATA[
[[ATTACHMENT|tests-blog-cta-Blog-CTA-E2-43723--display-social-media-links-firefox/test-failed-1.png]]

[[ATTACHMENT|tests-blog-cta-Blog-CTA-E2-43723--display-social-media-links-firefox/video.webm]]

[[ATTACHMENT|tests-blog-cta-Blog-CTA-E2-43723--display-social-media-links-firefox/error-context.md]]
]]>
</system-out>
</testcase>
<testcase name="Blog CTA E2E Tests › should load CTAs quickly" classname="tests/blog-cta.spec.ts" time="0.665">
<failure message="blog-cta.spec.ts:41:7 should load CTAs quickly" type="FAILURE">
<![CDATA[  [firefox] › tests/blog-cta.spec.ts:41:7 › Blog CTA E2E Tests › should load CTAs quickly ──────────

    Error: page.goto: NS_ERROR_CONNECTION_REFUSED
    Call log:
      - navigating to "http://localhost:3000/blog", waiting until "load"


       at utils/blog-cta-page.ts:43

      41 |    */
      42 |   async navigateToBlog(): Promise<void> {
    > 43 |     await this.page.goto('/blog');
         |                     ^
      44 |     await this.helpers.waitForNetworkIdle();
      45 |     await this.helpers.waitForStableElement(this.blogContainer);
      46 |   }
        at BlogCTAPage.navigateToBlog (/home/am/TestAlex/e2e/utils/blog-cta-page.ts:43:21)
        at BlogCTAPage.testCTAPerformance (/home/am/TestAlex/e2e/utils/blog-cta-page.ts:230:16)
        at /home/am/TestAlex/e2e/tests/blog-cta.spec.ts:42:23

    attachment #1: screenshot (image/png) ──────────────────────────────────────────────────────────
    ../test-results/tests-blog-cta-Blog-CTA-E2E-Tests-should-load-CTAs-quickly-firefox/test-failed-1.png
    ────────────────────────────────────────────────────────────────────────────────────────────────

    attachment #2: video (video/webm) ──────────────────────────────────────────────────────────────
    ../test-results/tests-blog-cta-Blog-CTA-E2E-Tests-should-load-CTAs-quickly-firefox/video.webm
    ────────────────────────────────────────────────────────────────────────────────────────────────

    Error Context: ../test-results/tests-blog-cta-Blog-CTA-E2E-Tests-should-load-CTAs-quickly-firefox/error-context.md
]]>
</failure>
<system-out>
<![CDATA[
[[ATTACHMENT|tests-blog-cta-Blog-CTA-E2E-Tests-should-load-CTAs-quickly-firefox/test-failed-1.png]]

[[ATTACHMENT|tests-blog-cta-Blog-CTA-E2E-Tests-should-load-CTAs-quickly-firefox/video.webm]]

[[ATTACHMENT|tests-blog-cta-Blog-CTA-E2E-Tests-should-load-CTAs-quickly-firefox/error-context.md]]
]]>
</system-out>
</testcase>
<testcase name="Blog CTA E2E Tests › should be accessible" classname="tests/blog-cta.spec.ts" time="1.597">
<failure message="blog-cta.spec.ts:45:7 should be accessible" type="FAILURE">
<![CDATA[  [firefox] › tests/blog-cta.spec.ts:45:7 › Blog CTA E2E Tests › should be accessible ──────────────

    Error: page.goto: NS_ERROR_CONNECTION_REFUSED
    Call log:
      - navigating to "http://localhost:3000/blog", waiting until "load"


       at utils/blog-cta-page.ts:43

      41 |    */
      42 |   async navigateToBlog(): Promise<void> {
    > 43 |     await this.page.goto('/blog');
         |                     ^
      44 |     await this.helpers.waitForNetworkIdle();
      45 |     await this.helpers.waitForStableElement(this.blogContainer);
      46 |   }
        at BlogCTAPage.navigateToBlog (/home/am/TestAlex/e2e/utils/blog-cta-page.ts:43:21)
        at /home/am/TestAlex/e2e/tests/blog-cta.spec.ts:46:23

    attachment #1: screenshot (image/png) ──────────────────────────────────────────────────────────
    ../test-results/tests-blog-cta-Blog-CTA-E2E-Tests-should-be-accessible-firefox/test-failed-1.png
    ────────────────────────────────────────────────────────────────────────────────────────────────

    attachment #2: video (video/webm) ──────────────────────────────────────────────────────────────
    ../test-results/tests-blog-cta-Blog-CTA-E2E-Tests-should-be-accessible-firefox/video.webm
    ────────────────────────────────────────────────────────────────────────────────────────────────

    Error Context: ../test-results/tests-blog-cta-Blog-CTA-E2E-Tests-should-be-accessible-firefox/error-context.md
]]>
</failure>
<system-out>
<![CDATA[
[[ATTACHMENT|tests-blog-cta-Blog-CTA-E2E-Tests-should-be-accessible-firefox/test-failed-1.png]]

[[ATTACHMENT|tests-blog-cta-Blog-CTA-E2E-Tests-should-be-accessible-firefox/video.webm]]

[[ATTACHMENT|tests-blog-cta-Blog-CTA-E2E-Tests-should-be-accessible-firefox/error-context.md]]
]]>
</system-out>
</testcase>
<testcase name="Blog CTA E2E Tests › should work on mobile devices" classname="tests/blog-cta.spec.ts" time="6.916">
<failure message="blog-cta.spec.ts:50:7 should work on mobile devices" type="FAILURE">
<![CDATA[  [firefox] › tests/blog-cta.spec.ts:50:7 › Blog CTA E2E Tests › should work on mobile devices ─────

    Error: Timed out 5000ms waiting for expect(locator).toBeVisible()

    Locator: locator('[data-testid="cta-section"], .cta-section, .call-to-action')
    Expected: visible
    Received: <element(s) not found>
    Call log:
      - Expect "toBeVisible" with timeout 5000ms
      - waiting for locator('[data-testid="cta-section"], .cta-section, .call-to-action')


       at utils/blog-cta-page.ts:298

      296 |     
      297 |     // CTAs should be visible and functional on mobile
    > 298 |     await expect(this.ctaSection).toBeVisible();
          |                                   ^
      299 |     
      300 |     if (await this.primaryCTA.count() > 0) {
      301 |       await expect(this.primaryCTA).toBeVisible();
        at BlogCTAPage.testMobileCTA (/home/am/TestAlex/e2e/utils/blog-cta-page.ts:298:35)
        at /home/am/TestAlex/e2e/tests/blog-cta.spec.ts:51:5

    attachment #1: screenshot (image/png) ──────────────────────────────────────────────────────────
    ../test-results/tests-blog-cta-Blog-CTA-E2-12b41-ould-work-on-mobile-devices-firefox/test-failed-1.png
    ────────────────────────────────────────────────────────────────────────────────────────────────

    attachment #2: video (video/webm) ──────────────────────────────────────────────────────────────
    ../test-results/tests-blog-cta-Blog-CTA-E2-12b41-ould-work-on-mobile-devices-firefox/video.webm
    ────────────────────────────────────────────────────────────────────────────────────────────────
]]>
</failure>
<system-out>
<![CDATA[
[[ATTACHMENT|tests-blog-cta-Blog-CTA-E2-12b41-ould-work-on-mobile-devices-firefox/test-failed-1.png]]

[[ATTACHMENT|tests-blog-cta-Blog-CTA-E2-12b41-ould-work-on-mobile-devices-firefox/video.webm]]
]]>
</system-out>
</testcase>
<testcase name="Blog CTA E2E Tests › should have compelling CTA text variations" classname="tests/blog-cta.spec.ts" time="1.612">
<failure message="blog-cta.spec.ts:54:7 should have compelling CTA text variations" type="FAILURE">
<![CDATA[  [firefox] › tests/blog-cta.spec.ts:54:7 › Blog CTA E2E Tests › should have compelling CTA text variations 

    Error: page.goto: NS_ERROR_CONNECTION_REFUSED
    Call log:
      - navigating to "http://localhost:3000/blog", waiting until "load"


       at utils/blog-cta-page.ts:43

      41 |    */
      42 |   async navigateToBlog(): Promise<void> {
    > 43 |     await this.page.goto('/blog');
         |                     ^
      44 |     await this.helpers.waitForNetworkIdle();
      45 |     await this.helpers.waitForStableElement(this.blogContainer);
      46 |   }
        at BlogCTAPage.navigateToBlog (/home/am/TestAlex/e2e/utils/blog-cta-page.ts:43:21)
        at /home/am/TestAlex/e2e/tests/blog-cta.spec.ts:55:23

    attachment #1: screenshot (image/png) ──────────────────────────────────────────────────────────
    ../test-results/tests-blog-cta-Blog-CTA-E2-24c0c-pelling-CTA-text-variations-firefox/test-failed-1.png
    ────────────────────────────────────────────────────────────────────────────────────────────────

    attachment #2: video (video/webm) ──────────────────────────────────────────────────────────────
    ../test-results/tests-blog-cta-Blog-CTA-E2-24c0c-pelling-CTA-text-variations-firefox/video.webm
    ────────────────────────────────────────────────────────────────────────────────────────────────

    Error Context: ../test-results/tests-blog-cta-Blog-CTA-E2-24c0c-pelling-CTA-text-variations-firefox/error-context.md
]]>
</failure>
<system-out>
<![CDATA[
[[ATTACHMENT|tests-blog-cta-Blog-CTA-E2-24c0c-pelling-CTA-text-variations-firefox/test-failed-1.png]]

[[ATTACHMENT|tests-blog-cta-Blog-CTA-E2-24c0c-pelling-CTA-text-variations-firefox/video.webm]]

[[ATTACHMENT|tests-blog-cta-Blog-CTA-E2-24c0c-pelling-CTA-text-variations-firefox/error-context.md]]
]]>
</system-out>
</testcase>
<testcase name="Blog CTA E2E Tests › should maintain design consistency" classname="tests/blog-cta.spec.ts" time="1.577">
<failure message="blog-cta.spec.ts:59:7 should maintain design consistency" type="FAILURE">
<![CDATA[  [firefox] › tests/blog-cta.spec.ts:59:7 › Blog CTA E2E Tests › should maintain design consistency 

    Error: page.goto: NS_ERROR_CONNECTION_REFUSED
    Call log:
      - navigating to "http://localhost:3000/blog", waiting until "load"


       at utils/blog-cta-page.ts:43

      41 |    */
      42 |   async navigateToBlog(): Promise<void> {
    > 43 |     await this.page.goto('/blog');
         |                     ^
      44 |     await this.helpers.waitForNetworkIdle();
      45 |     await this.helpers.waitForStableElement(this.blogContainer);
      46 |   }
        at BlogCTAPage.navigateToBlog (/home/am/TestAlex/e2e/utils/blog-cta-page.ts:43:21)
        at /home/am/TestAlex/e2e/tests/blog-cta.spec.ts:60:23

    attachment #1: screenshot (image/png) ──────────────────────────────────────────────────────────
    ../test-results/tests-blog-cta-Blog-CTA-E2-597ab-maintain-design-consistency-firefox/test-failed-1.png
    ────────────────────────────────────────────────────────────────────────────────────────────────

    attachment #2: video (video/webm) ──────────────────────────────────────────────────────────────
    ../test-results/tests-blog-cta-Blog-CTA-E2-597ab-maintain-design-consistency-firefox/video.webm
    ────────────────────────────────────────────────────────────────────────────────────────────────

    Error Context: ../test-results/tests-blog-cta-Blog-CTA-E2-597ab-maintain-design-consistency-firefox/error-context.md
]]>
</failure>
<system-out>
<![CDATA[
[[ATTACHMENT|tests-blog-cta-Blog-CTA-E2-597ab-maintain-design-consistency-firefox/test-failed-1.png]]

[[ATTACHMENT|tests-blog-cta-Blog-CTA-E2-597ab-maintain-design-consistency-firefox/video.webm]]

[[ATTACHMENT|tests-blog-cta-Blog-CTA-E2-597ab-maintain-design-consistency-firefox/error-context.md]]
]]>
</system-out>
</testcase>
<testcase name="Blog CTA E2E Tests › should support blog-to-course conversion funnel" classname="tests/blog-cta.spec.ts" time="1.547">
<failure message="blog-cta.spec.ts:64:7 should support blog-to-course conversion funnel" type="FAILURE">
<![CDATA[  [firefox] › tests/blog-cta.spec.ts:64:7 › Blog CTA E2E Tests › should support blog-to-course conversion funnel 

    Error: page.goto: NS_ERROR_CONNECTION_REFUSED
    Call log:
      - navigating to "http://localhost:3000/blog", waiting until "load"


       at utils/blog-cta-page.ts:43

      41 |    */
      42 |   async navigateToBlog(): Promise<void> {
    > 43 |     await this.page.goto('/blog');
         |                     ^
      44 |     await this.helpers.waitForNetworkIdle();
      45 |     await this.helpers.waitForStableElement(this.blogContainer);
      46 |   }
        at BlogCTAPage.navigateToBlog (/home/am/TestAlex/e2e/utils/blog-cta-page.ts:43:21)
        at BlogCTAPage.testConversionFunnel (/home/am/TestAlex/e2e/utils/blog-cta-page.ts:372:16)
        at /home/am/TestAlex/e2e/tests/blog-cta.spec.ts:65:23

    attachment #1: screenshot (image/png) ──────────────────────────────────────────────────────────
    ../test-results/tests-blog-cta-Blog-CTA-E2-7fb42-to-course-conversion-funnel-firefox/test-failed-1.png
    ────────────────────────────────────────────────────────────────────────────────────────────────

    attachment #2: video (video/webm) ──────────────────────────────────────────────────────────────
    ../test-results/tests-blog-cta-Blog-CTA-E2-7fb42-to-course-conversion-funnel-firefox/video.webm
    ────────────────────────────────────────────────────────────────────────────────────────────────

    Error Context: ../test-results/tests-blog-cta-Blog-CTA-E2-7fb42-to-course-conversion-funnel-firefox/error-context.md
]]>
</failure>
<system-out>
<![CDATA[
[[ATTACHMENT|tests-blog-cta-Blog-CTA-E2-7fb42-to-course-conversion-funnel-firefox/test-failed-1.png]]

[[ATTACHMENT|tests-blog-cta-Blog-CTA-E2-7fb42-to-course-conversion-funnel-firefox/video.webm]]

[[ATTACHMENT|tests-blog-cta-Blog-CTA-E2-7fb42-to-course-conversion-funnel-firefox/error-context.md]]
]]>
</system-out>
</testcase>
<testcase name="Blog CTA E2E Tests › should display CTAs on blog posts" classname="tests/blog-cta.spec.ts" time="1.578">
<failure message="blog-cta.spec.ts:68:7 should display CTAs on blog posts" type="FAILURE">
<![CDATA[  [firefox] › tests/blog-cta.spec.ts:68:7 › Blog CTA E2E Tests › should display CTAs on blog posts ─

    Error: page.goto: NS_ERROR_CONNECTION_REFUSED
    Call log:
      - navigating to "http://localhost:3000/blog", waiting until "load"


      68 |   test('should display CTAs on blog posts', async ({ page }) => {
      69 |     // Navigate to a specific blog post if available
    > 70 |     await page.goto('/blog');
         |                ^
      71 |     await page.waitForLoadState('networkidle');
      72 |     
      73 |     // Look for blog post links
        at /home/am/TestAlex/e2e/tests/blog-cta.spec.ts:70:16

    attachment #1: screenshot (image/png) ──────────────────────────────────────────────────────────
    ../test-results/tests-blog-cta-Blog-CTA-E2-eca02--display-CTAs-on-blog-posts-firefox/test-failed-1.png
    ────────────────────────────────────────────────────────────────────────────────────────────────

    attachment #2: video (video/webm) ──────────────────────────────────────────────────────────────
    ../test-results/tests-blog-cta-Blog-CTA-E2-eca02--display-CTAs-on-blog-posts-firefox/video.webm
    ────────────────────────────────────────────────────────────────────────────────────────────────

    Error Context: ../test-results/tests-blog-cta-Blog-CTA-E2-eca02--display-CTAs-on-blog-posts-firefox/error-context.md
]]>
</failure>
<system-out>
<![CDATA[
[[ATTACHMENT|tests-blog-cta-Blog-CTA-E2-eca02--display-CTAs-on-blog-posts-firefox/test-failed-1.png]]

[[ATTACHMENT|tests-blog-cta-Blog-CTA-E2-eca02--display-CTAs-on-blog-posts-firefox/video.webm]]

[[ATTACHMENT|tests-blog-cta-Blog-CTA-E2-eca02--display-CTAs-on-blog-posts-firefox/error-context.md]]
]]>
</system-out>
</testcase>
<testcase name="Blog CTA E2E Tests › should handle CTA hover effects" classname="tests/blog-cta.spec.ts" time="1.53">
<failure message="blog-cta.spec.ts:92:7 should handle CTA hover effects" type="FAILURE">
<![CDATA[  [firefox] › tests/blog-cta.spec.ts:92:7 › Blog CTA E2E Tests › should handle CTA hover effects ───

    Error: page.goto: NS_ERROR_CONNECTION_REFUSED
    Call log:
      - navigating to "http://localhost:3000/blog", waiting until "load"


       at utils/blog-cta-page.ts:43

      41 |    */
      42 |   async navigateToBlog(): Promise<void> {
    > 43 |     await this.page.goto('/blog');
         |                     ^
      44 |     await this.helpers.waitForNetworkIdle();
      45 |     await this.helpers.waitForStableElement(this.blogContainer);
      46 |   }
        at BlogCTAPage.navigateToBlog (/home/am/TestAlex/e2e/utils/blog-cta-page.ts:43:21)
        at /home/am/TestAlex/e2e/tests/blog-cta.spec.ts:93:23

    attachment #1: screenshot (image/png) ──────────────────────────────────────────────────────────
    ../test-results/tests-blog-cta-Blog-CTA-E2-63908-ld-handle-CTA-hover-effects-firefox/test-failed-1.png
    ────────────────────────────────────────────────────────────────────────────────────────────────

    attachment #2: video (video/webm) ──────────────────────────────────────────────────────────────
    ../test-results/tests-blog-cta-Blog-CTA-E2-63908-ld-handle-CTA-hover-effects-firefox/video.webm
    ────────────────────────────────────────────────────────────────────────────────────────────────

    Error Context: ../test-results/tests-blog-cta-Blog-CTA-E2-63908-ld-handle-CTA-hover-effects-firefox/error-context.md
]]>
</failure>
<system-out>
<![CDATA[
[[ATTACHMENT|tests-blog-cta-Blog-CTA-E2-63908-ld-handle-CTA-hover-effects-firefox/test-failed-1.png]]

[[ATTACHMENT|tests-blog-cta-Blog-CTA-E2-63908-ld-handle-CTA-hover-effects-firefox/video.webm]]

[[ATTACHMENT|tests-blog-cta-Blog-CTA-E2-63908-ld-handle-CTA-hover-effects-firefox/error-context.md]]
]]>
</system-out>
</testcase>
<testcase name="Blog CTA E2E Tests › should handle multiple CTA placements" classname="tests/blog-cta.spec.ts" time="1.709">
<failure message="blog-cta.spec.ts:125:7 should handle multiple CTA placements" type="FAILURE">
<![CDATA[  [firefox] › tests/blog-cta.spec.ts:125:7 › Blog CTA E2E Tests › should handle multiple CTA placements 

    Error: page.goto: NS_ERROR_CONNECTION_REFUSED
    Call log:
      - navigating to "http://localhost:3000/blog", waiting until "load"


       at utils/blog-cta-page.ts:43

      41 |    */
      42 |   async navigateToBlog(): Promise<void> {
    > 43 |     await this.page.goto('/blog');
         |                     ^
      44 |     await this.helpers.waitForNetworkIdle();
      45 |     await this.helpers.waitForStableElement(this.blogContainer);
      46 |   }
        at BlogCTAPage.navigateToBlog (/home/am/TestAlex/e2e/utils/blog-cta-page.ts:43:21)
        at /home/am/TestAlex/e2e/tests/blog-cta.spec.ts:126:23

    attachment #1: screenshot (image/png) ──────────────────────────────────────────────────────────
    ../test-results/tests-blog-cta-Blog-CTA-E2-7ee7e-dle-multiple-CTA-placements-firefox/test-failed-1.png
    ────────────────────────────────────────────────────────────────────────────────────────────────

    attachment #2: video (video/webm) ──────────────────────────────────────────────────────────────
    ../test-results/tests-blog-cta-Blog-CTA-E2-7ee7e-dle-multiple-CTA-placements-firefox/video.webm
    ────────────────────────────────────────────────────────────────────────────────────────────────

    Error Context: ../test-results/tests-blog-cta-Blog-CTA-E2-7ee7e-dle-multiple-CTA-placements-firefox/error-context.md
]]>
</failure>
<system-out>
<![CDATA[
[[ATTACHMENT|tests-blog-cta-Blog-CTA-E2-7ee7e-dle-multiple-CTA-placements-firefox/test-failed-1.png]]

[[ATTACHMENT|tests-blog-cta-Blog-CTA-E2-7ee7e-dle-multiple-CTA-placements-firefox/video.webm]]

[[ATTACHMENT|tests-blog-cta-Blog-CTA-E2-7ee7e-dle-multiple-CTA-placements-firefox/error-context.md]]
]]>
</system-out>
</testcase>
<testcase name="Blog CTA E2E Tests › should maintain CTA visibility during scroll" classname="tests/blog-cta.spec.ts" time="1.631">
<failure message="blog-cta.spec.ts:149:7 should maintain CTA visibility during scroll" type="FAILURE">
<![CDATA[  [firefox] › tests/blog-cta.spec.ts:149:7 › Blog CTA E2E Tests › should maintain CTA visibility during scroll 

    Error: page.goto: NS_ERROR_CONNECTION_REFUSED
    Call log:
      - navigating to "http://localhost:3000/blog", waiting until "load"


       at utils/blog-cta-page.ts:43

      41 |    */
      42 |   async navigateToBlog(): Promise<void> {
    > 43 |     await this.page.goto('/blog');
         |                     ^
      44 |     await this.helpers.waitForNetworkIdle();
      45 |     await this.helpers.waitForStableElement(this.blogContainer);
      46 |   }
        at BlogCTAPage.navigateToBlog (/home/am/TestAlex/e2e/utils/blog-cta-page.ts:43:21)
        at /home/am/TestAlex/e2e/tests/blog-cta.spec.ts:150:23

    attachment #1: screenshot (image/png) ──────────────────────────────────────────────────────────
    ../test-results/tests-blog-cta-Blog-CTA-E2-8960e-TA-visibility-during-scroll-firefox/test-failed-1.png
    ────────────────────────────────────────────────────────────────────────────────────────────────

    attachment #2: video (video/webm) ──────────────────────────────────────────────────────────────
    ../test-results/tests-blog-cta-Blog-CTA-E2-8960e-TA-visibility-during-scroll-firefox/video.webm
    ────────────────────────────────────────────────────────────────────────────────────────────────

    Error Context: ../test-results/tests-blog-cta-Blog-CTA-E2-8960e-TA-visibility-during-scroll-firefox/error-context.md
]]>
</failure>
<system-out>
<![CDATA[
[[ATTACHMENT|tests-blog-cta-Blog-CTA-E2-8960e-TA-visibility-during-scroll-firefox/test-failed-1.png]]

[[ATTACHMENT|tests-blog-cta-Blog-CTA-E2-8960e-TA-visibility-during-scroll-firefox/video.webm]]

[[ATTACHMENT|tests-blog-cta-Blog-CTA-E2-8960e-TA-visibility-during-scroll-firefox/error-context.md]]
]]>
</system-out>
</testcase>
<testcase name="Blog CTA E2E Tests › should handle CTA for different user segments" classname="tests/blog-cta.spec.ts" time="1.784">
<failure message="blog-cta.spec.ts:167:7 should handle CTA for different user segments" type="FAILURE">
<![CDATA[  [firefox] › tests/blog-cta.spec.ts:167:7 › Blog CTA E2E Tests › should handle CTA for different user segments 

    Error: page.goto: NS_ERROR_CONNECTION_REFUSED
    Call log:
      - navigating to "http://localhost:3000/blog", waiting until "load"


       at utils/blog-cta-page.ts:43

      41 |    */
      42 |   async navigateToBlog(): Promise<void> {
    > 43 |     await this.page.goto('/blog');
         |                     ^
      44 |     await this.helpers.waitForNetworkIdle();
      45 |     await this.helpers.waitForStableElement(this.blogContainer);
      46 |   }
        at BlogCTAPage.navigateToBlog (/home/am/TestAlex/e2e/utils/blog-cta-page.ts:43:21)
        at /home/am/TestAlex/e2e/tests/blog-cta.spec.ts:168:23

    attachment #1: screenshot (image/png) ──────────────────────────────────────────────────────────
    ../test-results/tests-blog-cta-Blog-CTA-E2-9a27b-for-different-user-segments-firefox/test-failed-1.png
    ────────────────────────────────────────────────────────────────────────────────────────────────

    attachment #2: video (video/webm) ──────────────────────────────────────────────────────────────
    ../test-results/tests-blog-cta-Blog-CTA-E2-9a27b-for-different-user-segments-firefox/video.webm
    ────────────────────────────────────────────────────────────────────────────────────────────────

    Error Context: ../test-results/tests-blog-cta-Blog-CTA-E2-9a27b-for-different-user-segments-firefox/error-context.md
]]>
</failure>
<system-out>
<![CDATA[
[[ATTACHMENT|tests-blog-cta-Blog-CTA-E2-9a27b-for-different-user-segments-firefox/test-failed-1.png]]

[[ATTACHMENT|tests-blog-cta-Blog-CTA-E2-9a27b-for-different-user-segments-firefox/video.webm]]

[[ATTACHMENT|tests-blog-cta-Blog-CTA-E2-9a27b-for-different-user-segments-firefox/error-context.md]]
]]>
</system-out>
</testcase>
<testcase name="Blog CTA E2E Tests › should show appropriate CTAs based on content" classname="tests/blog-cta.spec.ts" time="1.776">
<failure message="blog-cta.spec.ts:188:7 should show appropriate CTAs based on content" type="FAILURE">
<![CDATA[  [firefox] › tests/blog-cta.spec.ts:188:7 › Blog CTA E2E Tests › should show appropriate CTAs based on content 

    Error: page.goto: NS_ERROR_CONNECTION_REFUSED
    Call log:
      - navigating to "http://localhost:3000/blog", waiting until "load"


       at utils/blog-cta-page.ts:43

      41 |    */
      42 |   async navigateToBlog(): Promise<void> {
    > 43 |     await this.page.goto('/blog');
         |                     ^
      44 |     await this.helpers.waitForNetworkIdle();
      45 |     await this.helpers.waitForStableElement(this.blogContainer);
      46 |   }
        at BlogCTAPage.navigateToBlog (/home/am/TestAlex/e2e/utils/blog-cta-page.ts:43:21)
        at /home/am/TestAlex/e2e/tests/blog-cta.spec.ts:189:23

    attachment #1: screenshot (image/png) ──────────────────────────────────────────────────────────
    ../test-results/tests-blog-cta-Blog-CTA-E2-e2f84-riate-CTAs-based-on-content-firefox/test-failed-1.png
    ────────────────────────────────────────────────────────────────────────────────────────────────

    attachment #2: video (video/webm) ──────────────────────────────────────────────────────────────
    ../test-results/tests-blog-cta-Blog-CTA-E2-e2f84-riate-CTAs-based-on-content-firefox/video.webm
    ────────────────────────────────────────────────────────────────────────────────────────────────

    Error Context: ../test-results/tests-blog-cta-Blog-CTA-E2-e2f84-riate-CTAs-based-on-content-firefox/error-context.md
]]>
</failure>
<system-out>
<![CDATA[
[[ATTACHMENT|tests-blog-cta-Blog-CTA-E2-e2f84-riate-CTAs-based-on-content-firefox/test-failed-1.png]]

[[ATTACHMENT|tests-blog-cta-Blog-CTA-E2-e2f84-riate-CTAs-based-on-content-firefox/video.webm]]

[[ATTACHMENT|tests-blog-cta-Blog-CTA-E2-e2f84-riate-CTAs-based-on-content-firefox/error-context.md]]
]]>
</system-out>
</testcase>
<testcase name="Blog CTA E2E Tests › should handle CTA A/B test variations" classname="tests/blog-cta.spec.ts" time="1.657">
<failure message="blog-cta.spec.ts:206:7 should handle CTA A/B test variations" type="FAILURE">
<![CDATA[  [firefox] › tests/blog-cta.spec.ts:206:7 › Blog CTA E2E Tests › should handle CTA A/B test variations 

    Error: page.goto: NS_ERROR_CONNECTION_REFUSED
    Call log:
      - navigating to "http://localhost:3000/blog", waiting until "load"


       at utils/blog-cta-page.ts:43

      41 |    */
      42 |   async navigateToBlog(): Promise<void> {
    > 43 |     await this.page.goto('/blog');
         |                     ^
      44 |     await this.helpers.waitForNetworkIdle();
      45 |     await this.helpers.waitForStableElement(this.blogContainer);
      46 |   }
        at BlogCTAPage.navigateToBlog (/home/am/TestAlex/e2e/utils/blog-cta-page.ts:43:21)
        at /home/am/TestAlex/e2e/tests/blog-cta.spec.ts:207:23

    attachment #1: screenshot (image/png) ──────────────────────────────────────────────────────────
    ../test-results/tests-blog-cta-Blog-CTA-E2-d39a1-dle-CTA-A-B-test-variations-firefox/test-failed-1.png
    ────────────────────────────────────────────────────────────────────────────────────────────────

    attachment #2: video (video/webm) ──────────────────────────────────────────────────────────────
    ../test-results/tests-blog-cta-Blog-CTA-E2-d39a1-dle-CTA-A-B-test-variations-firefox/video.webm
    ────────────────────────────────────────────────────────────────────────────────────────────────

    Error Context: ../test-results/tests-blog-cta-Blog-CTA-E2-d39a1-dle-CTA-A-B-test-variations-firefox/error-context.md
]]>
</failure>
<system-out>
<![CDATA[
[[ATTACHMENT|tests-blog-cta-Blog-CTA-E2-d39a1-dle-CTA-A-B-test-variations-firefox/test-failed-1.png]]

[[ATTACHMENT|tests-blog-cta-Blog-CTA-E2-d39a1-dle-CTA-A-B-test-variations-firefox/video.webm]]

[[ATTACHMENT|tests-blog-cta-Blog-CTA-E2-d39a1-dle-CTA-A-B-test-variations-firefox/error-context.md]]
]]>
</system-out>
</testcase>
</testsuite>
<testsuite name="tests/chat.spec.ts" timestamp="2025-08-14T13:39:24.147Z" hostname="firefox" tests="13" failures="13" skipped="0" time="21.983" errors="0">
<testcase name="Chat Interface E2E Tests › should display chat interface correctly" classname="tests/chat.spec.ts" time="1.705">
<failure message="chat.spec.ts:12:7 should display chat interface correctly" type="FAILURE">
<![CDATA[  [firefox] › tests/chat.spec.ts:12:7 › Chat Interface E2E Tests › should display chat interface correctly 

    Error: page.goto: NS_ERROR_CONNECTION_REFUSED
    Call log:
      - navigating to "http://localhost:3000/chat", waiting until "load"


       at utils/chat-page.ts:33

      31 |    */
      32 |   async navigateToChat(): Promise<void> {
    > 33 |     await this.page.goto('/chat');
         |                     ^
      34 |     await this.helpers.waitForNetworkIdle();
      35 |     await this.helpers.waitForStableElement(this.chatContainer);
      36 |   }
        at ChatPage.navigateToChat (/home/am/TestAlex/e2e/utils/chat-page.ts:33:21)
        at /home/am/TestAlex/e2e/tests/chat.spec.ts:9:20

    attachment #1: screenshot (image/png) ──────────────────────────────────────────────────────────
    ../test-results/tests-chat-Chat-Interface--38dfb-ay-chat-interface-correctly-firefox/test-failed-1.png
    ────────────────────────────────────────────────────────────────────────────────────────────────

    attachment #2: video (video/webm) ──────────────────────────────────────────────────────────────
    ../test-results/tests-chat-Chat-Interface--38dfb-ay-chat-interface-correctly-firefox/video.webm
    ────────────────────────────────────────────────────────────────────────────────────────────────

    Error Context: ../test-results/tests-chat-Chat-Interface--38dfb-ay-chat-interface-correctly-firefox/error-context.md
]]>
</failure>
<system-out>
<![CDATA[
[[ATTACHMENT|tests-chat-Chat-Interface--38dfb-ay-chat-interface-correctly-firefox/test-failed-1.png]]

[[ATTACHMENT|tests-chat-Chat-Interface--38dfb-ay-chat-interface-correctly-firefox/video.webm]]

[[ATTACHMENT|tests-chat-Chat-Interface--38dfb-ay-chat-interface-correctly-firefox/error-context.md]]
]]>
</system-out>
</testcase>
<testcase name="Chat Interface E2E Tests › should send and receive messages" classname="tests/chat.spec.ts" time="1.63">
<failure message="chat.spec.ts:21:7 should send and receive messages" type="FAILURE">
<![CDATA[  [firefox] › tests/chat.spec.ts:21:7 › Chat Interface E2E Tests › should send and receive messages 

    Error: page.goto: NS_ERROR_CONNECTION_REFUSED
    Call log:
      - navigating to "http://localhost:3000/chat", waiting until "load"


       at utils/chat-page.ts:33

      31 |    */
      32 |   async navigateToChat(): Promise<void> {
    > 33 |     await this.page.goto('/chat');
         |                     ^
      34 |     await this.helpers.waitForNetworkIdle();
      35 |     await this.helpers.waitForStableElement(this.chatContainer);
      36 |   }
        at ChatPage.navigateToChat (/home/am/TestAlex/e2e/utils/chat-page.ts:33:21)
        at /home/am/TestAlex/e2e/tests/chat.spec.ts:9:20

    attachment #1: screenshot (image/png) ──────────────────────────────────────────────────────────
    ../test-results/tests-chat-Chat-Interface--0aefe-d-send-and-receive-messages-firefox/test-failed-1.png
    ────────────────────────────────────────────────────────────────────────────────────────────────

    attachment #2: video (video/webm) ──────────────────────────────────────────────────────────────
    ../test-results/tests-chat-Chat-Interface--0aefe-d-send-and-receive-messages-firefox/video.webm
    ────────────────────────────────────────────────────────────────────────────────────────────────

    Error Context: ../test-results/tests-chat-Chat-Interface--0aefe-d-send-and-receive-messages-firefox/error-context.md
]]>
</failure>
<system-out>
<![CDATA[
[[ATTACHMENT|tests-chat-Chat-Interface--0aefe-d-send-and-receive-messages-firefox/test-failed-1.png]]

[[ATTACHMENT|tests-chat-Chat-Interface--0aefe-d-send-and-receive-messages-firefox/video.webm]]

[[ATTACHMENT|tests-chat-Chat-Interface--0aefe-d-send-and-receive-messages-firefox/error-context.md]]
]]>
</system-out>
</testcase>
<testcase name="Chat Interface E2E Tests › should validate ACIM content authenticity" classname="tests/chat.spec.ts" time="1.647">
<failure message="chat.spec.ts:31:7 should validate ACIM content authenticity" type="FAILURE">
<![CDATA[  [firefox] › tests/chat.spec.ts:31:7 › Chat Interface E2E Tests › should validate ACIM content authenticity 

    Error: page.goto: NS_ERROR_CONNECTION_REFUSED
    Call log:
      - navigating to "http://localhost:3000/chat", waiting until "load"


       at utils/chat-page.ts:33

      31 |    */
      32 |   async navigateToChat(): Promise<void> {
    > 33 |     await this.page.goto('/chat');
         |                     ^
      34 |     await this.helpers.waitForNetworkIdle();
      35 |     await this.helpers.waitForStableElement(this.chatContainer);
      36 |   }
        at ChatPage.navigateToChat (/home/am/TestAlex/e2e/utils/chat-page.ts:33:21)
        at /home/am/TestAlex/e2e/tests/chat.spec.ts:9:20

    attachment #1: screenshot (image/png) ──────────────────────────────────────────────────────────
    ../test-results/tests-chat-Chat-Interface--85055-e-ACIM-content-authenticity-firefox/test-failed-1.png
    ────────────────────────────────────────────────────────────────────────────────────────────────

    attachment #2: video (video/webm) ──────────────────────────────────────────────────────────────
    ../test-results/tests-chat-Chat-Interface--85055-e-ACIM-content-authenticity-firefox/video.webm
    ────────────────────────────────────────────────────────────────────────────────────────────────

    Error Context: ../test-results/tests-chat-Chat-Interface--85055-e-ACIM-content-authenticity-firefox/error-context.md
]]>
</failure>
<system-out>
<![CDATA[
[[ATTACHMENT|tests-chat-Chat-Interface--85055-e-ACIM-content-authenticity-firefox/test-failed-1.png]]

[[ATTACHMENT|tests-chat-Chat-Interface--85055-e-ACIM-content-authenticity-firefox/video.webm]]

[[ATTACHMENT|tests-chat-Chat-Interface--85055-e-ACIM-content-authenticity-firefox/error-context.md]]
]]>
</system-out>
</testcase>
<testcase name="Chat Interface E2E Tests › should handle quick actions" classname="tests/chat.spec.ts" time="1.648">
<failure message="chat.spec.ts:35:7 should handle quick actions" type="FAILURE">
<![CDATA[  [firefox] › tests/chat.spec.ts:35:7 › Chat Interface E2E Tests › should handle quick actions ─────

    Error: page.goto: NS_ERROR_CONNECTION_REFUSED
    Call log:
      - navigating to "http://localhost:3000/chat", waiting until "load"


       at utils/chat-page.ts:33

      31 |    */
      32 |   async navigateToChat(): Promise<void> {
    > 33 |     await this.page.goto('/chat');
         |                     ^
      34 |     await this.helpers.waitForNetworkIdle();
      35 |     await this.helpers.waitForStableElement(this.chatContainer);
      36 |   }
        at ChatPage.navigateToChat (/home/am/TestAlex/e2e/utils/chat-page.ts:33:21)
        at /home/am/TestAlex/e2e/tests/chat.spec.ts:9:20

    attachment #1: screenshot (image/png) ──────────────────────────────────────────────────────────
    ../test-results/tests-chat-Chat-Interface--10929-should-handle-quick-actions-firefox/test-failed-1.png
    ────────────────────────────────────────────────────────────────────────────────────────────────

    attachment #2: video (video/webm) ──────────────────────────────────────────────────────────────
    ../test-results/tests-chat-Chat-Interface--10929-should-handle-quick-actions-firefox/video.webm
    ────────────────────────────────────────────────────────────────────────────────────────────────

    Error Context: ../test-results/tests-chat-Chat-Interface--10929-should-handle-quick-actions-firefox/error-context.md
]]>
</failure>
<system-out>
<![CDATA[
[[ATTACHMENT|tests-chat-Chat-Interface--10929-should-handle-quick-actions-firefox/test-failed-1.png]]

[[ATTACHMENT|tests-chat-Chat-Interface--10929-should-handle-quick-actions-firefox/video.webm]]

[[ATTACHMENT|tests-chat-Chat-Interface--10929-should-handle-quick-actions-firefox/error-context.md]]
]]>
</system-out>
</testcase>
<testcase name="Chat Interface E2E Tests › should handle error scenarios gracefully" classname="tests/chat.spec.ts" time="1.698">
<failure message="chat.spec.ts:39:7 should handle error scenarios gracefully" type="FAILURE">
<![CDATA[  [firefox] › tests/chat.spec.ts:39:7 › Chat Interface E2E Tests › should handle error scenarios gracefully 

    Error: page.goto: NS_ERROR_CONNECTION_REFUSED
    Call log:
      - navigating to "http://localhost:3000/chat", waiting until "load"


       at utils/chat-page.ts:33

      31 |    */
      32 |   async navigateToChat(): Promise<void> {
    > 33 |     await this.page.goto('/chat');
         |                     ^
      34 |     await this.helpers.waitForNetworkIdle();
      35 |     await this.helpers.waitForStableElement(this.chatContainer);
      36 |   }
        at ChatPage.navigateToChat (/home/am/TestAlex/e2e/utils/chat-page.ts:33:21)
        at /home/am/TestAlex/e2e/tests/chat.spec.ts:9:20

    attachment #1: screenshot (image/png) ──────────────────────────────────────────────────────────
    ../test-results/tests-chat-Chat-Interface--6dc72--error-scenarios-gracefully-firefox/test-failed-1.png
    ────────────────────────────────────────────────────────────────────────────────────────────────

    attachment #2: video (video/webm) ──────────────────────────────────────────────────────────────
    ../test-results/tests-chat-Chat-Interface--6dc72--error-scenarios-gracefully-firefox/video.webm
    ────────────────────────────────────────────────────────────────────────────────────────────────

    Error Context: ../test-results/tests-chat-Chat-Interface--6dc72--error-scenarios-gracefully-firefox/error-context.md
]]>
</failure>
<system-out>
<![CDATA[
[[ATTACHMENT|tests-chat-Chat-Interface--6dc72--error-scenarios-gracefully-firefox/test-failed-1.png]]

[[ATTACHMENT|tests-chat-Chat-Interface--6dc72--error-scenarios-gracefully-firefox/video.webm]]

[[ATTACHMENT|tests-chat-Chat-Interface--6dc72--error-scenarios-gracefully-firefox/error-context.md]]
]]>
</system-out>
</testcase>
<testcase name="Chat Interface E2E Tests › should be accessible via keyboard navigation" classname="tests/chat.spec.ts" time="1.633">
<failure message="chat.spec.ts:43:7 should be accessible via keyboard navigation" type="FAILURE">
<![CDATA[  [firefox] › tests/chat.spec.ts:43:7 › Chat Interface E2E Tests › should be accessible via keyboard navigation 

    Error: page.goto: NS_ERROR_CONNECTION_REFUSED
    Call log:
      - navigating to "http://localhost:3000/chat", waiting until "load"


       at utils/chat-page.ts:33

      31 |    */
      32 |   async navigateToChat(): Promise<void> {
    > 33 |     await this.page.goto('/chat');
         |                     ^
      34 |     await this.helpers.waitForNetworkIdle();
      35 |     await this.helpers.waitForStableElement(this.chatContainer);
      36 |   }
        at ChatPage.navigateToChat (/home/am/TestAlex/e2e/utils/chat-page.ts:33:21)
        at /home/am/TestAlex/e2e/tests/chat.spec.ts:9:20

    attachment #1: screenshot (image/png) ──────────────────────────────────────────────────────────
    ../test-results/tests-chat-Chat-Interface--09767-ble-via-keyboard-navigation-firefox/test-failed-1.png
    ────────────────────────────────────────────────────────────────────────────────────────────────

    attachment #2: video (video/webm) ──────────────────────────────────────────────────────────────
    ../test-results/tests-chat-Chat-Interface--09767-ble-via-keyboard-navigation-firefox/video.webm
    ────────────────────────────────────────────────────────────────────────────────────────────────

    Error Context: ../test-results/tests-chat-Chat-Interface--09767-ble-via-keyboard-navigation-firefox/error-context.md
]]>
</failure>
<system-out>
<![CDATA[
[[ATTACHMENT|tests-chat-Chat-Interface--09767-ble-via-keyboard-navigation-firefox/test-failed-1.png]]

[[ATTACHMENT|tests-chat-Chat-Interface--09767-ble-via-keyboard-navigation-firefox/video.webm]]

[[ATTACHMENT|tests-chat-Chat-Interface--09767-ble-via-keyboard-navigation-firefox/error-context.md]]
]]>
</system-out>
</testcase>
<testcase name="Chat Interface E2E Tests › should perform well under load" classname="tests/chat.spec.ts" time="1.73">
<failure message="chat.spec.ts:47:7 should perform well under load" type="FAILURE">
<![CDATA[  [firefox] › tests/chat.spec.ts:47:7 › Chat Interface E2E Tests › should perform well under load ──

    Error: page.goto: NS_ERROR_CONNECTION_REFUSED
    Call log:
      - navigating to "http://localhost:3000/chat", waiting until "load"


       at utils/chat-page.ts:33

      31 |    */
      32 |   async navigateToChat(): Promise<void> {
    > 33 |     await this.page.goto('/chat');
         |                     ^
      34 |     await this.helpers.waitForNetworkIdle();
      35 |     await this.helpers.waitForStableElement(this.chatContainer);
      36 |   }
        at ChatPage.navigateToChat (/home/am/TestAlex/e2e/utils/chat-page.ts:33:21)
        at /home/am/TestAlex/e2e/tests/chat.spec.ts:9:20

    attachment #1: screenshot (image/png) ──────────────────────────────────────────────────────────
    ../test-results/tests-chat-Chat-Interface--edce9-uld-perform-well-under-load-firefox/test-failed-1.png
    ────────────────────────────────────────────────────────────────────────────────────────────────

    attachment #2: video (video/webm) ──────────────────────────────────────────────────────────────
    ../test-results/tests-chat-Chat-Interface--edce9-uld-perform-well-under-load-firefox/video.webm
    ────────────────────────────────────────────────────────────────────────────────────────────────

    Error Context: ../test-results/tests-chat-Chat-Interface--edce9-uld-perform-well-under-load-firefox/error-context.md
]]>
</failure>
<system-out>
<![CDATA[
[[ATTACHMENT|tests-chat-Chat-Interface--edce9-uld-perform-well-under-load-firefox/test-failed-1.png]]

[[ATTACHMENT|tests-chat-Chat-Interface--edce9-uld-perform-well-under-load-firefox/video.webm]]

[[ATTACHMENT|tests-chat-Chat-Interface--edce9-uld-perform-well-under-load-firefox/error-context.md]]
]]>
</system-out>
</testcase>
<testcase name="Chat Interface E2E Tests › should work correctly on mobile devices" classname="tests/chat.spec.ts" time="1.661">
<failure message="chat.spec.ts:51:7 should work correctly on mobile devices" type="FAILURE">
<![CDATA[  [firefox] › tests/chat.spec.ts:51:7 › Chat Interface E2E Tests › should work correctly on mobile devices 

    Error: page.goto: NS_ERROR_CONNECTION_REFUSED
    Call log:
      - navigating to "http://localhost:3000/chat", waiting until "load"


       at utils/chat-page.ts:33

      31 |    */
      32 |   async navigateToChat(): Promise<void> {
    > 33 |     await this.page.goto('/chat');
         |                     ^
      34 |     await this.helpers.waitForNetworkIdle();
      35 |     await this.helpers.waitForStableElement(this.chatContainer);
      36 |   }
        at ChatPage.navigateToChat (/home/am/TestAlex/e2e/utils/chat-page.ts:33:21)
        at /home/am/TestAlex/e2e/tests/chat.spec.ts:9:20

    attachment #1: screenshot (image/png) ──────────────────────────────────────────────────────────
    ../test-results/tests-chat-Chat-Interface--d21c0-correctly-on-mobile-devices-firefox/test-failed-1.png
    ────────────────────────────────────────────────────────────────────────────────────────────────

    attachment #2: video (video/webm) ──────────────────────────────────────────────────────────────
    ../test-results/tests-chat-Chat-Interface--d21c0-correctly-on-mobile-devices-firefox/video.webm
    ────────────────────────────────────────────────────────────────────────────────────────────────

    Error Context: ../test-results/tests-chat-Chat-Interface--d21c0-correctly-on-mobile-devices-firefox/error-context.md
]]>
</failure>
<system-out>
<![CDATA[
[[ATTACHMENT|tests-chat-Chat-Interface--d21c0-correctly-on-mobile-devices-firefox/test-failed-1.png]]

[[ATTACHMENT|tests-chat-Chat-Interface--d21c0-correctly-on-mobile-devices-firefox/video.webm]]

[[ATTACHMENT|tests-chat-Chat-Interface--d21c0-correctly-on-mobile-devices-firefox/error-context.md]]
]]>
</system-out>
</testcase>
<testcase name="Chat Interface E2E Tests › should allow clearing chat history" classname="tests/chat.spec.ts" time="1.902">
<failure message="chat.spec.ts:55:7 should allow clearing chat history" type="FAILURE">
<![CDATA[  [firefox] › tests/chat.spec.ts:55:7 › Chat Interface E2E Tests › should allow clearing chat history 

    Error: page.goto: NS_ERROR_CONNECTION_REFUSED
    Call log:
      - navigating to "http://localhost:3000/chat", waiting until "load"


       at utils/chat-page.ts:33

      31 |    */
      32 |   async navigateToChat(): Promise<void> {
    > 33 |     await this.page.goto('/chat');
         |                     ^
      34 |     await this.helpers.waitForNetworkIdle();
      35 |     await this.helpers.waitForStableElement(this.chatContainer);
      36 |   }
        at ChatPage.navigateToChat (/home/am/TestAlex/e2e/utils/chat-page.ts:33:21)
        at /home/am/TestAlex/e2e/tests/chat.spec.ts:9:20

    attachment #1: screenshot (image/png) ──────────────────────────────────────────────────────────
    ../test-results/tests-chat-Chat-Interface--d2347-allow-clearing-chat-history-firefox/test-failed-1.png
    ────────────────────────────────────────────────────────────────────────────────────────────────

    attachment #2: video (video/webm) ──────────────────────────────────────────────────────────────
    ../test-results/tests-chat-Chat-Interface--d2347-allow-clearing-chat-history-firefox/video.webm
    ────────────────────────────────────────────────────────────────────────────────────────────────

    Error Context: ../test-results/tests-chat-Chat-Interface--d2347-allow-clearing-chat-history-firefox/error-context.md
]]>
</failure>
<system-out>
<![CDATA[
[[ATTACHMENT|tests-chat-Chat-Interface--d2347-allow-clearing-chat-history-firefox/test-failed-1.png]]

[[ATTACHMENT|tests-chat-Chat-Interface--d2347-allow-clearing-chat-history-firefox/video.webm]]

[[ATTACHMENT|tests-chat-Chat-Interface--d2347-allow-clearing-chat-history-firefox/error-context.md]]
]]>
</system-out>
</testcase>
<testcase name="Chat Interface E2E Tests › should handle special ACIM queries" classname="tests/chat.spec.ts" time="1.774">
<failure message="chat.spec.ts:64:7 should handle special ACIM queries" type="FAILURE">
<![CDATA[  [firefox] › tests/chat.spec.ts:64:7 › Chat Interface E2E Tests › should handle special ACIM queries 

    Error: page.goto: NS_ERROR_CONNECTION_REFUSED
    Call log:
      - navigating to "http://localhost:3000/chat", waiting until "load"


       at utils/chat-page.ts:33

      31 |    */
      32 |   async navigateToChat(): Promise<void> {
    > 33 |     await this.page.goto('/chat');
         |                     ^
      34 |     await this.helpers.waitForNetworkIdle();
      35 |     await this.helpers.waitForStableElement(this.chatContainer);
      36 |   }
        at ChatPage.navigateToChat (/home/am/TestAlex/e2e/utils/chat-page.ts:33:21)
        at /home/am/TestAlex/e2e/tests/chat.spec.ts:9:20

    attachment #1: screenshot (image/png) ──────────────────────────────────────────────────────────
    ../test-results/tests-chat-Chat-Interface--11978-handle-special-ACIM-queries-firefox/test-failed-1.png
    ────────────────────────────────────────────────────────────────────────────────────────────────

    attachment #2: video (video/webm) ──────────────────────────────────────────────────────────────
    ../test-results/tests-chat-Chat-Interface--11978-handle-special-ACIM-queries-firefox/video.webm
    ────────────────────────────────────────────────────────────────────────────────────────────────

    Error Context: ../test-results/tests-chat-Chat-Interface--11978-handle-special-ACIM-queries-firefox/error-context.md
]]>
</failure>
<system-out>
<![CDATA[
[[ATTACHMENT|tests-chat-Chat-Interface--11978-handle-special-ACIM-queries-firefox/test-failed-1.png]]

[[ATTACHMENT|tests-chat-Chat-Interface--11978-handle-special-ACIM-queries-firefox/video.webm]]

[[ATTACHMENT|tests-chat-Chat-Interface--11978-handle-special-ACIM-queries-firefox/error-context.md]]
]]>
</system-out>
</testcase>
<testcase name="Chat Interface E2E Tests › should maintain conversation context" classname="tests/chat.spec.ts" time="1.618">
<failure message="chat.spec.ts:87:7 should maintain conversation context" type="FAILURE">
<![CDATA[  [firefox] › tests/chat.spec.ts:87:7 › Chat Interface E2E Tests › should maintain conversation context 

    Error: page.goto: NS_ERROR_CONNECTION_REFUSED
    Call log:
      - navigating to "http://localhost:3000/chat", waiting until "load"


       at utils/chat-page.ts:33

      31 |    */
      32 |   async navigateToChat(): Promise<void> {
    > 33 |     await this.page.goto('/chat');
         |                     ^
      34 |     await this.helpers.waitForNetworkIdle();
      35 |     await this.helpers.waitForStableElement(this.chatContainer);
      36 |   }
        at ChatPage.navigateToChat (/home/am/TestAlex/e2e/utils/chat-page.ts:33:21)
        at /home/am/TestAlex/e2e/tests/chat.spec.ts:9:20

    attachment #1: screenshot (image/png) ──────────────────────────────────────────────────────────
    ../test-results/tests-chat-Chat-Interface--cf44b-intain-conversation-context-firefox/test-failed-1.png
    ────────────────────────────────────────────────────────────────────────────────────────────────

    attachment #2: video (video/webm) ──────────────────────────────────────────────────────────────
    ../test-results/tests-chat-Chat-Interface--cf44b-intain-conversation-context-firefox/video.webm
    ────────────────────────────────────────────────────────────────────────────────────────────────

    Error Context: ../test-results/tests-chat-Chat-Interface--cf44b-intain-conversation-context-firefox/error-context.md
]]>
</failure>
<system-out>
<![CDATA[
[[ATTACHMENT|tests-chat-Chat-Interface--cf44b-intain-conversation-context-firefox/test-failed-1.png]]

[[ATTACHMENT|tests-chat-Chat-Interface--cf44b-intain-conversation-context-firefox/video.webm]]

[[ATTACHMENT|tests-chat-Chat-Interface--cf44b-intain-conversation-context-firefox/error-context.md]]
]]>
</system-out>
</testcase>
<testcase name="Chat Interface E2E Tests › should handle long conversations" classname="tests/chat.spec.ts" time="1.702">
<failure message="chat.spec.ts:101:7 should handle long conversations" type="FAILURE">
<![CDATA[  [firefox] › tests/chat.spec.ts:101:7 › Chat Interface E2E Tests › should handle long conversations 

    Error: page.goto: NS_ERROR_CONNECTION_REFUSED
    Call log:
      - navigating to "http://localhost:3000/chat", waiting until "load"


       at utils/chat-page.ts:33

      31 |    */
      32 |   async navigateToChat(): Promise<void> {
    > 33 |     await this.page.goto('/chat');
         |                     ^
      34 |     await this.helpers.waitForNetworkIdle();
      35 |     await this.helpers.waitForStableElement(this.chatContainer);
      36 |   }
        at ChatPage.navigateToChat (/home/am/TestAlex/e2e/utils/chat-page.ts:33:21)
        at /home/am/TestAlex/e2e/tests/chat.spec.ts:9:20

    attachment #1: screenshot (image/png) ──────────────────────────────────────────────────────────
    ../test-results/tests-chat-Chat-Interface--8ba00-d-handle-long-conversations-firefox/test-failed-1.png
    ────────────────────────────────────────────────────────────────────────────────────────────────

    attachment #2: video (video/webm) ──────────────────────────────────────────────────────────────
    ../test-results/tests-chat-Chat-Interface--8ba00-d-handle-long-conversations-firefox/video.webm
    ────────────────────────────────────────────────────────────────────────────────────────────────

    Error Context: ../test-results/tests-chat-Chat-Interface--8ba00-d-handle-long-conversations-firefox/error-context.md
]]>
</failure>
<system-out>
<![CDATA[
[[ATTACHMENT|tests-chat-Chat-Interface--8ba00-d-handle-long-conversations-firefox/test-failed-1.png]]

[[ATTACHMENT|tests-chat-Chat-Interface--8ba00-d-handle-long-conversations-firefox/video.webm]]

[[ATTACHMENT|tests-chat-Chat-Interface--8ba00-d-handle-long-conversations-firefox/error-context.md]]
]]>
</system-out>
</testcase>
<testcase name="Chat Interface E2E Tests › should handle network interruptions gracefully" classname="tests/chat.spec.ts" time="1.635">
<failure message="chat.spec.ts:121:7 should handle network interruptions gracefully" type="FAILURE">
<![CDATA[  [firefox] › tests/chat.spec.ts:121:7 › Chat Interface E2E Tests › should handle network interruptions gracefully 

    Error: page.goto: NS_ERROR_CONNECTION_REFUSED
    Call log:
      - navigating to "http://localhost:3000/chat", waiting until "load"


       at utils/chat-page.ts:33

      31 |    */
      32 |   async navigateToChat(): Promise<void> {
    > 33 |     await this.page.goto('/chat');
         |                     ^
      34 |     await this.helpers.waitForNetworkIdle();
      35 |     await this.helpers.waitForStableElement(this.chatContainer);
      36 |   }
        at ChatPage.navigateToChat (/home/am/TestAlex/e2e/utils/chat-page.ts:33:21)
        at /home/am/TestAlex/e2e/tests/chat.spec.ts:9:20

    attachment #1: screenshot (image/png) ──────────────────────────────────────────────────────────
    ../test-results/tests-chat-Chat-Interface--3918c-rk-interruptions-gracefully-firefox/test-failed-1.png
    ────────────────────────────────────────────────────────────────────────────────────────────────

    attachment #2: video (video/webm) ──────────────────────────────────────────────────────────────
    ../test-results/tests-chat-Chat-Interface--3918c-rk-interruptions-gracefully-firefox/video.webm
    ────────────────────────────────────────────────────────────────────────────────────────────────

    Error Context: ../test-results/tests-chat-Chat-Interface--3918c-rk-interruptions-gracefully-firefox/error-context.md
]]>
</failure>
<system-out>
<![CDATA[
[[ATTACHMENT|tests-chat-Chat-Interface--3918c-rk-interruptions-gracefully-firefox/test-failed-1.png]]

[[ATTACHMENT|tests-chat-Chat-Interface--3918c-rk-interruptions-gracefully-firefox/video.webm]]

[[ATTACHMENT|tests-chat-Chat-Interface--3918c-rk-interruptions-gracefully-firefox/error-context.md]]
]]>
</system-out>
</testcase>
</testsuite>
<testsuite name="tests/purchase.spec.ts" timestamp="2025-08-14T13:39:24.147Z" hostname="firefox" tests="16" failures="16" skipped="0" time="33.334" errors="0">
<testcase name="Course Purchase E2E Tests › should display pricing information correctly" classname="tests/purchase.spec.ts" time="1.668">
<failure message="purchase.spec.ts:11:7 should display pricing information correctly" type="FAILURE">
<![CDATA[  [firefox] › tests/purchase.spec.ts:11:7 › Course Purchase E2E Tests › should display pricing information correctly 

    Error: page.goto: NS_ERROR_CONNECTION_REFUSED
    Call log:
      - navigating to "http://localhost:3000/purchase", waiting until "load"


       at utils/purchase-page.ts:45

      43 |    */
      44 |   async navigateToPurchase(): Promise<void> {
    > 45 |     await this.page.goto('/purchase');
         |                     ^
      46 |     await this.helpers.waitForNetworkIdle();
      47 |     await this.helpers.waitForStableElement(this.pricingSection);
      48 |   }
        at PurchasePage.navigateToPurchase (/home/am/TestAlex/e2e/utils/purchase-page.ts:45:21)
        at /home/am/TestAlex/e2e/tests/purchase.spec.ts:12:24

    attachment #1: screenshot (image/png) ──────────────────────────────────────────────────────────
    ../test-results/tests-purchase-Course-Purc-5895d-icing-information-correctly-firefox/test-failed-1.png
    ────────────────────────────────────────────────────────────────────────────────────────────────

    attachment #2: video (video/webm) ──────────────────────────────────────────────────────────────
    ../test-results/tests-purchase-Course-Purc-5895d-icing-information-correctly-firefox/video.webm
    ────────────────────────────────────────────────────────────────────────────────────────────────

    Error Context: ../test-results/tests-purchase-Course-Purc-5895d-icing-information-correctly-firefox/error-context.md
]]>
</failure>
<system-out>
<![CDATA[
[[ATTACHMENT|tests-purchase-Course-Purc-5895d-icing-information-correctly-firefox/test-failed-1.png]]

[[ATTACHMENT|tests-purchase-Course-Purc-5895d-icing-information-correctly-firefox/video.webm]]

[[ATTACHMENT|tests-purchase-Course-Purc-5895d-icing-information-correctly-firefox/error-context.md]]
]]>
</system-out>
</testcase>
<testcase name="Course Purchase E2E Tests › should handle valid purchase flow" classname="tests/purchase.spec.ts" time="1.689">
<failure message="purchase.spec.ts:16:7 should handle valid purchase flow" type="FAILURE">
<![CDATA[  [firefox] › tests/purchase.spec.ts:16:7 › Course Purchase E2E Tests › should handle valid purchase flow 

    Error: page.goto: NS_ERROR_CONNECTION_REFUSED
    Call log:
      - navigating to "http://localhost:3000/purchase", waiting until "load"


       at utils/purchase-page.ts:45

      43 |    */
      44 |   async navigateToPurchase(): Promise<void> {
    > 45 |     await this.page.goto('/purchase');
         |                     ^
      46 |     await this.helpers.waitForNetworkIdle();
      47 |     await this.helpers.waitForStableElement(this.pricingSection);
      48 |   }
        at PurchasePage.navigateToPurchase (/home/am/TestAlex/e2e/utils/purchase-page.ts:45:21)
        at /home/am/TestAlex/e2e/tests/purchase.spec.ts:22:24

    attachment #1: screenshot (image/png) ──────────────────────────────────────────────────────────
    ../test-results/tests-purchase-Course-Purc-3408f--handle-valid-purchase-flow-firefox/test-failed-1.png
    ────────────────────────────────────────────────────────────────────────────────────────────────

    attachment #2: video (video/webm) ──────────────────────────────────────────────────────────────
    ../test-results/tests-purchase-Course-Purc-3408f--handle-valid-purchase-flow-firefox/video.webm
    ────────────────────────────────────────────────────────────────────────────────────────────────

    Error Context: ../test-results/tests-purchase-Course-Purc-3408f--handle-valid-purchase-flow-firefox/error-context.md
]]>
</failure>
<system-out>
<![CDATA[
[[ATTACHMENT|tests-purchase-Course-Purc-3408f--handle-valid-purchase-flow-firefox/test-failed-1.png]]

[[ATTACHMENT|tests-purchase-Course-Purc-3408f--handle-valid-purchase-flow-firefox/video.webm]]

[[ATTACHMENT|tests-purchase-Course-Purc-3408f--handle-valid-purchase-flow-firefox/error-context.md]]
]]>
</system-out>
</testcase>
<testcase name="Course Purchase E2E Tests › should handle invalid payment details" classname="tests/purchase.spec.ts" time="1.722">
<failure message="purchase.spec.ts:26:7 should handle invalid payment details" type="FAILURE">
<![CDATA[  [firefox] › tests/purchase.spec.ts:26:7 › Course Purchase E2E Tests › should handle invalid payment details 

    Error: page.goto: NS_ERROR_CONNECTION_REFUSED
    Call log:
      - navigating to "http://localhost:3000/purchase", waiting until "load"


       at utils/purchase-page.ts:45

      43 |    */
      44 |   async navigateToPurchase(): Promise<void> {
    > 45 |     await this.page.goto('/purchase');
         |                     ^
      46 |     await this.helpers.waitForNetworkIdle();
      47 |     await this.helpers.waitForStableElement(this.pricingSection);
      48 |   }
        at PurchasePage.navigateToPurchase (/home/am/TestAlex/e2e/utils/purchase-page.ts:45:21)
        at /home/am/TestAlex/e2e/tests/purchase.spec.ts:27:24

    attachment #1: screenshot (image/png) ──────────────────────────────────────────────────────────
    ../test-results/tests-purchase-Course-Purc-09abf-dle-invalid-payment-details-firefox/test-failed-1.png
    ────────────────────────────────────────────────────────────────────────────────────────────────

    attachment #2: video (video/webm) ──────────────────────────────────────────────────────────────
    ../test-results/tests-purchase-Course-Purc-09abf-dle-invalid-payment-details-firefox/video.webm
    ────────────────────────────────────────────────────────────────────────────────────────────────

    Error Context: ../test-results/tests-purchase-Course-Purc-09abf-dle-invalid-payment-details-firefox/error-context.md
]]>
</failure>
<system-out>
<![CDATA[
[[ATTACHMENT|tests-purchase-Course-Purc-09abf-dle-invalid-payment-details-firefox/test-failed-1.png]]

[[ATTACHMENT|tests-purchase-Course-Purc-09abf-dle-invalid-payment-details-firefox/video.webm]]

[[ATTACHMENT|tests-purchase-Course-Purc-09abf-dle-invalid-payment-details-firefox/error-context.md]]
]]>
</system-out>
</testcase>
<testcase name="Course Purchase E2E Tests › should show security features" classname="tests/purchase.spec.ts" time="1.672">
<failure message="purchase.spec.ts:31:7 should show security features" type="FAILURE">
<![CDATA[  [firefox] › tests/purchase.spec.ts:31:7 › Course Purchase E2E Tests › should show security features 

    Error: page.goto: NS_ERROR_CONNECTION_REFUSED
    Call log:
      - navigating to "http://localhost:3000/purchase", waiting until "load"


       at utils/purchase-page.ts:45

      43 |    */
      44 |   async navigateToPurchase(): Promise<void> {
    > 45 |     await this.page.goto('/purchase');
         |                     ^
      46 |     await this.helpers.waitForNetworkIdle();
      47 |     await this.helpers.waitForStableElement(this.pricingSection);
      48 |   }
        at PurchasePage.navigateToPurchase (/home/am/TestAlex/e2e/utils/purchase-page.ts:45:21)
        at PurchasePage.testSecurityFeatures (/home/am/TestAlex/e2e/utils/purchase-page.ts:235:16)
        at /home/am/TestAlex/e2e/tests/purchase.spec.ts:32:24

    attachment #1: screenshot (image/png) ──────────────────────────────────────────────────────────
    ../test-results/tests-purchase-Course-Purc-dcedb-ould-show-security-features-firefox/test-failed-1.png
    ────────────────────────────────────────────────────────────────────────────────────────────────

    attachment #2: video (video/webm) ──────────────────────────────────────────────────────────────
    ../test-results/tests-purchase-Course-Purc-dcedb-ould-show-security-features-firefox/video.webm
    ────────────────────────────────────────────────────────────────────────────────────────────────

    Error Context: ../test-results/tests-purchase-Course-Purc-dcedb-ould-show-security-features-firefox/error-context.md
]]>
</failure>
<system-out>
<![CDATA[
[[ATTACHMENT|tests-purchase-Course-Purc-dcedb-ould-show-security-features-firefox/test-failed-1.png]]

[[ATTACHMENT|tests-purchase-Course-Purc-dcedb-ould-show-security-features-firefox/video.webm]]

[[ATTACHMENT|tests-purchase-Course-Purc-dcedb-ould-show-security-features-firefox/error-context.md]]
]]>
</system-out>
</testcase>
<testcase name="Course Purchase E2E Tests › should work on mobile devices" classname="tests/purchase.spec.ts" time="6.856">
<failure message="purchase.spec.ts:35:7 should work on mobile devices" type="FAILURE">
<![CDATA[  [firefox] › tests/purchase.spec.ts:35:7 › Course Purchase E2E Tests › should work on mobile devices 

    Error: Timed out 5000ms waiting for expect(locator).toBeVisible()

    Locator: locator('[data-testid="pricing"], .pricing-section, .price-display')
    Expected: visible
    Received: <element(s) not found>
    Call log:
      - Expect "toBeVisible" with timeout 5000ms
      - waiting for locator('[data-testid="pricing"], .pricing-section, .price-display')


       at utils/purchase-page.ts:260

      258 |     
      259 |     // All purchase elements should be visible and accessible on mobile
    > 260 |     await expect(this.pricingSection).toBeVisible();
          |                                       ^
      261 |     await expect(this.buyButton).toBeVisible();
      262 |     
      263 |     // Initiate purchase flow on mobile
        at PurchasePage.testMobilePurchaseFlow (/home/am/TestAlex/e2e/utils/purchase-page.ts:260:39)
        at /home/am/TestAlex/e2e/tests/purchase.spec.ts:36:5

    attachment #1: screenshot (image/png) ──────────────────────────────────────────────────────────
    ../test-results/tests-purchase-Course-Purc-9df7b-ould-work-on-mobile-devices-firefox/test-failed-1.png
    ────────────────────────────────────────────────────────────────────────────────────────────────

    attachment #2: video (video/webm) ──────────────────────────────────────────────────────────────
    ../test-results/tests-purchase-Course-Purc-9df7b-ould-work-on-mobile-devices-firefox/video.webm
    ────────────────────────────────────────────────────────────────────────────────────────────────
]]>
</failure>
<system-out>
<![CDATA[
[[ATTACHMENT|tests-purchase-Course-Purc-9df7b-ould-work-on-mobile-devices-firefox/test-failed-1.png]]

[[ATTACHMENT|tests-purchase-Course-Purc-9df7b-ould-work-on-mobile-devices-firefox/video.webm]]
]]>
</system-out>
</testcase>
<testcase name="Course Purchase E2E Tests › should load purchase page quickly" classname="tests/purchase.spec.ts" time="1.677">
<failure message="purchase.spec.ts:39:7 should load purchase page quickly" type="FAILURE">
<![CDATA[  [firefox] › tests/purchase.spec.ts:39:7 › Course Purchase E2E Tests › should load purchase page quickly 

    Error: page.goto: NS_ERROR_CONNECTION_REFUSED
    Call log:
      - navigating to "http://localhost:3000/purchase", waiting until "load"


       at utils/purchase-page.ts:45

      43 |    */
      44 |   async navigateToPurchase(): Promise<void> {
    > 45 |     await this.page.goto('/purchase');
         |                     ^
      46 |     await this.helpers.waitForNetworkIdle();
      47 |     await this.helpers.waitForStableElement(this.pricingSection);
      48 |   }
        at PurchasePage.navigateToPurchase (/home/am/TestAlex/e2e/utils/purchase-page.ts:45:21)
        at PurchasePage.testPurchasePerformance (/home/am/TestAlex/e2e/utils/purchase-page.ts:278:16)
        at /home/am/TestAlex/e2e/tests/purchase.spec.ts:40:24

    attachment #1: screenshot (image/png) ──────────────────────────────────────────────────────────
    ../test-results/tests-purchase-Course-Purc-a6a2c--load-purchase-page-quickly-firefox/test-failed-1.png
    ────────────────────────────────────────────────────────────────────────────────────────────────

    attachment #2: video (video/webm) ──────────────────────────────────────────────────────────────
    ../test-results/tests-purchase-Course-Purc-a6a2c--load-purchase-page-quickly-firefox/video.webm
    ────────────────────────────────────────────────────────────────────────────────────────────────

    Error Context: ../test-results/tests-purchase-Course-Purc-a6a2c--load-purchase-page-quickly-firefox/error-context.md
]]>
</failure>
<system-out>
<![CDATA[
[[ATTACHMENT|tests-purchase-Course-Purc-a6a2c--load-purchase-page-quickly-firefox/test-failed-1.png]]

[[ATTACHMENT|tests-purchase-Course-Purc-a6a2c--load-purchase-page-quickly-firefox/video.webm]]

[[ATTACHMENT|tests-purchase-Course-Purc-a6a2c--load-purchase-page-quickly-firefox/error-context.md]]
]]>
</system-out>
</testcase>
<testcase name="Course Purchase E2E Tests › should be accessible" classname="tests/purchase.spec.ts" time="1.597">
<failure message="purchase.spec.ts:43:7 should be accessible" type="FAILURE">
<![CDATA[  [firefox] › tests/purchase.spec.ts:43:7 › Course Purchase E2E Tests › should be accessible ───────

    Error: page.goto: NS_ERROR_CONNECTION_REFUSED
    Call log:
      - navigating to "http://localhost:3000/purchase", waiting until "load"


       at utils/purchase-page.ts:45

      43 |    */
      44 |   async navigateToPurchase(): Promise<void> {
    > 45 |     await this.page.goto('/purchase');
         |                     ^
      46 |     await this.helpers.waitForNetworkIdle();
      47 |     await this.helpers.waitForStableElement(this.pricingSection);
      48 |   }
        at PurchasePage.navigateToPurchase (/home/am/TestAlex/e2e/utils/purchase-page.ts:45:21)
        at PurchasePage.testPurchaseAccessibility (/home/am/TestAlex/e2e/utils/purchase-page.ts:301:16)
        at /home/am/TestAlex/e2e/tests/purchase.spec.ts:44:24

    attachment #1: screenshot (image/png) ──────────────────────────────────────────────────────────
    ../test-results/tests-purchase-Course-Purc-57494--Tests-should-be-accessible-firefox/test-failed-1.png
    ────────────────────────────────────────────────────────────────────────────────────────────────

    attachment #2: video (video/webm) ──────────────────────────────────────────────────────────────
    ../test-results/tests-purchase-Course-Purc-57494--Tests-should-be-accessible-firefox/video.webm
    ────────────────────────────────────────────────────────────────────────────────────────────────

    Error Context: ../test-results/tests-purchase-Course-Purc-57494--Tests-should-be-accessible-firefox/error-context.md
]]>
</failure>
<system-out>
<![CDATA[
[[ATTACHMENT|tests-purchase-Course-Purc-57494--Tests-should-be-accessible-firefox/test-failed-1.png]]

[[ATTACHMENT|tests-purchase-Course-Purc-57494--Tests-should-be-accessible-firefox/video.webm]]

[[ATTACHMENT|tests-purchase-Course-Purc-57494--Tests-should-be-accessible-firefox/error-context.md]]
]]>
</system-out>
</testcase>
<testcase name="Course Purchase E2E Tests › should support different pricing tiers" classname="tests/purchase.spec.ts" time="1.72">
<failure message="purchase.spec.ts:47:7 should support different pricing tiers" type="FAILURE">
<![CDATA[  [firefox] › tests/purchase.spec.ts:47:7 › Course Purchase E2E Tests › should support different pricing tiers 

    Error: page.goto: NS_ERROR_CONNECTION_REFUSED
    Call log:
      - navigating to "http://localhost:3000/purchase", waiting until "load"


       at utils/purchase-page.ts:45

      43 |    */
      44 |   async navigateToPurchase(): Promise<void> {
    > 45 |     await this.page.goto('/purchase');
         |                     ^
      46 |     await this.helpers.waitForNetworkIdle();
      47 |     await this.helpers.waitForStableElement(this.pricingSection);
      48 |   }
        at PurchasePage.navigateToPurchase (/home/am/TestAlex/e2e/utils/purchase-page.ts:45:21)
        at /home/am/TestAlex/e2e/tests/purchase.spec.ts:48:24

    attachment #1: screenshot (image/png) ──────────────────────────────────────────────────────────
    ../test-results/tests-purchase-Course-Purc-f3276-ort-different-pricing-tiers-firefox/test-failed-1.png
    ────────────────────────────────────────────────────────────────────────────────────────────────

    attachment #2: video (video/webm) ──────────────────────────────────────────────────────────────
    ../test-results/tests-purchase-Course-Purc-f3276-ort-different-pricing-tiers-firefox/video.webm
    ────────────────────────────────────────────────────────────────────────────────────────────────

    Error Context: ../test-results/tests-purchase-Course-Purc-f3276-ort-different-pricing-tiers-firefox/error-context.md
]]>
</failure>
<system-out>
<![CDATA[
[[ATTACHMENT|tests-purchase-Course-Purc-f3276-ort-different-pricing-tiers-firefox/test-failed-1.png]]

[[ATTACHMENT|tests-purchase-Course-Purc-f3276-ort-different-pricing-tiers-firefox/video.webm]]

[[ATTACHMENT|tests-purchase-Course-Purc-f3276-ort-different-pricing-tiers-firefox/error-context.md]]
]]>
</system-out>
</testcase>
<testcase name="Course Purchase E2E Tests › should allow purchase cancellation" classname="tests/purchase.spec.ts" time="1.694">
<failure message="purchase.spec.ts:52:7 should allow purchase cancellation" type="FAILURE">
<![CDATA[  [firefox] › tests/purchase.spec.ts:52:7 › Course Purchase E2E Tests › should allow purchase cancellation 

    Error: page.goto: NS_ERROR_CONNECTION_REFUSED
    Call log:
      - navigating to "http://localhost:3000/purchase", waiting until "load"


       at utils/purchase-page.ts:45

      43 |    */
      44 |   async navigateToPurchase(): Promise<void> {
    > 45 |     await this.page.goto('/purchase');
         |                     ^
      46 |     await this.helpers.waitForNetworkIdle();
      47 |     await this.helpers.waitForStableElement(this.pricingSection);
      48 |   }
        at PurchasePage.navigateToPurchase (/home/am/TestAlex/e2e/utils/purchase-page.ts:45:21)
        at /home/am/TestAlex/e2e/tests/purchase.spec.ts:53:24

    attachment #1: screenshot (image/png) ──────────────────────────────────────────────────────────
    ../test-results/tests-purchase-Course-Purc-99785-allow-purchase-cancellation-firefox/test-failed-1.png
    ────────────────────────────────────────────────────────────────────────────────────────────────

    attachment #2: video (video/webm) ──────────────────────────────────────────────────────────────
    ../test-results/tests-purchase-Course-Purc-99785-allow-purchase-cancellation-firefox/video.webm
    ────────────────────────────────────────────────────────────────────────────────────────────────

    Error Context: ../test-results/tests-purchase-Course-Purc-99785-allow-purchase-cancellation-firefox/error-context.md
]]>
</failure>
<system-out>
<![CDATA[
[[ATTACHMENT|tests-purchase-Course-Purc-99785-allow-purchase-cancellation-firefox/test-failed-1.png]]

[[ATTACHMENT|tests-purchase-Course-Purc-99785-allow-purchase-cancellation-firefox/video.webm]]

[[ATTACHMENT|tests-purchase-Course-Purc-99785-allow-purchase-cancellation-firefox/error-context.md]]
]]>
</system-out>
</testcase>
<testcase name="Course Purchase E2E Tests › should initiate purchase from course page" classname="tests/purchase.spec.ts" time="1.725">
<failure message="purchase.spec.ts:57:7 should initiate purchase from course page" type="FAILURE">
<![CDATA[  [firefox] › tests/purchase.spec.ts:57:7 › Course Purchase E2E Tests › should initiate purchase from course page 

    Error: page.goto: NS_ERROR_CONNECTION_REFUSED
    Call log:
      - navigating to "http://localhost:3000/courses", waiting until "load"


       at utils/purchase-page.ts:54

      52 |    */
      53 |   async navigateToCourseAndPurchase(): Promise<void> {
    > 54 |     await this.page.goto('/courses');
         |                     ^
      55 |     await this.helpers.waitForNetworkIdle();
      56 |     
      57 |     // Find and click on the first available course
        at PurchasePage.navigateToCourseAndPurchase (/home/am/TestAlex/e2e/utils/purchase-page.ts:54:21)
        at /home/am/TestAlex/e2e/tests/purchase.spec.ts:58:24

    attachment #1: screenshot (image/png) ──────────────────────────────────────────────────────────
    ../test-results/tests-purchase-Course-Purc-e1b34-e-purchase-from-course-page-firefox/test-failed-1.png
    ────────────────────────────────────────────────────────────────────────────────────────────────

    attachment #2: video (video/webm) ──────────────────────────────────────────────────────────────
    ../test-results/tests-purchase-Course-Purc-e1b34-e-purchase-from-course-page-firefox/video.webm
    ────────────────────────────────────────────────────────────────────────────────────────────────

    Error Context: ../test-results/tests-purchase-Course-Purc-e1b34-e-purchase-from-course-page-firefox/error-context.md
]]>
</failure>
<system-out>
<![CDATA[
[[ATTACHMENT|tests-purchase-Course-Purc-e1b34-e-purchase-from-course-page-firefox/test-failed-1.png]]

[[ATTACHMENT|tests-purchase-Course-Purc-e1b34-e-purchase-from-course-page-firefox/video.webm]]

[[ATTACHMENT|tests-purchase-Course-Purc-e1b34-e-purchase-from-course-page-firefox/error-context.md]]
]]>
</system-out>
</testcase>
<testcase name="Course Purchase E2E Tests › should validate form inputs" classname="tests/purchase.spec.ts" time="1.849">
<failure message="purchase.spec.ts:65:7 should validate form inputs" type="FAILURE">
<![CDATA[  [firefox] › tests/purchase.spec.ts:65:7 › Course Purchase E2E Tests › should validate form inputs 

    Error: page.goto: NS_ERROR_CONNECTION_REFUSED
    Call log:
      - navigating to "http://localhost:3000/purchase", waiting until "load"


       at utils/purchase-page.ts:45

      43 |    */
      44 |   async navigateToPurchase(): Promise<void> {
    > 45 |     await this.page.goto('/purchase');
         |                     ^
      46 |     await this.helpers.waitForNetworkIdle();
      47 |     await this.helpers.waitForStableElement(this.pricingSection);
      48 |   }
        at PurchasePage.navigateToPurchase (/home/am/TestAlex/e2e/utils/purchase-page.ts:45:21)
        at /home/am/TestAlex/e2e/tests/purchase.spec.ts:66:24

    attachment #1: screenshot (image/png) ──────────────────────────────────────────────────────────
    ../test-results/tests-purchase-Course-Purc-6b725-should-validate-form-inputs-firefox/test-failed-1.png
    ────────────────────────────────────────────────────────────────────────────────────────────────

    attachment #2: video (video/webm) ──────────────────────────────────────────────────────────────
    ../test-results/tests-purchase-Course-Purc-6b725-should-validate-form-inputs-firefox/video.webm
    ────────────────────────────────────────────────────────────────────────────────────────────────

    Error Context: ../test-results/tests-purchase-Course-Purc-6b725-should-validate-form-inputs-firefox/error-context.md
]]>
</failure>
<system-out>
<![CDATA[
[[ATTACHMENT|tests-purchase-Course-Purc-6b725-should-validate-form-inputs-firefox/test-failed-1.png]]

[[ATTACHMENT|tests-purchase-Course-Purc-6b725-should-validate-form-inputs-firefox/video.webm]]

[[ATTACHMENT|tests-purchase-Course-Purc-6b725-should-validate-form-inputs-firefox/error-context.md]]
]]>
</system-out>
</testcase>
<testcase name="Course Purchase E2E Tests › should handle payment provider integration" classname="tests/purchase.spec.ts" time="1.808">
<failure message="purchase.spec.ts:83:7 should handle payment provider integration" type="FAILURE">
<![CDATA[  [firefox] › tests/purchase.spec.ts:83:7 › Course Purchase E2E Tests › should handle payment provider integration 

    Error: page.goto: NS_ERROR_CONNECTION_REFUSED
    Call log:
      - navigating to "http://localhost:3000/purchase", waiting until "load"


       at utils/purchase-page.ts:45

      43 |    */
      44 |   async navigateToPurchase(): Promise<void> {
    > 45 |     await this.page.goto('/purchase');
         |                     ^
      46 |     await this.helpers.waitForNetworkIdle();
      47 |     await this.helpers.waitForStableElement(this.pricingSection);
      48 |   }
        at PurchasePage.navigateToPurchase (/home/am/TestAlex/e2e/utils/purchase-page.ts:45:21)
        at /home/am/TestAlex/e2e/tests/purchase.spec.ts:84:24

    attachment #1: screenshot (image/png) ──────────────────────────────────────────────────────────
    ../test-results/tests-purchase-Course-Purc-95b73-ayment-provider-integration-firefox/test-failed-1.png
    ────────────────────────────────────────────────────────────────────────────────────────────────

    attachment #2: video (video/webm) ──────────────────────────────────────────────────────────────
    ../test-results/tests-purchase-Course-Purc-95b73-ayment-provider-integration-firefox/video.webm
    ────────────────────────────────────────────────────────────────────────────────────────────────

    Error Context: ../test-results/tests-purchase-Course-Purc-95b73-ayment-provider-integration-firefox/error-context.md
]]>
</failure>
<system-out>
<![CDATA[
[[ATTACHMENT|tests-purchase-Course-Purc-95b73-ayment-provider-integration-firefox/test-failed-1.png]]

[[ATTACHMENT|tests-purchase-Course-Purc-95b73-ayment-provider-integration-firefox/video.webm]]

[[ATTACHMENT|tests-purchase-Course-Purc-95b73-ayment-provider-integration-firefox/error-context.md]]
]]>
</system-out>
</testcase>
<testcase name="Course Purchase E2E Tests › should show loading states during payment" classname="tests/purchase.spec.ts" time="1.689">
<failure message="purchase.spec.ts:96:7 should show loading states during payment" type="FAILURE">
<![CDATA[  [firefox] › tests/purchase.spec.ts:96:7 › Course Purchase E2E Tests › should show loading states during payment 

    Error: page.goto: NS_ERROR_CONNECTION_REFUSED
    Call log:
      - navigating to "http://localhost:3000/purchase", waiting until "load"


       at utils/purchase-page.ts:45

      43 |    */
      44 |   async navigateToPurchase(): Promise<void> {
    > 45 |     await this.page.goto('/purchase');
         |                     ^
      46 |     await this.helpers.waitForNetworkIdle();
      47 |     await this.helpers.waitForStableElement(this.pricingSection);
      48 |   }
        at PurchasePage.navigateToPurchase (/home/am/TestAlex/e2e/utils/purchase-page.ts:45:21)
        at /home/am/TestAlex/e2e/tests/purchase.spec.ts:97:24

    attachment #1: screenshot (image/png) ──────────────────────────────────────────────────────────
    ../test-results/tests-purchase-Course-Purc-d1b56-ading-states-during-payment-firefox/test-failed-1.png
    ────────────────────────────────────────────────────────────────────────────────────────────────

    attachment #2: video (video/webm) ──────────────────────────────────────────────────────────────
    ../test-results/tests-purchase-Course-Purc-d1b56-ading-states-during-payment-firefox/video.webm
    ────────────────────────────────────────────────────────────────────────────────────────────────

    Error Context: ../test-results/tests-purchase-Course-Purc-d1b56-ading-states-during-payment-firefox/error-context.md
]]>
</failure>
<system-out>
<![CDATA[
[[ATTACHMENT|tests-purchase-Course-Purc-d1b56-ading-states-during-payment-firefox/test-failed-1.png]]

[[ATTACHMENT|tests-purchase-Course-Purc-d1b56-ading-states-during-payment-firefox/video.webm]]

[[ATTACHMENT|tests-purchase-Course-Purc-d1b56-ading-states-during-payment-firefox/error-context.md]]
]]>
</system-out>
</testcase>
<testcase name="Course Purchase E2E Tests › should preserve form data on validation errors" classname="tests/purchase.spec.ts" time="1.851">
<failure message="purchase.spec.ts:122:7 should preserve form data on validation errors" type="FAILURE">
<![CDATA[  [firefox] › tests/purchase.spec.ts:122:7 › Course Purchase E2E Tests › should preserve form data on validation errors 

    Error: page.goto: NS_ERROR_CONNECTION_REFUSED
    Call log:
      - navigating to "http://localhost:3000/purchase", waiting until "load"


       at utils/purchase-page.ts:45

      43 |    */
      44 |   async navigateToPurchase(): Promise<void> {
    > 45 |     await this.page.goto('/purchase');
         |                     ^
      46 |     await this.helpers.waitForNetworkIdle();
      47 |     await this.helpers.waitForStableElement(this.pricingSection);
      48 |   }
        at PurchasePage.navigateToPurchase (/home/am/TestAlex/e2e/utils/purchase-page.ts:45:21)
        at /home/am/TestAlex/e2e/tests/purchase.spec.ts:123:24

    attachment #1: screenshot (image/png) ──────────────────────────────────────────────────────────
    ../test-results/tests-purchase-Course-Purc-ef154-m-data-on-validation-errors-firefox/test-failed-1.png
    ────────────────────────────────────────────────────────────────────────────────────────────────

    attachment #2: video (video/webm) ──────────────────────────────────────────────────────────────
    ../test-results/tests-purchase-Course-Purc-ef154-m-data-on-validation-errors-firefox/video.webm
    ────────────────────────────────────────────────────────────────────────────────────────────────

    Error Context: ../test-results/tests-purchase-Course-Purc-ef154-m-data-on-validation-errors-firefox/error-context.md
]]>
</failure>
<system-out>
<![CDATA[
[[ATTACHMENT|tests-purchase-Course-Purc-ef154-m-data-on-validation-errors-firefox/test-failed-1.png]]

[[ATTACHMENT|tests-purchase-Course-Purc-ef154-m-data-on-validation-errors-firefox/video.webm]]

[[ATTACHMENT|tests-purchase-Course-Purc-ef154-m-data-on-validation-errors-firefox/error-context.md]]
]]>
</system-out>
</testcase>
<testcase name="Course Purchase E2E Tests › should support promotional codes" classname="tests/purchase.spec.ts" time="2.105">
<failure message="purchase.spec.ts:145:7 should support promotional codes" type="FAILURE">
<![CDATA[  [firefox] › tests/purchase.spec.ts:145:7 › Course Purchase E2E Tests › should support promotional codes 

    Error: page.goto: NS_ERROR_CONNECTION_REFUSED
    Call log:
      - navigating to "http://localhost:3000/purchase", waiting until "load"


       at utils/purchase-page.ts:45

      43 |    */
      44 |   async navigateToPurchase(): Promise<void> {
    > 45 |     await this.page.goto('/purchase');
         |                     ^
      46 |     await this.helpers.waitForNetworkIdle();
      47 |     await this.helpers.waitForStableElement(this.pricingSection);
      48 |   }
        at PurchasePage.navigateToPurchase (/home/am/TestAlex/e2e/utils/purchase-page.ts:45:21)
        at /home/am/TestAlex/e2e/tests/purchase.spec.ts:146:24

    attachment #1: screenshot (image/png) ──────────────────────────────────────────────────────────
    ../test-results/tests-purchase-Course-Purc-aabea-d-support-promotional-codes-firefox/test-failed-1.png
    ────────────────────────────────────────────────────────────────────────────────────────────────

    attachment #2: video (video/webm) ──────────────────────────────────────────────────────────────
    ../test-results/tests-purchase-Course-Purc-aabea-d-support-promotional-codes-firefox/video.webm
    ────────────────────────────────────────────────────────────────────────────────────────────────

    Error Context: ../test-results/tests-purchase-Course-Purc-aabea-d-support-promotional-codes-firefox/error-context.md
]]>
</failure>
<system-out>
<![CDATA[
[[ATTACHMENT|tests-purchase-Course-Purc-aabea-d-support-promotional-codes-firefox/test-failed-1.png]]

[[ATTACHMENT|tests-purchase-Course-Purc-aabea-d-support-promotional-codes-firefox/video.webm]]

[[ATTACHMENT|tests-purchase-Course-Purc-aabea-d-support-promotional-codes-firefox/error-context.md]]
]]>
</system-out>
</testcase>
<testcase name="Course Purchase E2E Tests › should handle different currencies" classname="tests/purchase.spec.ts" time="2.012">
<failure message="purchase.spec.ts:168:7 should handle different currencies" type="FAILURE">
<![CDATA[  [firefox] › tests/purchase.spec.ts:168:7 › Course Purchase E2E Tests › should handle different currencies 

    Error: page.goto: NS_ERROR_CONNECTION_REFUSED
    Call log:
      - navigating to "http://localhost:3000/purchase", waiting until "load"


       at utils/purchase-page.ts:45

      43 |    */
      44 |   async navigateToPurchase(): Promise<void> {
    > 45 |     await this.page.goto('/purchase');
         |                     ^
      46 |     await this.helpers.waitForNetworkIdle();
      47 |     await this.helpers.waitForStableElement(this.pricingSection);
      48 |   }
        at PurchasePage.navigateToPurchase (/home/am/TestAlex/e2e/utils/purchase-page.ts:45:21)
        at /home/am/TestAlex/e2e/tests/purchase.spec.ts:169:24

    attachment #1: screenshot (image/png) ──────────────────────────────────────────────────────────
    ../test-results/tests-purchase-Course-Purc-1286e-handle-different-currencies-firefox/test-failed-1.png
    ────────────────────────────────────────────────────────────────────────────────────────────────

    attachment #2: video (video/webm) ──────────────────────────────────────────────────────────────
    ../test-results/tests-purchase-Course-Purc-1286e-handle-different-currencies-firefox/video.webm
    ────────────────────────────────────────────────────────────────────────────────────────────────

    Error Context: ../test-results/tests-purchase-Course-Purc-1286e-handle-different-currencies-firefox/error-context.md
]]>
</failure>
<system-out>
<![CDATA[
[[ATTACHMENT|tests-purchase-Course-Purc-1286e-handle-different-currencies-firefox/test-failed-1.png]]

[[ATTACHMENT|tests-purchase-Course-Purc-1286e-handle-different-currencies-firefox/video.webm]]

[[ATTACHMENT|tests-purchase-Course-Purc-1286e-handle-different-currencies-firefox/error-context.md]]
]]>
</system-out>
</testcase>
</testsuite>
<testsuite name="tests/acim-guide-debug.spec.ts" timestamp="2025-08-14T13:39:24.147Z" hostname="webkit" tests="11" failures="11" skipped="0" time="0.048" errors="0">
<testcase name="ACIM Guide - Debug and UX Testing › ✅ Page loads successfully with correct title and branding" classname="tests/acim-guide-debug.spec.ts" time="0.003">
<failure message="acim-guide-debug.spec.ts:15:7 ✅ Page loads successfully with correct title and branding" type="FAILURE">
<![CDATA[  [webkit] › tests/acim-guide-debug.spec.ts:15:7 › ACIM Guide - Debug and UX Testing › ✅ Page loads successfully with correct title and branding 

    Error: browserType.launch: 
    ╔══════════════════════════════════════════════════════╗
    ║ Host system is missing dependencies to run browsers. ║
    ║ Please install them with the following command:      ║
    ║                                                      ║
    ║     sudo npx playwright install-deps                 ║
    ║                                                      ║
    ║ Alternatively, use apt:                              ║
    ║     sudo apt-get install libavif16                   ║
    ║                                                      ║
    ║ <3 Playwright Team                                   ║
    ╚══════════════════════════════════════════════════════╝
]]>
</failure>
</testcase>
<testcase name="ACIM Guide - Debug and UX Testing › 🔧 Firebase authentication and connection status" classname="tests/acim-guide-debug.spec.ts" time="0.004">
<failure message="acim-guide-debug.spec.ts:29:7 🔧 Firebase authentication and connection status" type="FAILURE">
<![CDATA[  [webkit] › tests/acim-guide-debug.spec.ts:29:7 › ACIM Guide - Debug and UX Testing › 🔧 Firebase authentication and connection status 

    Error: browserType.launch: 
    ╔══════════════════════════════════════════════════════╗
    ║ Host system is missing dependencies to run browsers. ║
    ║ Please install them with the following command:      ║
    ║                                                      ║
    ║     sudo npx playwright install-deps                 ║
    ║                                                      ║
    ║ Alternatively, use apt:                              ║
    ║     sudo apt-get install libavif16                   ║
    ║                                                      ║
    ║ <3 Playwright Team                                   ║
    ╚══════════════════════════════════════════════════════╝
]]>
</failure>
</testcase>
<testcase name="ACIM Guide - Debug and UX Testing › 💬 Chat interface is functional and accessible" classname="tests/acim-guide-debug.spec.ts" time="0.003">
<failure message="acim-guide-debug.spec.ts:60:7 💬 Chat interface is functional and accessible" type="FAILURE">
<![CDATA[  [webkit] › tests/acim-guide-debug.spec.ts:60:7 › ACIM Guide - Debug and UX Testing › 💬 Chat interface is functional and accessible 

    Error: browserType.launch: 
    ╔══════════════════════════════════════════════════════╗
    ║ Host system is missing dependencies to run browsers. ║
    ║ Please install them with the following command:      ║
    ║                                                      ║
    ║     sudo npx playwright install-deps                 ║
    ║                                                      ║
    ║ Alternatively, use apt:                              ║
    ║     sudo apt-get install libavif16                   ║
    ║                                                      ║
    ║ <3 Playwright Team                                   ║
    ╚══════════════════════════════════════════════════════╝
]]>
</failure>
</testcase>
<testcase name="ACIM Guide - Debug and UX Testing › 🎯 Quick action buttons are present and functional" classname="tests/acim-guide-debug.spec.ts" time="0.007">
<failure message="acim-guide-debug.spec.ts:85:7 🎯 Quick action buttons are present and functional" type="FAILURE">
<![CDATA[  [webkit] › tests/acim-guide-debug.spec.ts:85:7 › ACIM Guide - Debug and UX Testing › 🎯 Quick action buttons are present and functional 

    Error: browserType.launch: 
    ╔══════════════════════════════════════════════════════╗
    ║ Host system is missing dependencies to run browsers. ║
    ║ Please install them with the following command:      ║
    ║                                                      ║
    ║     sudo npx playwright install-deps                 ║
    ║                                                      ║
    ║ Alternatively, use apt:                              ║
    ║     sudo apt-get install libavif16                   ║
    ║                                                      ║
    ║ <3 Playwright Team                                   ║
    ╚══════════════════════════════════════════════════════╝
]]>
</failure>
</testcase>
<testcase name="ACIM Guide - Debug and UX Testing › 📱 Responsive design works on mobile" classname="tests/acim-guide-debug.spec.ts" time="0.004">
<failure message="acim-guide-debug.spec.ts:109:7 📱 Responsive design works on mobile" type="FAILURE">
<![CDATA[  [webkit] › tests/acim-guide-debug.spec.ts:109:7 › ACIM Guide - Debug and UX Testing › 📱 Responsive design works on mobile 

    Error: browserType.launch: 
    ╔══════════════════════════════════════════════════════╗
    ║ Host system is missing dependencies to run browsers. ║
    ║ Please install them with the following command:      ║
    ║                                                      ║
    ║     sudo npx playwright install-deps                 ║
    ║                                                      ║
    ║ Alternatively, use apt:                              ║
    ║     sudo apt-get install libavif16                   ║
    ║                                                      ║
    ║ <3 Playwright Team                                   ║
    ╚══════════════════════════════════════════════════════╝
]]>
</failure>
</testcase>
<testcase name="ACIM Guide - Debug and UX Testing › 🔍 Debug actual chat functionality with Firebase" classname="tests/acim-guide-debug.spec.ts" time="0.004">
<failure message="acim-guide-debug.spec.ts:131:7 🔍 Debug actual chat functionality with Firebase" type="FAILURE">
<![CDATA[  [webkit] › tests/acim-guide-debug.spec.ts:131:7 › ACIM Guide - Debug and UX Testing › 🔍 Debug actual chat functionality with Firebase 

    Error: browserType.launch: 
    ╔══════════════════════════════════════════════════════╗
    ║ Host system is missing dependencies to run browsers. ║
    ║ Please install them with the following command:      ║
    ║                                                      ║
    ║     sudo npx playwright install-deps                 ║
    ║                                                      ║
    ║ Alternatively, use apt:                              ║
    ║     sudo apt-get install libavif16                   ║
    ║                                                      ║
    ║ <3 Playwright Team                                   ║
    ╚══════════════════════════════════════════════════════╝
]]>
</failure>
</testcase>
<testcase name="ACIM Guide - Debug and UX Testing › 🎨 Visual design and styling check" classname="tests/acim-guide-debug.spec.ts" time="0.003">
<failure message="acim-guide-debug.spec.ts:201:7 🎨 Visual design and styling check" type="FAILURE">
<![CDATA[  [webkit] › tests/acim-guide-debug.spec.ts:201:7 › ACIM Guide - Debug and UX Testing › 🎨 Visual design and styling check 

    Error: browserType.launch: 
    ╔══════════════════════════════════════════════════════╗
    ║ Host system is missing dependencies to run browsers. ║
    ║ Please install them with the following command:      ║
    ║                                                      ║
    ║     sudo npx playwright install-deps                 ║
    ║                                                      ║
    ║ Alternatively, use apt:                              ║
    ║     sudo apt-get install libavif16                   ║
    ║                                                      ║
    ║ <3 Playwright Team                                   ║
    ╚══════════════════════════════════════════════════════╝
]]>
</failure>
</testcase>
<testcase name="ACIM Guide - Debug and UX Testing › ♿ Accessibility and usability check" classname="tests/acim-guide-debug.spec.ts" time="0.004">
<failure message="acim-guide-debug.spec.ts:226:7 ♿ Accessibility and usability check" type="FAILURE">
<![CDATA[  [webkit] › tests/acim-guide-debug.spec.ts:226:7 › ACIM Guide - Debug and UX Testing › ♿ Accessibility and usability check 

    Error: browserType.launch: 
    ╔══════════════════════════════════════════════════════╗
    ║ Host system is missing dependencies to run browsers. ║
    ║ Please install them with the following command:      ║
    ║                                                      ║
    ║     sudo npx playwright install-deps                 ║
    ║                                                      ║
    ║ Alternatively, use apt:                              ║
    ║     sudo apt-get install libavif16                   ║
    ║                                                      ║
    ║ <3 Playwright Team                                   ║
    ╚══════════════════════════════════════════════════════╝
]]>
</failure>
</testcase>
<testcase name="ACIM Guide - Debug and UX Testing › 🔧 Performance and loading check" classname="tests/acim-guide-debug.spec.ts" time="0.004">
<failure message="acim-guide-debug.spec.ts:251:7 🔧 Performance and loading check" type="FAILURE">
<![CDATA[  [webkit] › tests/acim-guide-debug.spec.ts:251:7 › ACIM Guide - Debug and UX Testing › 🔧 Performance and loading check 

    Error: browserType.launch: 
    ╔══════════════════════════════════════════════════════╗
    ║ Host system is missing dependencies to run browsers. ║
    ║ Please install them with the following command:      ║
    ║                                                      ║
    ║     sudo npx playwright install-deps                 ║
    ║                                                      ║
    ║ Alternatively, use apt:                              ║
    ║     sudo apt-get install libavif16                   ║
    ║                                                      ║
    ║ <3 Playwright Team                                   ║
    ╚══════════════════════════════════════════════════════╝
]]>
</failure>
</testcase>
<testcase name="ACIM Guide - Debug and UX Testing › 📸 Visual regression test - take screenshots" classname="tests/acim-guide-debug.spec.ts" time="0.006">
<failure message="acim-guide-debug.spec.ts:288:7 📸 Visual regression test - take screenshots" type="FAILURE">
<![CDATA[  [webkit] › tests/acim-guide-debug.spec.ts:288:7 › ACIM Guide - Debug and UX Testing › 📸 Visual regression test - take screenshots 

    Error: browserType.launch: 
    ╔══════════════════════════════════════════════════════╗
    ║ Host system is missing dependencies to run browsers. ║
    ║ Please install them with the following command:      ║
    ║                                                      ║
    ║     sudo npx playwright install-deps                 ║
    ║                                                      ║
    ║ Alternatively, use apt:                              ║
    ║     sudo apt-get install libavif16                   ║
    ║                                                      ║
    ║ <3 Playwright Team                                   ║
    ╚══════════════════════════════════════════════════════╝
]]>
</failure>
</testcase>
<testcase name="ACIM Guide - Specific Firebase Debug › 🔥 Debug Firebase Functions specifically" classname="tests/acim-guide-debug.spec.ts" time="0.006">
<failure message="acim-guide-debug.spec.ts:310:7 🔥 Debug Firebase Functions specifically" type="FAILURE">
<![CDATA[  [webkit] › tests/acim-guide-debug.spec.ts:310:7 › ACIM Guide - Specific Firebase Debug › 🔥 Debug Firebase Functions specifically 

    Error: browserType.launch: 
    ╔══════════════════════════════════════════════════════╗
    ║ Host system is missing dependencies to run browsers. ║
    ║ Please install them with the following command:      ║
    ║                                                      ║
    ║     sudo npx playwright install-deps                 ║
    ║                                                      ║
    ║ Alternatively, use apt:                              ║
    ║     sudo apt-get install libavif16                   ║
    ║                                                      ║
    ║ <3 Playwright Team                                   ║
    ╚══════════════════════════════════════════════════════╝
]]>
</failure>
</testcase>
</testsuite>
<testsuite name="tests/blog-cta.spec.ts" timestamp="2025-08-14T13:39:24.147Z" hostname="webkit" tests="19" failures="19" skipped="0" time="0.077" errors="0">
<testcase name="Blog CTA E2E Tests › should display CTAs correctly on blog homepage" classname="tests/blog-cta.spec.ts" time="0.004">
<failure message="blog-cta.spec.ts:11:7 should display CTAs correctly on blog homepage" type="FAILURE">
<![CDATA[  [webkit] › tests/blog-cta.spec.ts:11:7 › Blog CTA E2E Tests › should display CTAs correctly on blog homepage 

    Error: browserType.launch: 
    ╔══════════════════════════════════════════════════════╗
    ║ Host system is missing dependencies to run browsers. ║
    ║ Please install them with the following command:      ║
    ║                                                      ║
    ║     sudo npx playwright install-deps                 ║
    ║                                                      ║
    ║ Alternatively, use apt:                              ║
    ║     sudo apt-get install libavif16                   ║
    ║                                                      ║
    ║ <3 Playwright Team                                   ║
    ╚══════════════════════════════════════════════════════╝
]]>
</failure>
</testcase>
<testcase name="Blog CTA E2E Tests › should handle CTA click-through functionality" classname="tests/blog-cta.spec.ts" time="0.004">
<failure message="blog-cta.spec.ts:16:7 should handle CTA click-through functionality" type="FAILURE">
<![CDATA[  [webkit] › tests/blog-cta.spec.ts:16:7 › Blog CTA E2E Tests › should handle CTA click-through functionality 

    Error: browserType.launch: 
    ╔══════════════════════════════════════════════════════╗
    ║ Host system is missing dependencies to run browsers. ║
    ║ Please install them with the following command:      ║
    ║                                                      ║
    ║     sudo npx playwright install-deps                 ║
    ║                                                      ║
    ║ Alternatively, use apt:                              ║
    ║     sudo apt-get install libavif16                   ║
    ║                                                      ║
    ║ <3 Playwright Team                                   ║
    ╚══════════════════════════════════════════════════════╝
]]>
</failure>
</testcase>
<testcase name="Blog CTA E2E Tests › should handle newsletter signup" classname="tests/blog-cta.spec.ts" time="0.004">
<failure message="blog-cta.spec.ts:21:7 should handle newsletter signup" type="FAILURE">
<![CDATA[  [webkit] › tests/blog-cta.spec.ts:21:7 › Blog CTA E2E Tests › should handle newsletter signup ────

    Error: browserType.launch: 
    ╔══════════════════════════════════════════════════════╗
    ║ Host system is missing dependencies to run browsers. ║
    ║ Please install them with the following command:      ║
    ║                                                      ║
    ║     sudo npx playwright install-deps                 ║
    ║                                                      ║
    ║ Alternatively, use apt:                              ║
    ║     sudo apt-get install libavif16                   ║
    ║                                                      ║
    ║ <3 Playwright Team                                   ║
    ╚══════════════════════════════════════════════════════╝
]]>
</failure>
</testcase>
<testcase name="Blog CTA E2E Tests › should validate email input in newsletter" classname="tests/blog-cta.spec.ts" time="0.007">
<failure message="blog-cta.spec.ts:26:7 should validate email input in newsletter" type="FAILURE">
<![CDATA[  [webkit] › tests/blog-cta.spec.ts:26:7 › Blog CTA E2E Tests › should validate email input in newsletter 

    Error: browserType.launch: 
    ╔══════════════════════════════════════════════════════╗
    ║ Host system is missing dependencies to run browsers. ║
    ║ Please install them with the following command:      ║
    ║                                                      ║
    ║     sudo npx playwright install-deps                 ║
    ║                                                      ║
    ║ Alternatively, use apt:                              ║
    ║     sudo apt-get install libavif16                   ║
    ║                                                      ║
    ║ <3 Playwright Team                                   ║
    ╚══════════════════════════════════════════════════════╝
]]>
</failure>
</testcase>
<testcase name="Blog CTA E2E Tests › should track CTA interactions" classname="tests/blog-cta.spec.ts" time="0.003">
<failure message="blog-cta.spec.ts:31:7 should track CTA interactions" type="FAILURE">
<![CDATA[  [webkit] › tests/blog-cta.spec.ts:31:7 › Blog CTA E2E Tests › should track CTA interactions ──────

    Error: browserType.launch: 
    ╔══════════════════════════════════════════════════════╗
    ║ Host system is missing dependencies to run browsers. ║
    ║ Please install them with the following command:      ║
    ║                                                      ║
    ║     sudo npx playwright install-deps                 ║
    ║                                                      ║
    ║ Alternatively, use apt:                              ║
    ║     sudo apt-get install libavif16                   ║
    ║                                                      ║
    ║ <3 Playwright Team                                   ║
    ╚══════════════════════════════════════════════════════╝
]]>
</failure>
</testcase>
<testcase name="Blog CTA E2E Tests › should display social media links" classname="tests/blog-cta.spec.ts" time="0.003">
<failure message="blog-cta.spec.ts:36:7 should display social media links" type="FAILURE">
<![CDATA[  [webkit] › tests/blog-cta.spec.ts:36:7 › Blog CTA E2E Tests › should display social media links ──

    Error: browserType.launch: 
    ╔══════════════════════════════════════════════════════╗
    ║ Host system is missing dependencies to run browsers. ║
    ║ Please install them with the following command:      ║
    ║                                                      ║
    ║     sudo npx playwright install-deps                 ║
    ║                                                      ║
    ║ Alternatively, use apt:                              ║
    ║     sudo apt-get install libavif16                   ║
    ║                                                      ║
    ║ <3 Playwright Team                                   ║
    ╚══════════════════════════════════════════════════════╝
]]>
</failure>
</testcase>
<testcase name="Blog CTA E2E Tests › should load CTAs quickly" classname="tests/blog-cta.spec.ts" time="0.004">
<failure message="blog-cta.spec.ts:41:7 should load CTAs quickly" type="FAILURE">
<![CDATA[  [webkit] › tests/blog-cta.spec.ts:41:7 › Blog CTA E2E Tests › should load CTAs quickly ───────────

    Error: browserType.launch: 
    ╔══════════════════════════════════════════════════════╗
    ║ Host system is missing dependencies to run browsers. ║
    ║ Please install them with the following command:      ║
    ║                                                      ║
    ║     sudo npx playwright install-deps                 ║
    ║                                                      ║
    ║ Alternatively, use apt:                              ║
    ║     sudo apt-get install libavif16                   ║
    ║                                                      ║
    ║ <3 Playwright Team                                   ║
    ╚══════════════════════════════════════════════════════╝
]]>
</failure>
</testcase>
<testcase name="Blog CTA E2E Tests › should be accessible" classname="tests/blog-cta.spec.ts" time="0.004">
<failure message="blog-cta.spec.ts:45:7 should be accessible" type="FAILURE">
<![CDATA[  [webkit] › tests/blog-cta.spec.ts:45:7 › Blog CTA E2E Tests › should be accessible ───────────────

    Error: browserType.launch: 
    ╔══════════════════════════════════════════════════════╗
    ║ Host system is missing dependencies to run browsers. ║
    ║ Please install them with the following command:      ║
    ║                                                      ║
    ║     sudo npx playwright install-deps                 ║
    ║                                                      ║
    ║ Alternatively, use apt:                              ║
    ║     sudo apt-get install libavif16                   ║
    ║                                                      ║
    ║ <3 Playwright Team                                   ║
    ╚══════════════════════════════════════════════════════╝
]]>
</failure>
</testcase>
<testcase name="Blog CTA E2E Tests › should work on mobile devices" classname="tests/blog-cta.spec.ts" time="0.004">
<failure message="blog-cta.spec.ts:50:7 should work on mobile devices" type="FAILURE">
<![CDATA[  [webkit] › tests/blog-cta.spec.ts:50:7 › Blog CTA E2E Tests › should work on mobile devices ──────

    Error: browserType.launch: 
    ╔══════════════════════════════════════════════════════╗
    ║ Host system is missing dependencies to run browsers. ║
    ║ Please install them with the following command:      ║
    ║                                                      ║
    ║     sudo npx playwright install-deps                 ║
    ║                                                      ║
    ║ Alternatively, use apt:                              ║
    ║     sudo apt-get install libavif16                   ║
    ║                                                      ║
    ║ <3 Playwright Team                                   ║
    ╚══════════════════════════════════════════════════════╝
]]>
</failure>
</testcase>
<testcase name="Blog CTA E2E Tests › should have compelling CTA text variations" classname="tests/blog-cta.spec.ts" time="0.004">
<failure message="blog-cta.spec.ts:54:7 should have compelling CTA text variations" type="FAILURE">
<![CDATA[  [webkit] › tests/blog-cta.spec.ts:54:7 › Blog CTA E2E Tests › should have compelling CTA text variations 

    Error: browserType.launch: 
    ╔══════════════════════════════════════════════════════╗
    ║ Host system is missing dependencies to run browsers. ║
    ║ Please install them with the following command:      ║
    ║                                                      ║
    ║     sudo npx playwright install-deps                 ║
    ║                                                      ║
    ║ Alternatively, use apt:                              ║
    ║     sudo apt-get install libavif16                   ║
    ║                                                      ║
    ║ <3 Playwright Team                                   ║
    ╚══════════════════════════════════════════════════════╝
]]>
</failure>
</testcase>
<testcase name="Blog CTA E2E Tests › should maintain design consistency" classname="tests/blog-cta.spec.ts" time="0.003">
<failure message="blog-cta.spec.ts:59:7 should maintain design consistency" type="FAILURE">
<![CDATA[  [webkit] › tests/blog-cta.spec.ts:59:7 › Blog CTA E2E Tests › should maintain design consistency ─

    Error: browserType.launch: 
    ╔══════════════════════════════════════════════════════╗
    ║ Host system is missing dependencies to run browsers. ║
    ║ Please install them with the following command:      ║
    ║                                                      ║
    ║     sudo npx playwright install-deps                 ║
    ║                                                      ║
    ║ Alternatively, use apt:                              ║
    ║     sudo apt-get install libavif16                   ║
    ║                                                      ║
    ║ <3 Playwright Team                                   ║
    ╚══════════════════════════════════════════════════════╝
]]>
</failure>
</testcase>
<testcase name="Blog CTA E2E Tests › should support blog-to-course conversion funnel" classname="tests/blog-cta.spec.ts" time="0.003">
<failure message="blog-cta.spec.ts:64:7 should support blog-to-course conversion funnel" type="FAILURE">
<![CDATA[  [webkit] › tests/blog-cta.spec.ts:64:7 › Blog CTA E2E Tests › should support blog-to-course conversion funnel 

    Error: browserType.launch: 
    ╔══════════════════════════════════════════════════════╗
    ║ Host system is missing dependencies to run browsers. ║
    ║ Please install them with the following command:      ║
    ║                                                      ║
    ║     sudo npx playwright install-deps                 ║
    ║                                                      ║
    ║ Alternatively, use apt:                              ║
    ║     sudo apt-get install libavif16                   ║
    ║                                                      ║
    ║ <3 Playwright Team                                   ║
    ╚══════════════════════════════════════════════════════╝
]]>
</failure>
</testcase>
<testcase name="Blog CTA E2E Tests › should display CTAs on blog posts" classname="tests/blog-cta.spec.ts" time="0.005">
<failure message="blog-cta.spec.ts:68:7 should display CTAs on blog posts" type="FAILURE">
<![CDATA[  [webkit] › tests/blog-cta.spec.ts:68:7 › Blog CTA E2E Tests › should display CTAs on blog posts ──

    Error: browserType.launch: 
    ╔══════════════════════════════════════════════════════╗
    ║ Host system is missing dependencies to run browsers. ║
    ║ Please install them with the following command:      ║
    ║                                                      ║
    ║     sudo npx playwright install-deps                 ║
    ║                                                      ║
    ║ Alternatively, use apt:                              ║
    ║     sudo apt-get install libavif16                   ║
    ║                                                      ║
    ║ <3 Playwright Team                                   ║
    ╚══════════════════════════════════════════════════════╝
]]>
</failure>
</testcase>
<testcase name="Blog CTA E2E Tests › should handle CTA hover effects" classname="tests/blog-cta.spec.ts" time="0.004">
<failure message="blog-cta.spec.ts:92:7 should handle CTA hover effects" type="FAILURE">
<![CDATA[  [webkit] › tests/blog-cta.spec.ts:92:7 › Blog CTA E2E Tests › should handle CTA hover effects ────

    Error: browserType.launch: 
    ╔══════════════════════════════════════════════════════╗
    ║ Host system is missing dependencies to run browsers. ║
    ║ Please install them with the following command:      ║
    ║                                                      ║
    ║     sudo npx playwright install-deps                 ║
    ║                                                      ║
    ║ Alternatively, use apt:                              ║
    ║     sudo apt-get install libavif16                   ║
    ║                                                      ║
    ║ <3 Playwright Team                                   ║
    ╚══════════════════════════════════════════════════════╝
]]>
</failure>
</testcase>
<testcase name="Blog CTA E2E Tests › should handle multiple CTA placements" classname="tests/blog-cta.spec.ts" time="0.004">
<failure message="blog-cta.spec.ts:125:7 should handle multiple CTA placements" type="FAILURE">
<![CDATA[  [webkit] › tests/blog-cta.spec.ts:125:7 › Blog CTA E2E Tests › should handle multiple CTA placements 

    Error: browserType.launch: 
    ╔══════════════════════════════════════════════════════╗
    ║ Host system is missing dependencies to run browsers. ║
    ║ Please install them with the following command:      ║
    ║                                                      ║
    ║     sudo npx playwright install-deps                 ║
    ║                                                      ║
    ║ Alternatively, use apt:                              ║
    ║     sudo apt-get install libavif16                   ║
    ║                                                      ║
    ║ <3 Playwright Team                                   ║
    ╚══════════════════════════════════════════════════════╝
]]>
</failure>
</testcase>
<testcase name="Blog CTA E2E Tests › should maintain CTA visibility during scroll" classname="tests/blog-cta.spec.ts" time="0.005">
<failure message="blog-cta.spec.ts:149:7 should maintain CTA visibility during scroll" type="FAILURE">
<![CDATA[  [webkit] › tests/blog-cta.spec.ts:149:7 › Blog CTA E2E Tests › should maintain CTA visibility during scroll 

    Error: browserType.launch: 
    ╔══════════════════════════════════════════════════════╗
    ║ Host system is missing dependencies to run browsers. ║
    ║ Please install them with the following command:      ║
    ║                                                      ║
    ║     sudo npx playwright install-deps                 ║
    ║                                                      ║
    ║ Alternatively, use apt:                              ║
    ║     sudo apt-get install libavif16                   ║
    ║                                                      ║
    ║ <3 Playwright Team                                   ║
    ╚══════════════════════════════════════════════════════╝
]]>
</failure>
</testcase>
<testcase name="Blog CTA E2E Tests › should handle CTA for different user segments" classname="tests/blog-cta.spec.ts" time="0.003">
<failure message="blog-cta.spec.ts:167:7 should handle CTA for different user segments" type="FAILURE">
<![CDATA[  [webkit] › tests/blog-cta.spec.ts:167:7 › Blog CTA E2E Tests › should handle CTA for different user segments 

    Error: browserType.launch: 
    ╔══════════════════════════════════════════════════════╗
    ║ Host system is missing dependencies to run browsers. ║
    ║ Please install them with the following command:      ║
    ║                                                      ║
    ║     sudo npx playwright install-deps                 ║
    ║                                                      ║
    ║ Alternatively, use apt:                              ║
    ║     sudo apt-get install libavif16                   ║
    ║                                                      ║
    ║ <3 Playwright Team                                   ║
    ╚══════════════════════════════════════════════════════╝
]]>
</failure>
</testcase>
<testcase name="Blog CTA E2E Tests › should show appropriate CTAs based on content" classname="tests/blog-cta.spec.ts" time="0.005">
<failure message="blog-cta.spec.ts:188:7 should show appropriate CTAs based on content" type="FAILURE">
<![CDATA[  [webkit] › tests/blog-cta.spec.ts:188:7 › Blog CTA E2E Tests › should show appropriate CTAs based on content 

    Error: browserType.launch: 
    ╔══════════════════════════════════════════════════════╗
    ║ Host system is missing dependencies to run browsers. ║
    ║ Please install them with the following command:      ║
    ║                                                      ║
    ║     sudo npx playwright install-deps                 ║
    ║                                                      ║
    ║ Alternatively, use apt:                              ║
    ║     sudo apt-get install libavif16                   ║
    ║                                                      ║
    ║ <3 Playwright Team                                   ║
    ╚══════════════════════════════════════════════════════╝
]]>
</failure>
</testcase>
<testcase name="Blog CTA E2E Tests › should handle CTA A/B test variations" classname="tests/blog-cta.spec.ts" time="0.004">
<failure message="blog-cta.spec.ts:206:7 should handle CTA A/B test variations" type="FAILURE">
<![CDATA[  [webkit] › tests/blog-cta.spec.ts:206:7 › Blog CTA E2E Tests › should handle CTA A/B test variations 

    Error: browserType.launch: 
    ╔══════════════════════════════════════════════════════╗
    ║ Host system is missing dependencies to run browsers. ║
    ║ Please install them with the following command:      ║
    ║                                                      ║
    ║     sudo npx playwright install-deps                 ║
    ║                                                      ║
    ║ Alternatively, use apt:                              ║
    ║     sudo apt-get install libavif16                   ║
    ║                                                      ║
    ║ <3 Playwright Team                                   ║
    ╚══════════════════════════════════════════════════════╝
]]>
</failure>
</testcase>
</testsuite>
<testsuite name="tests/chat.spec.ts" timestamp="2025-08-14T13:39:24.147Z" hostname="webkit" tests="13" failures="13" skipped="0" time="0.054" errors="0">
<testcase name="Chat Interface E2E Tests › should display chat interface correctly" classname="tests/chat.spec.ts" time="0.004">
<failure message="chat.spec.ts:12:7 should display chat interface correctly" type="FAILURE">
<![CDATA[  [webkit] › tests/chat.spec.ts:12:7 › Chat Interface E2E Tests › should display chat interface correctly 

    Error: browserType.launch: 
    ╔══════════════════════════════════════════════════════╗
    ║ Host system is missing dependencies to run browsers. ║
    ║ Please install them with the following command:      ║
    ║                                                      ║
    ║     sudo npx playwright install-deps                 ║
    ║                                                      ║
    ║ Alternatively, use apt:                              ║
    ║     sudo apt-get install libavif16                   ║
    ║                                                      ║
    ║ <3 Playwright Team                                   ║
    ╚══════════════════════════════════════════════════════╝
]]>
</failure>
</testcase>
<testcase name="Chat Interface E2E Tests › should send and receive messages" classname="tests/chat.spec.ts" time="0.004">
<failure message="chat.spec.ts:21:7 should send and receive messages" type="FAILURE">
<![CDATA[  [webkit] › tests/chat.spec.ts:21:7 › Chat Interface E2E Tests › should send and receive messages ─

    Error: browserType.launch: 
    ╔══════════════════════════════════════════════════════╗
    ║ Host system is missing dependencies to run browsers. ║
    ║ Please install them with the following command:      ║
    ║                                                      ║
    ║     sudo npx playwright install-deps                 ║
    ║                                                      ║
    ║ Alternatively, use apt:                              ║
    ║     sudo apt-get install libavif16                   ║
    ║                                                      ║
    ║ <3 Playwright Team                                   ║
    ╚══════════════════════════════════════════════════════╝
]]>
</failure>
</testcase>
<testcase name="Chat Interface E2E Tests › should validate ACIM content authenticity" classname="tests/chat.spec.ts" time="0.004">
<failure message="chat.spec.ts:31:7 should validate ACIM content authenticity" type="FAILURE">
<![CDATA[  [webkit] › tests/chat.spec.ts:31:7 › Chat Interface E2E Tests › should validate ACIM content authenticity 

    Error: browserType.launch: 
    ╔══════════════════════════════════════════════════════╗
    ║ Host system is missing dependencies to run browsers. ║
    ║ Please install them with the following command:      ║
    ║                                                      ║
    ║     sudo npx playwright install-deps                 ║
    ║                                                      ║
    ║ Alternatively, use apt:                              ║
    ║     sudo apt-get install libavif16                   ║
    ║                                                      ║
    ║ <3 Playwright Team                                   ║
    ╚══════════════════════════════════════════════════════╝
]]>
</failure>
</testcase>
<testcase name="Chat Interface E2E Tests › should handle quick actions" classname="tests/chat.spec.ts" time="0.004">
<failure message="chat.spec.ts:35:7 should handle quick actions" type="FAILURE">
<![CDATA[  [webkit] › tests/chat.spec.ts:35:7 › Chat Interface E2E Tests › should handle quick actions ──────

    Error: browserType.launch: 
    ╔══════════════════════════════════════════════════════╗
    ║ Host system is missing dependencies to run browsers. ║
    ║ Please install them with the following command:      ║
    ║                                                      ║
    ║     sudo npx playwright install-deps                 ║
    ║                                                      ║
    ║ Alternatively, use apt:                              ║
    ║     sudo apt-get install libavif16                   ║
    ║                                                      ║
    ║ <3 Playwright Team                                   ║
    ╚══════════════════════════════════════════════════════╝
]]>
</failure>
</testcase>
<testcase name="Chat Interface E2E Tests › should handle error scenarios gracefully" classname="tests/chat.spec.ts" time="0.005">
<failure message="chat.spec.ts:39:7 should handle error scenarios gracefully" type="FAILURE">
<![CDATA[  [webkit] › tests/chat.spec.ts:39:7 › Chat Interface E2E Tests › should handle error scenarios gracefully 

    Error: browserType.launch: 
    ╔══════════════════════════════════════════════════════╗
    ║ Host system is missing dependencies to run browsers. ║
    ║ Please install them with the following command:      ║
    ║                                                      ║
    ║     sudo npx playwright install-deps                 ║
    ║                                                      ║
    ║ Alternatively, use apt:                              ║
    ║     sudo apt-get install libavif16                   ║
    ║                                                      ║
    ║ <3 Playwright Team                                   ║
    ╚══════════════════════════════════════════════════════╝
]]>
</failure>
</testcase>
<testcase name="Chat Interface E2E Tests › should be accessible via keyboard navigation" classname="tests/chat.spec.ts" time="0.004">
<failure message="chat.spec.ts:43:7 should be accessible via keyboard navigation" type="FAILURE">
<![CDATA[  [webkit] › tests/chat.spec.ts:43:7 › Chat Interface E2E Tests › should be accessible via keyboard navigation 

    Error: browserType.launch: 
    ╔══════════════════════════════════════════════════════╗
    ║ Host system is missing dependencies to run browsers. ║
    ║ Please install them with the following command:      ║
    ║                                                      ║
    ║     sudo npx playwright install-deps                 ║
    ║                                                      ║
    ║ Alternatively, use apt:                              ║
    ║     sudo apt-get install libavif16                   ║
    ║                                                      ║
    ║ <3 Playwright Team                                   ║
    ╚══════════════════════════════════════════════════════╝
]]>
</failure>
</testcase>
<testcase name="Chat Interface E2E Tests › should perform well under load" classname="tests/chat.spec.ts" time="0.004">
<failure message="chat.spec.ts:47:7 should perform well under load" type="FAILURE">
<![CDATA[  [webkit] › tests/chat.spec.ts:47:7 › Chat Interface E2E Tests › should perform well under load ───

    Error: browserType.launch: 
    ╔══════════════════════════════════════════════════════╗
    ║ Host system is missing dependencies to run browsers. ║
    ║ Please install them with the following command:      ║
    ║                                                      ║
    ║     sudo npx playwright install-deps                 ║
    ║                                                      ║
    ║ Alternatively, use apt:                              ║
    ║     sudo apt-get install libavif16                   ║
    ║                                                      ║
    ║ <3 Playwright Team                                   ║
    ╚══════════════════════════════════════════════════════╝
]]>
</failure>
</testcase>
<testcase name="Chat Interface E2E Tests › should work correctly on mobile devices" classname="tests/chat.spec.ts" time="0.004">
<failure message="chat.spec.ts:51:7 should work correctly on mobile devices" type="FAILURE">
<![CDATA[  [webkit] › tests/chat.spec.ts:51:7 › Chat Interface E2E Tests › should work correctly on mobile devices 

    Error: browserType.launch: 
    ╔══════════════════════════════════════════════════════╗
    ║ Host system is missing dependencies to run browsers. ║
    ║ Please install them with the following command:      ║
    ║                                                      ║
    ║     sudo npx playwright install-deps                 ║
    ║                                                      ║
    ║ Alternatively, use apt:                              ║
    ║     sudo apt-get install libavif16                   ║
    ║                                                      ║
    ║ <3 Playwright Team                                   ║
    ╚══════════════════════════════════════════════════════╝
]]>
</failure>
</testcase>
<testcase name="Chat Interface E2E Tests › should allow clearing chat history" classname="tests/chat.spec.ts" time="0.004">
<failure message="chat.spec.ts:55:7 should allow clearing chat history" type="FAILURE">
<![CDATA[  [webkit] › tests/chat.spec.ts:55:7 › Chat Interface E2E Tests › should allow clearing chat history 

    Error: browserType.launch: 
    ╔══════════════════════════════════════════════════════╗
    ║ Host system is missing dependencies to run browsers. ║
    ║ Please install them with the following command:      ║
    ║                                                      ║
    ║     sudo npx playwright install-deps                 ║
    ║                                                      ║
    ║ Alternatively, use apt:                              ║
    ║     sudo apt-get install libavif16                   ║
    ║                                                      ║
    ║ <3 Playwright Team                                   ║
    ╚══════════════════════════════════════════════════════╝
]]>
</failure>
</testcase>
<testcase name="Chat Interface E2E Tests › should handle special ACIM queries" classname="tests/chat.spec.ts" time="0.002">
<failure message="chat.spec.ts:64:7 should handle special ACIM queries" type="FAILURE">
<![CDATA[  [webkit] › tests/chat.spec.ts:64:7 › Chat Interface E2E Tests › should handle special ACIM queries 

    Error: browserType.launch: 
    ╔══════════════════════════════════════════════════════╗
    ║ Host system is missing dependencies to run browsers. ║
    ║ Please install them with the following command:      ║
    ║                                                      ║
    ║     sudo npx playwright install-deps                 ║
    ║                                                      ║
    ║ Alternatively, use apt:                              ║
    ║     sudo apt-get install libavif16                   ║
    ║                                                      ║
    ║ <3 Playwright Team                                   ║
    ╚══════════════════════════════════════════════════════╝
]]>
</failure>
</testcase>
<testcase name="Chat Interface E2E Tests › should maintain conversation context" classname="tests/chat.spec.ts" time="0.004">
<failure message="chat.spec.ts:87:7 should maintain conversation context" type="FAILURE">
<![CDATA[  [webkit] › tests/chat.spec.ts:87:7 › Chat Interface E2E Tests › should maintain conversation context 

    Error: browserType.launch: 
    ╔══════════════════════════════════════════════════════╗
    ║ Host system is missing dependencies to run browsers. ║
    ║ Please install them with the following command:      ║
    ║                                                      ║
    ║     sudo npx playwright install-deps                 ║
    ║                                                      ║
    ║ Alternatively, use apt:                              ║
    ║     sudo apt-get install libavif16                   ║
    ║                                                      ║
    ║ <3 Playwright Team                                   ║
    ╚══════════════════════════════════════════════════════╝
]]>
</failure>
</testcase>
<testcase name="Chat Interface E2E Tests › should handle long conversations" classname="tests/chat.spec.ts" time="0.004">
<failure message="chat.spec.ts:101:7 should handle long conversations" type="FAILURE">
<![CDATA[  [webkit] › tests/chat.spec.ts:101:7 › Chat Interface E2E Tests › should handle long conversations 

    Error: browserType.launch: 
    ╔══════════════════════════════════════════════════════╗
    ║ Host system is missing dependencies to run browsers. ║
    ║ Please install them with the following command:      ║
    ║                                                      ║
    ║     sudo npx playwright install-deps                 ║
    ║                                                      ║
    ║ Alternatively, use apt:                              ║
    ║     sudo apt-get install libavif16                   ║
    ║                                                      ║
    ║ <3 Playwright Team                                   ║
    ╚══════════════════════════════════════════════════════╝
]]>
</failure>
</testcase>
<testcase name="Chat Interface E2E Tests › should handle network interruptions gracefully" classname="tests/chat.spec.ts" time="0.007">
<failure message="chat.spec.ts:121:7 should handle network interruptions gracefully" type="FAILURE">
<![CDATA[  [webkit] › tests/chat.spec.ts:121:7 › Chat Interface E2E Tests › should handle network interruptions gracefully 

    Error: browserType.launch: 
    ╔══════════════════════════════════════════════════════╗
    ║ Host system is missing dependencies to run browsers. ║
    ║ Please install them with the following command:      ║
    ║                                                      ║
    ║     sudo npx playwright install-deps                 ║
    ║                                                      ║
    ║ Alternatively, use apt:                              ║
    ║     sudo apt-get install libavif16                   ║
    ║                                                      ║
    ║ <3 Playwright Team                                   ║
    ╚══════════════════════════════════════════════════════╝
]]>
</failure>
</testcase>
</testsuite>
<testsuite name="tests/purchase.spec.ts" timestamp="2025-08-14T13:39:24.147Z" hostname="webkit" tests="16" failures="16" skipped="0" time="0.058" errors="0">
<testcase name="Course Purchase E2E Tests › should display pricing information correctly" classname="tests/purchase.spec.ts" time="0.005">
<failure message="purchase.spec.ts:11:7 should display pricing information correctly" type="FAILURE">
<![CDATA[  [webkit] › tests/purchase.spec.ts:11:7 › Course Purchase E2E Tests › should display pricing information correctly 

    Error: browserType.launch: 
    ╔══════════════════════════════════════════════════════╗
    ║ Host system is missing dependencies to run browsers. ║
    ║ Please install them with the following command:      ║
    ║                                                      ║
    ║     sudo npx playwright install-deps                 ║
    ║                                                      ║
    ║ Alternatively, use apt:                              ║
    ║     sudo apt-get install libavif16                   ║
    ║                                                      ║
    ║ <3 Playwright Team                                   ║
    ╚══════════════════════════════════════════════════════╝
]]>
</failure>
</testcase>
<testcase name="Course Purchase E2E Tests › should handle valid purchase flow" classname="tests/purchase.spec.ts" time="0.004">
<failure message="purchase.spec.ts:16:7 should handle valid purchase flow" type="FAILURE">
<![CDATA[  [webkit] › tests/purchase.spec.ts:16:7 › Course Purchase E2E Tests › should handle valid purchase flow 

    Error: browserType.launch: 
    ╔══════════════════════════════════════════════════════╗
    ║ Host system is missing dependencies to run browsers. ║
    ║ Please install them with the following command:      ║
    ║                                                      ║
    ║     sudo npx playwright install-deps                 ║
    ║                                                      ║
    ║ Alternatively, use apt:                              ║
    ║     sudo apt-get install libavif16                   ║
    ║                                                      ║
    ║ <3 Playwright Team                                   ║
    ╚══════════════════════════════════════════════════════╝
]]>
</failure>
</testcase>
<testcase name="Course Purchase E2E Tests › should handle invalid payment details" classname="tests/purchase.spec.ts" time="0.004">
<failure message="purchase.spec.ts:26:7 should handle invalid payment details" type="FAILURE">
<![CDATA[  [webkit] › tests/purchase.spec.ts:26:7 › Course Purchase E2E Tests › should handle invalid payment details 

    Error: browserType.launch: 
    ╔══════════════════════════════════════════════════════╗
    ║ Host system is missing dependencies to run browsers. ║
    ║ Please install them with the following command:      ║
    ║                                                      ║
    ║     sudo npx playwright install-deps                 ║
    ║                                                      ║
    ║ Alternatively, use apt:                              ║
    ║     sudo apt-get install libavif16                   ║
    ║                                                      ║
    ║ <3 Playwright Team                                   ║
    ╚══════════════════════════════════════════════════════╝
]]>
</failure>
</testcase>
<testcase name="Course Purchase E2E Tests › should show security features" classname="tests/purchase.spec.ts" time="0.003">
<failure message="purchase.spec.ts:31:7 should show security features" type="FAILURE">
<![CDATA[  [webkit] › tests/purchase.spec.ts:31:7 › Course Purchase E2E Tests › should show security features 

    Error: browserType.launch: 
    ╔══════════════════════════════════════════════════════╗
    ║ Host system is missing dependencies to run browsers. ║
    ║ Please install them with the following command:      ║
    ║                                                      ║
    ║     sudo npx playwright install-deps                 ║
    ║                                                      ║
    ║ Alternatively, use apt:                              ║
    ║     sudo apt-get install libavif16                   ║
    ║                                                      ║
    ║ <3 Playwright Team                                   ║
    ╚══════════════════════════════════════════════════════╝
]]>
</failure>
</testcase>
<testcase name="Course Purchase E2E Tests › should work on mobile devices" classname="tests/purchase.spec.ts" time="0.004">
<failure message="purchase.spec.ts:35:7 should work on mobile devices" type="FAILURE">
<![CDATA[  [webkit] › tests/purchase.spec.ts:35:7 › Course Purchase E2E Tests › should work on mobile devices 

    Error: browserType.launch: 
    ╔══════════════════════════════════════════════════════╗
    ║ Host system is missing dependencies to run browsers. ║
    ║ Please install them with the following command:      ║
    ║                                                      ║
    ║     sudo npx playwright install-deps                 ║
    ║                                                      ║
    ║ Alternatively, use apt:                              ║
    ║     sudo apt-get install libavif16                   ║
    ║                                                      ║
    ║ <3 Playwright Team                                   ║
    ╚══════════════════════════════════════════════════════╝
]]>
</failure>
</testcase>
<testcase name="Course Purchase E2E Tests › should load purchase page quickly" classname="tests/purchase.spec.ts" time="0.004">
<failure message="purchase.spec.ts:39:7 should load purchase page quickly" type="FAILURE">
<![CDATA[  [webkit] › tests/purchase.spec.ts:39:7 › Course Purchase E2E Tests › should load purchase page quickly 

    Error: browserType.launch: 
    ╔══════════════════════════════════════════════════════╗
    ║ Host system is missing dependencies to run browsers. ║
    ║ Please install them with the following command:      ║
    ║                                                      ║
    ║     sudo npx playwright install-deps                 ║
    ║                                                      ║
    ║ Alternatively, use apt:                              ║
    ║     sudo apt-get install libavif16                   ║
    ║                                                      ║
    ║ <3 Playwright Team                                   ║
    ╚══════════════════════════════════════════════════════╝
]]>
</failure>
</testcase>
<testcase name="Course Purchase E2E Tests › should be accessible" classname="tests/purchase.spec.ts" time="0.003">
<failure message="purchase.spec.ts:43:7 should be accessible" type="FAILURE">
<![CDATA[  [webkit] › tests/purchase.spec.ts:43:7 › Course Purchase E2E Tests › should be accessible ────────

    Error: browserType.launch: 
    ╔══════════════════════════════════════════════════════╗
    ║ Host system is missing dependencies to run browsers. ║
    ║ Please install them with the following command:      ║
    ║                                                      ║
    ║     sudo npx playwright install-deps                 ║
    ║                                                      ║
    ║ Alternatively, use apt:                              ║
    ║     sudo apt-get install libavif16                   ║
    ║                                                      ║
    ║ <3 Playwright Team                                   ║
    ╚══════════════════════════════════════════════════════╝
]]>
</failure>
</testcase>
<testcase name="Course Purchase E2E Tests › should support different pricing tiers" classname="tests/purchase.spec.ts" time="0.003">
<failure message="purchase.spec.ts:47:7 should support different pricing tiers" type="FAILURE">
<![CDATA[  [webkit] › tests/purchase.spec.ts:47:7 › Course Purchase E2E Tests › should support different pricing tiers 

    Error: browserType.launch: 
    ╔══════════════════════════════════════════════════════╗
    ║ Host system is missing dependencies to run browsers. ║
    ║ Please install them with the following command:      ║
    ║                                                      ║
    ║     sudo npx playwright install-deps                 ║
    ║                                                      ║
    ║ Alternatively, use apt:                              ║
    ║     sudo apt-get install libavif16                   ║
    ║                                                      ║
    ║ <3 Playwright Team                                   ║
    ╚══════════════════════════════════════════════════════╝
]]>
</failure>
</testcase>
<testcase name="Course Purchase E2E Tests › should allow purchase cancellation" classname="tests/purchase.spec.ts" time="0.003">
<failure message="purchase.spec.ts:52:7 should allow purchase cancellation" type="FAILURE">
<![CDATA[  [webkit] › tests/purchase.spec.ts:52:7 › Course Purchase E2E Tests › should allow purchase cancellation 

    Error: browserType.launch: 
    ╔══════════════════════════════════════════════════════╗
    ║ Host system is missing dependencies to run browsers. ║
    ║ Please install them with the following command:      ║
    ║                                                      ║
    ║     sudo npx playwright install-deps                 ║
    ║                                                      ║
    ║ Alternatively, use apt:                              ║
    ║     sudo apt-get install libavif16                   ║
    ║                                                      ║
    ║ <3 Playwright Team                                   ║
    ╚══════════════════════════════════════════════════════╝
]]>
</failure>
</testcase>
<testcase name="Course Purchase E2E Tests › should initiate purchase from course page" classname="tests/purchase.spec.ts" time="0.004">
<failure message="purchase.spec.ts:57:7 should initiate purchase from course page" type="FAILURE">
<![CDATA[  [webkit] › tests/purchase.spec.ts:57:7 › Course Purchase E2E Tests › should initiate purchase from course page 

    Error: browserType.launch: 
    ╔══════════════════════════════════════════════════════╗
    ║ Host system is missing dependencies to run browsers. ║
    ║ Please install them with the following command:      ║
    ║                                                      ║
    ║     sudo npx playwright install-deps                 ║
    ║                                                      ║
    ║ Alternatively, use apt:                              ║
    ║     sudo apt-get install libavif16                   ║
    ║                                                      ║
    ║ <3 Playwright Team                                   ║
    ╚══════════════════════════════════════════════════════╝
]]>
</failure>
</testcase>
<testcase name="Course Purchase E2E Tests › should validate form inputs" classname="tests/purchase.spec.ts" time="0.004">
<failure message="purchase.spec.ts:65:7 should validate form inputs" type="FAILURE">
<![CDATA[  [webkit] › tests/purchase.spec.ts:65:7 › Course Purchase E2E Tests › should validate form inputs ─

    Error: browserType.launch: 
    ╔══════════════════════════════════════════════════════╗
    ║ Host system is missing dependencies to run browsers. ║
    ║ Please install them with the following command:      ║
    ║                                                      ║
    ║     sudo npx playwright install-deps                 ║
    ║                                                      ║
    ║ Alternatively, use apt:                              ║
    ║     sudo apt-get install libavif16                   ║
    ║                                                      ║
    ║ <3 Playwright Team                                   ║
    ╚══════════════════════════════════════════════════════╝
]]>
</failure>
</testcase>
<testcase name="Course Purchase E2E Tests › should handle payment provider integration" classname="tests/purchase.spec.ts" time="0.003">
<failure message="purchase.spec.ts:83:7 should handle payment provider integration" type="FAILURE">
<![CDATA[  [webkit] › tests/purchase.spec.ts:83:7 › Course Purchase E2E Tests › should handle payment provider integration 

    Error: browserType.launch: 
    ╔══════════════════════════════════════════════════════╗
    ║ Host system is missing dependencies to run browsers. ║
    ║ Please install them with the following command:      ║
    ║                                                      ║
    ║     sudo npx playwright install-deps                 ║
    ║                                                      ║
    ║ Alternatively, use apt:                              ║
    ║     sudo apt-get install libavif16                   ║
    ║                                                      ║
    ║ <3 Playwright Team                                   ║
    ╚══════════════════════════════════════════════════════╝
]]>
</failure>
</testcase>
<testcase name="Course Purchase E2E Tests › should show loading states during payment" classname="tests/purchase.spec.ts" time="0.004">
<failure message="purchase.spec.ts:96:7 should show loading states during payment" type="FAILURE">
<![CDATA[  [webkit] › tests/purchase.spec.ts:96:7 › Course Purchase E2E Tests › should show loading states during payment 

    Error: browserType.launch: 
    ╔══════════════════════════════════════════════════════╗
    ║ Host system is missing dependencies to run browsers. ║
    ║ Please install them with the following command:      ║
    ║                                                      ║
    ║     sudo npx playwright install-deps                 ║
    ║                                                      ║
    ║ Alternatively, use apt:                              ║
    ║     sudo apt-get install libavif16                   ║
    ║                                                      ║
    ║ <3 Playwright Team                                   ║
    ╚══════════════════════════════════════════════════════╝
]]>
</failure>
</testcase>
<testcase name="Course Purchase E2E Tests › should preserve form data on validation errors" classname="tests/purchase.spec.ts" time="0.004">
<failure message="purchase.spec.ts:122:7 should preserve form data on validation errors" type="FAILURE">
<![CDATA[  [webkit] › tests/purchase.spec.ts:122:7 › Course Purchase E2E Tests › should preserve form data on validation errors 

    Error: browserType.launch: 
    ╔══════════════════════════════════════════════════════╗
    ║ Host system is missing dependencies to run browsers. ║
    ║ Please install them with the following command:      ║
    ║                                                      ║
    ║     sudo npx playwright install-deps                 ║
    ║                                                      ║
    ║ Alternatively, use apt:                              ║
    ║     sudo apt-get install libavif16                   ║
    ║                                                      ║
    ║ <3 Playwright Team                                   ║
    ╚══════════════════════════════════════════════════════╝
]]>
</failure>
</testcase>
<testcase name="Course Purchase E2E Tests › should support promotional codes" classname="tests/purchase.spec.ts" time="0.003">
<failure message="purchase.spec.ts:145:7 should support promotional codes" type="FAILURE">
<![CDATA[  [webkit] › tests/purchase.spec.ts:145:7 › Course Purchase E2E Tests › should support promotional codes 

    Error: browserType.launch: 
    ╔══════════════════════════════════════════════════════╗
    ║ Host system is missing dependencies to run browsers. ║
    ║ Please install them with the following command:      ║
    ║                                                      ║
    ║     sudo npx playwright install-deps                 ║
    ║                                                      ║
    ║ Alternatively, use apt:                              ║
    ║     sudo apt-get install libavif16                   ║
    ║                                                      ║
    ║ <3 Playwright Team                                   ║
    ╚══════════════════════════════════════════════════════╝
]]>
</failure>
</testcase>
<testcase name="Course Purchase E2E Tests › should handle different currencies" classname="tests/purchase.spec.ts" time="0.003">
<failure message="purchase.spec.ts:168:7 should handle different currencies" type="FAILURE">
<![CDATA[  [webkit] › tests/purchase.spec.ts:168:7 › Course Purchase E2E Tests › should handle different currencies 

    Error: browserType.launch: 
    ╔══════════════════════════════════════════════════════╗
    ║ Host system is missing dependencies to run browsers. ║
    ║ Please install them with the following command:      ║
    ║                                                      ║
    ║     sudo npx playwright install-deps                 ║
    ║                                                      ║
    ║ Alternatively, use apt:                              ║
    ║     sudo apt-get install libavif16                   ║
    ║                                                      ║
    ║ <3 Playwright Team                                   ║
    ╚══════════════════════════════════════════════════════╝
]]>
</failure>
</testcase>
</testsuite>
<testsuite name="tests/acim-guide-debug.spec.ts" timestamp="2025-08-14T13:39:24.147Z" hostname="Mobile Chrome" tests="11" failures="6" skipped="0" time="138.246" errors="0">
<testcase name="ACIM Guide - Debug and UX Testing › ✅ Page loads successfully with correct title and branding" classname="tests/acim-guide-debug.spec.ts" time="31.153">
<failure message="acim-guide-debug.spec.ts:15:7 ✅ Page loads successfully with correct title and branding" type="FAILURE">
<![CDATA[  [Mobile Chrome] › tests/acim-guide-debug.spec.ts:15:7 › ACIM Guide - Debug and UX Testing › ✅ Page loads successfully with correct title and branding 

    Test timeout of 30000ms exceeded while running "beforeEach" hook.

       5 | test.describe('ACIM Guide - Debug and UX Testing', () => {
       6 |   
    >  7 |   test.beforeEach(async ({ page }) => {
         |        ^
       8 |     // Navigate to production site
       9 |     await page.goto(PRODUCTION_URL);
      10 |     
        at /home/am/TestAlex/e2e/tests/acim-guide-debug.spec.ts:7:8

    Error: page.waitForLoadState: Test timeout of 30000ms exceeded.

      10 |     
      11 |     // Wait for page to load completely
    > 12 |     await page.waitForLoadState('networkidle');
         |                ^
      13 |   });
      14 |
      15 |   test('✅ Page loads successfully with correct title and branding', async ({ page }) => {
        at /home/am/TestAlex/e2e/tests/acim-guide-debug.spec.ts:12:16

    attachment #1: screenshot (image/png) ──────────────────────────────────────────────────────────
    ../test-results/tests-acim-guide-debug-ACI-1175f--correct-title-and-branding-Mobile-Chrome/test-failed-1.png
    ────────────────────────────────────────────────────────────────────────────────────────────────

    attachment #2: video (video/webm) ──────────────────────────────────────────────────────────────
    ../test-results/tests-acim-guide-debug-ACI-1175f--correct-title-and-branding-Mobile-Chrome/video.webm
    ────────────────────────────────────────────────────────────────────────────────────────────────

    Error Context: ../test-results/tests-acim-guide-debug-ACI-1175f--correct-title-and-branding-Mobile-Chrome/error-context.md
]]>
</failure>
<system-out>
<![CDATA[
[[ATTACHMENT|tests-acim-guide-debug-ACI-1175f--correct-title-and-branding-Mobile-Chrome/test-failed-1.png]]

[[ATTACHMENT|tests-acim-guide-debug-ACI-1175f--correct-title-and-branding-Mobile-Chrome/video.webm]]

[[ATTACHMENT|tests-acim-guide-debug-ACI-1175f--correct-title-and-branding-Mobile-Chrome/error-context.md]]
]]>
</system-out>
</testcase>
<testcase name="ACIM Guide - Debug and UX Testing › 🔧 Firebase authentication and connection status" classname="tests/acim-guide-debug.spec.ts" time="9.654">
<failure message="acim-guide-debug.spec.ts:29:7 🔧 Firebase authentication and connection status" type="FAILURE">
<![CDATA[  [Mobile Chrome] › tests/acim-guide-debug.spec.ts:29:7 › ACIM Guide - Debug and UX Testing › 🔧 Firebase authentication and connection status 

    Error: Timed out 5000ms waiting for expect(locator).toContainText(expected)

    Locator: locator('#status')
    Expected string: "Initializing ACIMguide"
    Received string: "●"
    Call log:
      - Expect "toContainText" with timeout 5000ms
      - waiting for locator('#status')
        6 × locator resolved to <div id="status" class="status connected">Ready</div>
          - unexpected value "Ready"
        3 × locator resolved to <div id="status" class="status connected">●</div>
          - unexpected value "●"


      33 |     
      34 |     // Check initial loading state
    > 35 |     await expect(statusElement).toContainText('Initializing ACIMguide');
         |                                 ^
      36 |     
      37 |     // Wait for authentication to complete (up to 10 seconds)
      38 |     await page.waitForFunction(() => {
        at /home/am/TestAlex/e2e/tests/acim-guide-debug.spec.ts:35:33

    attachment #1: screenshot (image/png) ──────────────────────────────────────────────────────────
    ../test-results/tests-acim-guide-debug-ACI-93ac1-ation-and-connection-status-Mobile-Chrome/test-failed-1.png
    ────────────────────────────────────────────────────────────────────────────────────────────────

    attachment #2: video (video/webm) ──────────────────────────────────────────────────────────────
    ../test-results/tests-acim-guide-debug-ACI-93ac1-ation-and-connection-status-Mobile-Chrome/video.webm
    ────────────────────────────────────────────────────────────────────────────────────────────────

    Error Context: ../test-results/tests-acim-guide-debug-ACI-93ac1-ation-and-connection-status-Mobile-Chrome/error-context.md
]]>
</failure>
<system-out>
<![CDATA[
[[ATTACHMENT|tests-acim-guide-debug-ACI-93ac1-ation-and-connection-status-Mobile-Chrome/test-failed-1.png]]

[[ATTACHMENT|tests-acim-guide-debug-ACI-93ac1-ation-and-connection-status-Mobile-Chrome/video.webm]]

[[ATTACHMENT|tests-acim-guide-debug-ACI-93ac1-ation-and-connection-status-Mobile-Chrome/error-context.md]]
]]>
</system-out>
</testcase>
<testcase name="ACIM Guide - Debug and UX Testing › 💬 Chat interface is functional and accessible" classname="tests/acim-guide-debug.spec.ts" time="5.481">
</testcase>
<testcase name="ACIM Guide - Debug and UX Testing › 🎯 Quick action buttons are present and functional" classname="tests/acim-guide-debug.spec.ts" time="9.43">
<failure message="acim-guide-debug.spec.ts:85:7 🎯 Quick action buttons are present and functional" type="FAILURE">
<![CDATA[  [Mobile Chrome] › tests/acim-guide-debug.spec.ts:85:7 › ACIM Guide - Debug and UX Testing › 🎯 Quick action buttons are present and functional 

    Error: Timed out 5000ms waiting for expect(locator).toContainText(expected)

    Locator: locator('.quick-actions h3')
    Expected string: "Quick Actions"
    Received string: "Get Started"
    Call log:
      - Expect "toContainText" with timeout 5000ms
      - waiting for locator('.quick-actions h3')
        9 × locator resolved to <h3>Get Started</h3>
          - unexpected value "Get Started"


      85 |   test('🎯 Quick action buttons are present and functional', async ({ page }) => {
      86 |     // Check quick actions section
    > 87 |     await expect(page.locator('.quick-actions h3')).toContainText('Quick Actions');
         |                                                     ^
      88 |     
      89 |     // Check all quick action buttons exist
      90 |     const quickActions = [
        at /home/am/TestAlex/e2e/tests/acim-guide-debug.spec.ts:87:53

    attachment #1: screenshot (image/png) ──────────────────────────────────────────────────────────
    ../test-results/tests-acim-guide-debug-ACI-9a1ff--are-present-and-functional-Mobile-Chrome/test-failed-1.png
    ────────────────────────────────────────────────────────────────────────────────────────────────

    attachment #2: video (video/webm) ──────────────────────────────────────────────────────────────
    ../test-results/tests-acim-guide-debug-ACI-9a1ff--are-present-and-functional-Mobile-Chrome/video.webm
    ────────────────────────────────────────────────────────────────────────────────────────────────

    Error Context: ../test-results/tests-acim-guide-debug-ACI-9a1ff--are-present-and-functional-Mobile-Chrome/error-context.md
]]>
</failure>
<system-out>
<![CDATA[
[[ATTACHMENT|tests-acim-guide-debug-ACI-9a1ff--are-present-and-functional-Mobile-Chrome/test-failed-1.png]]

[[ATTACHMENT|tests-acim-guide-debug-ACI-9a1ff--are-present-and-functional-Mobile-Chrome/video.webm]]

[[ATTACHMENT|tests-acim-guide-debug-ACI-9a1ff--are-present-and-functional-Mobile-Chrome/error-context.md]]
]]>
</system-out>
</testcase>
<testcase name="ACIM Guide - Debug and UX Testing › 📱 Responsive design works on mobile" classname="tests/acim-guide-debug.spec.ts" time="4.179">
</testcase>
<testcase name="ACIM Guide - Debug and UX Testing › 🔍 Debug actual chat functionality with Firebase" classname="tests/acim-guide-debug.spec.ts" time="31.299">
<failure message="acim-guide-debug.spec.ts:131:7 🔍 Debug actual chat functionality with Firebase" type="FAILURE">
<![CDATA[  [Mobile Chrome] › tests/acim-guide-debug.spec.ts:131:7 › ACIM Guide - Debug and UX Testing › 🔍 Debug actual chat functionality with Firebase 

    Test timeout of 30000ms exceeded.

    Error: page.waitForFunction: Test timeout of 30000ms exceeded.

      131 |   test('🔍 Debug actual chat functionality with Firebase', async ({ page }) => {
      132 |     // Wait for authentication
    > 133 |     await page.waitForFunction(() => {
          |                ^
      134 |       const status = document.getElementById('status');
      135 |       return status && status.textContent?.includes('Connected! Your spiritual companion is ready');
      136 |     }, { timeout: 15000 });
        at /home/am/TestAlex/e2e/tests/acim-guide-debug.spec.ts:133:16

    attachment #1: screenshot (image/png) ──────────────────────────────────────────────────────────
    ../test-results/tests-acim-guide-debug-ACI-46d7f-functionality-with-Firebase-Mobile-Chrome/test-failed-1.png
    ────────────────────────────────────────────────────────────────────────────────────────────────

    attachment #2: video (video/webm) ──────────────────────────────────────────────────────────────
    ../test-results/tests-acim-guide-debug-ACI-46d7f-functionality-with-Firebase-Mobile-Chrome/video.webm
    ────────────────────────────────────────────────────────────────────────────────────────────────

    Error Context: ../test-results/tests-acim-guide-debug-ACI-46d7f-functionality-with-Firebase-Mobile-Chrome/error-context.md
]]>
</failure>
<system-out>
<![CDATA[
[[ATTACHMENT|tests-acim-guide-debug-ACI-46d7f-functionality-with-Firebase-Mobile-Chrome/test-failed-1.png]]

[[ATTACHMENT|tests-acim-guide-debug-ACI-46d7f-functionality-with-Firebase-Mobile-Chrome/video.webm]]

[[ATTACHMENT|tests-acim-guide-debug-ACI-46d7f-functionality-with-Firebase-Mobile-Chrome/error-context.md]]
]]>
</system-out>
</testcase>
<testcase name="ACIM Guide - Debug and UX Testing › 🎨 Visual design and styling check" classname="tests/acim-guide-debug.spec.ts" time="2.564">
<failure message="acim-guide-debug.spec.ts:201:7 🎨 Visual design and styling check" type="FAILURE">
<![CDATA[  [Mobile Chrome] › tests/acim-guide-debug.spec.ts:201:7 › ACIM Guide - Debug and UX Testing › 🎨 Visual design and styling check 

    Error: expect(received).toContain(expected) // indexOf

    Expected substring: "gradient"
    Received string:    "rgb(248, 250, 252) none repeat scroll 0% 0% / auto padding-box border-box"

      203 |     const body = page.locator('body');
      204 |     const bodyStyles = await body.evaluate(el => getComputedStyle(el));
    > 205 |     expect(bodyStyles.background).toContain('gradient');
          |                                   ^
      206 |     
      207 |     // Check container has proper styling
      208 |     const container = page.locator('.container');
        at /home/am/TestAlex/e2e/tests/acim-guide-debug.spec.ts:205:35

    attachment #1: screenshot (image/png) ──────────────────────────────────────────────────────────
    ../test-results/tests-acim-guide-debug-ACI-099fd-al-design-and-styling-check-Mobile-Chrome/test-failed-1.png
    ────────────────────────────────────────────────────────────────────────────────────────────────

    attachment #2: video (video/webm) ──────────────────────────────────────────────────────────────
    ../test-results/tests-acim-guide-debug-ACI-099fd-al-design-and-styling-check-Mobile-Chrome/video.webm
    ────────────────────────────────────────────────────────────────────────────────────────────────

    Error Context: ../test-results/tests-acim-guide-debug-ACI-099fd-al-design-and-styling-check-Mobile-Chrome/error-context.md
]]>
</failure>
<system-out>
<![CDATA[
[[ATTACHMENT|tests-acim-guide-debug-ACI-099fd-al-design-and-styling-check-Mobile-Chrome/test-failed-1.png]]

[[ATTACHMENT|tests-acim-guide-debug-ACI-099fd-al-design-and-styling-check-Mobile-Chrome/video.webm]]

[[ATTACHMENT|tests-acim-guide-debug-ACI-099fd-al-design-and-styling-check-Mobile-Chrome/error-context.md]]
]]>
</system-out>
</testcase>
<testcase name="ACIM Guide - Debug and UX Testing › ♿ Accessibility and usability check" classname="tests/acim-guide-debug.spec.ts" time="2.651">
</testcase>
<testcase name="ACIM Guide - Debug and UX Testing › 🔧 Performance and loading check" classname="tests/acim-guide-debug.spec.ts" time="7.079">
<system-out>
<![CDATA[Page load time: 1133ms
Console errors found: [
  [32m'Failed to load resource: the server responded with a status of 400 ()'[39m
]
]]>
</system-out>
</testcase>
<testcase name="ACIM Guide - Debug and UX Testing › 📸 Visual regression test - take screenshots" classname="tests/acim-guide-debug.spec.ts" time="4.419">
<system-out>
<![CDATA[Screenshots saved for visual review
]]>
</system-out>
</testcase>
<testcase name="ACIM Guide - Specific Firebase Debug › 🔥 Debug Firebase Functions specifically" classname="tests/acim-guide-debug.spec.ts" time="30.337">
<failure message="acim-guide-debug.spec.ts:310:7 🔥 Debug Firebase Functions specifically" type="FAILURE">
<![CDATA[  [Mobile Chrome] › tests/acim-guide-debug.spec.ts:310:7 › ACIM Guide - Specific Firebase Debug › 🔥 Debug Firebase Functions specifically 

    Test timeout of 30000ms exceeded.

    Error: page.waitForFunction: Test timeout of 30000ms exceeded.

      325 |     
      326 |     // Wait for auth and try to send message
    > 327 |     await page.waitForFunction(() => {
          |                ^
      328 |       const status = document.getElementById('status');
      329 |       return status && status.textContent?.includes('Connected! Your spiritual companion is ready');
      330 |     }, { timeout: 15000 });
        at /home/am/TestAlex/e2e/tests/acim-guide-debug.spec.ts:327:16

    attachment #1: screenshot (image/png) ──────────────────────────────────────────────────────────
    ../test-results/tests-acim-guide-debug-ACI-57bae-base-Functions-specifically-Mobile-Chrome/test-failed-1.png
    ────────────────────────────────────────────────────────────────────────────────────────────────

    attachment #2: video (video/webm) ──────────────────────────────────────────────────────────────
    ../test-results/tests-acim-guide-debug-ACI-57bae-base-Functions-specifically-Mobile-Chrome/video.webm
    ────────────────────────────────────────────────────────────────────────────────────────────────

    Error Context: ../test-results/tests-acim-guide-debug-ACI-57bae-base-Functions-specifically-Mobile-Chrome/error-context.md
]]>
</failure>
<system-out>
<![CDATA[
[[ATTACHMENT|tests-acim-guide-debug-ACI-57bae-base-Functions-specifically-Mobile-Chrome/test-failed-1.png]]

[[ATTACHMENT|tests-acim-guide-debug-ACI-57bae-base-Functions-specifically-Mobile-Chrome/video.webm]]

[[ATTACHMENT|tests-acim-guide-debug-ACI-57bae-base-Functions-specifically-Mobile-Chrome/error-context.md]]
]]>
</system-out>
</testcase>
</testsuite>
<testsuite name="tests/blog-cta.spec.ts" timestamp="2025-08-14T13:39:24.147Z" hostname="Mobile Chrome" tests="19" failures="19" skipped="0" time="14.077" errors="0">
<testcase name="Blog CTA E2E Tests › should display CTAs correctly on blog homepage" classname="tests/blog-cta.spec.ts" time="0.405">
<failure message="blog-cta.spec.ts:11:7 should display CTAs correctly on blog homepage" type="FAILURE">
<![CDATA[  [Mobile Chrome] › tests/blog-cta.spec.ts:11:7 › Blog CTA E2E Tests › should display CTAs correctly on blog homepage 

    Error: page.goto: net::ERR_CONNECTION_REFUSED at http://localhost:3000/blog
    Call log:
      - navigating to "http://localhost:3000/blog", waiting until "load"


       at utils/blog-cta-page.ts:43

      41 |    */
      42 |   async navigateToBlog(): Promise<void> {
    > 43 |     await this.page.goto('/blog');
         |                     ^
      44 |     await this.helpers.waitForNetworkIdle();
      45 |     await this.helpers.waitForStableElement(this.blogContainer);
      46 |   }
        at BlogCTAPage.navigateToBlog (/home/am/TestAlex/e2e/utils/blog-cta-page.ts:43:21)
        at /home/am/TestAlex/e2e/tests/blog-cta.spec.ts:12:23

    attachment #1: screenshot (image/png) ──────────────────────────────────────────────────────────
    ../test-results/tests-blog-cta-Blog-CTA-E2-d9854--correctly-on-blog-homepage-Mobile-Chrome/test-failed-1.png
    ────────────────────────────────────────────────────────────────────────────────────────────────

    attachment #2: video (video/webm) ──────────────────────────────────────────────────────────────
    ../test-results/tests-blog-cta-Blog-CTA-E2-d9854--correctly-on-blog-homepage-Mobile-Chrome/video.webm
    ────────────────────────────────────────────────────────────────────────────────────────────────

    Error Context: ../test-results/tests-blog-cta-Blog-CTA-E2-d9854--correctly-on-blog-homepage-Mobile-Chrome/error-context.md
]]>
</failure>
<system-out>
<![CDATA[
[[ATTACHMENT|tests-blog-cta-Blog-CTA-E2-d9854--correctly-on-blog-homepage-Mobile-Chrome/test-failed-1.png]]

[[ATTACHMENT|tests-blog-cta-Blog-CTA-E2-d9854--correctly-on-blog-homepage-Mobile-Chrome/video.webm]]

[[ATTACHMENT|tests-blog-cta-Blog-CTA-E2-d9854--correctly-on-blog-homepage-Mobile-Chrome/error-context.md]]
]]>
</system-out>
</testcase>
<testcase name="Blog CTA E2E Tests › should handle CTA click-through functionality" classname="tests/blog-cta.spec.ts" time="0.469">
<failure message="blog-cta.spec.ts:16:7 should handle CTA click-through functionality" type="FAILURE">
<![CDATA[  [Mobile Chrome] › tests/blog-cta.spec.ts:16:7 › Blog CTA E2E Tests › should handle CTA click-through functionality 

    Error: page.goto: net::ERR_CONNECTION_REFUSED at http://localhost:3000/blog
    Call log:
      - navigating to "http://localhost:3000/blog", waiting until "load"


       at utils/blog-cta-page.ts:43

      41 |    */
      42 |   async navigateToBlog(): Promise<void> {
    > 43 |     await this.page.goto('/blog');
         |                     ^
      44 |     await this.helpers.waitForNetworkIdle();
      45 |     await this.helpers.waitForStableElement(this.blogContainer);
      46 |   }
        at BlogCTAPage.navigateToBlog (/home/am/TestAlex/e2e/utils/blog-cta-page.ts:43:21)
        at /home/am/TestAlex/e2e/tests/blog-cta.spec.ts:17:23

    attachment #1: screenshot (image/png) ──────────────────────────────────────────────────────────
    ../test-results/tests-blog-cta-Blog-CTA-E2-bc43d-click-through-functionality-Mobile-Chrome/test-failed-1.png
    ────────────────────────────────────────────────────────────────────────────────────────────────

    attachment #2: video (video/webm) ──────────────────────────────────────────────────────────────
    ../test-results/tests-blog-cta-Blog-CTA-E2-bc43d-click-through-functionality-Mobile-Chrome/video.webm
    ────────────────────────────────────────────────────────────────────────────────────────────────

    Error Context: ../test-results/tests-blog-cta-Blog-CTA-E2-bc43d-click-through-functionality-Mobile-Chrome/error-context.md
]]>
</failure>
<system-out>
<![CDATA[
[[ATTACHMENT|tests-blog-cta-Blog-CTA-E2-bc43d-click-through-functionality-Mobile-Chrome/test-failed-1.png]]

[[ATTACHMENT|tests-blog-cta-Blog-CTA-E2-bc43d-click-through-functionality-Mobile-Chrome/video.webm]]

[[ATTACHMENT|tests-blog-cta-Blog-CTA-E2-bc43d-click-through-functionality-Mobile-Chrome/error-context.md]]
]]>
</system-out>
</testcase>
<testcase name="Blog CTA E2E Tests › should handle newsletter signup" classname="tests/blog-cta.spec.ts" time="0.322">
<failure message="blog-cta.spec.ts:21:7 should handle newsletter signup" type="FAILURE">
<![CDATA[  [Mobile Chrome] › tests/blog-cta.spec.ts:21:7 › Blog CTA E2E Tests › should handle newsletter signup 

    Error: page.goto: net::ERR_CONNECTION_REFUSED at http://localhost:3000/blog
    Call log:
      - navigating to "http://localhost:3000/blog", waiting until "load"


       at utils/blog-cta-page.ts:43

      41 |    */
      42 |   async navigateToBlog(): Promise<void> {
    > 43 |     await this.page.goto('/blog');
         |                     ^
      44 |     await this.helpers.waitForNetworkIdle();
      45 |     await this.helpers.waitForStableElement(this.blogContainer);
      46 |   }
        at BlogCTAPage.navigateToBlog (/home/am/TestAlex/e2e/utils/blog-cta-page.ts:43:21)
        at /home/am/TestAlex/e2e/tests/blog-cta.spec.ts:22:23

    attachment #1: screenshot (image/png) ──────────────────────────────────────────────────────────
    ../test-results/tests-blog-cta-Blog-CTA-E2-581c9-ld-handle-newsletter-signup-Mobile-Chrome/test-failed-1.png
    ────────────────────────────────────────────────────────────────────────────────────────────────

    attachment #2: video (video/webm) ──────────────────────────────────────────────────────────────
    ../test-results/tests-blog-cta-Blog-CTA-E2-581c9-ld-handle-newsletter-signup-Mobile-Chrome/video.webm
    ────────────────────────────────────────────────────────────────────────────────────────────────

    Error Context: ../test-results/tests-blog-cta-Blog-CTA-E2-581c9-ld-handle-newsletter-signup-Mobile-Chrome/error-context.md
]]>
</failure>
<system-out>
<![CDATA[
[[ATTACHMENT|tests-blog-cta-Blog-CTA-E2-581c9-ld-handle-newsletter-signup-Mobile-Chrome/test-failed-1.png]]

[[ATTACHMENT|tests-blog-cta-Blog-CTA-E2-581c9-ld-handle-newsletter-signup-Mobile-Chrome/video.webm]]

[[ATTACHMENT|tests-blog-cta-Blog-CTA-E2-581c9-ld-handle-newsletter-signup-Mobile-Chrome/error-context.md]]
]]>
</system-out>
</testcase>
<testcase name="Blog CTA E2E Tests › should validate email input in newsletter" classname="tests/blog-cta.spec.ts" time="0.454">
<failure message="blog-cta.spec.ts:26:7 should validate email input in newsletter" type="FAILURE">
<![CDATA[  [Mobile Chrome] › tests/blog-cta.spec.ts:26:7 › Blog CTA E2E Tests › should validate email input in newsletter 

    Error: page.goto: net::ERR_CONNECTION_REFUSED at http://localhost:3000/blog
    Call log:
      - navigating to "http://localhost:3000/blog", waiting until "load"


       at utils/blog-cta-page.ts:43

      41 |    */
      42 |   async navigateToBlog(): Promise<void> {
    > 43 |     await this.page.goto('/blog');
         |                     ^
      44 |     await this.helpers.waitForNetworkIdle();
      45 |     await this.helpers.waitForStableElement(this.blogContainer);
      46 |   }
        at BlogCTAPage.navigateToBlog (/home/am/TestAlex/e2e/utils/blog-cta-page.ts:43:21)
        at /home/am/TestAlex/e2e/tests/blog-cta.spec.ts:27:23

    attachment #1: screenshot (image/png) ──────────────────────────────────────────────────────────
    ../test-results/tests-blog-cta-Blog-CTA-E2-7027d-e-email-input-in-newsletter-Mobile-Chrome/test-failed-1.png
    ────────────────────────────────────────────────────────────────────────────────────────────────

    attachment #2: video (video/webm) ──────────────────────────────────────────────────────────────
    ../test-results/tests-blog-cta-Blog-CTA-E2-7027d-e-email-input-in-newsletter-Mobile-Chrome/video.webm
    ────────────────────────────────────────────────────────────────────────────────────────────────

    Error Context: ../test-results/tests-blog-cta-Blog-CTA-E2-7027d-e-email-input-in-newsletter-Mobile-Chrome/error-context.md
]]>
</failure>
<system-out>
<![CDATA[
[[ATTACHMENT|tests-blog-cta-Blog-CTA-E2-7027d-e-email-input-in-newsletter-Mobile-Chrome/test-failed-1.png]]

[[ATTACHMENT|tests-blog-cta-Blog-CTA-E2-7027d-e-email-input-in-newsletter-Mobile-Chrome/video.webm]]

[[ATTACHMENT|tests-blog-cta-Blog-CTA-E2-7027d-e-email-input-in-newsletter-Mobile-Chrome/error-context.md]]
]]>
</system-out>
</testcase>
<testcase name="Blog CTA E2E Tests › should track CTA interactions" classname="tests/blog-cta.spec.ts" time="0.404">
<failure message="blog-cta.spec.ts:31:7 should track CTA interactions" type="FAILURE">
<![CDATA[  [Mobile Chrome] › tests/blog-cta.spec.ts:31:7 › Blog CTA E2E Tests › should track CTA interactions 

    Error: page.goto: net::ERR_CONNECTION_REFUSED at http://localhost:3000/blog
    Call log:
      - navigating to "http://localhost:3000/blog", waiting until "load"


       at utils/blog-cta-page.ts:43

      41 |    */
      42 |   async navigateToBlog(): Promise<void> {
    > 43 |     await this.page.goto('/blog');
         |                     ^
      44 |     await this.helpers.waitForNetworkIdle();
      45 |     await this.helpers.waitForStableElement(this.blogContainer);
      46 |   }
        at BlogCTAPage.navigateToBlog (/home/am/TestAlex/e2e/utils/blog-cta-page.ts:43:21)
        at /home/am/TestAlex/e2e/tests/blog-cta.spec.ts:32:23

    attachment #1: screenshot (image/png) ──────────────────────────────────────────────────────────
    ../test-results/tests-blog-cta-Blog-CTA-E2-203d1-ould-track-CTA-interactions-Mobile-Chrome/test-failed-1.png
    ────────────────────────────────────────────────────────────────────────────────────────────────

    attachment #2: video (video/webm) ──────────────────────────────────────────────────────────────
    ../test-results/tests-blog-cta-Blog-CTA-E2-203d1-ould-track-CTA-interactions-Mobile-Chrome/video.webm
    ────────────────────────────────────────────────────────────────────────────────────────────────

    Error Context: ../test-results/tests-blog-cta-Blog-CTA-E2-203d1-ould-track-CTA-interactions-Mobile-Chrome/error-context.md
]]>
</failure>
<system-out>
<![CDATA[
[[ATTACHMENT|tests-blog-cta-Blog-CTA-E2-203d1-ould-track-CTA-interactions-Mobile-Chrome/test-failed-1.png]]

[[ATTACHMENT|tests-blog-cta-Blog-CTA-E2-203d1-ould-track-CTA-interactions-Mobile-Chrome/video.webm]]

[[ATTACHMENT|tests-blog-cta-Blog-CTA-E2-203d1-ould-track-CTA-interactions-Mobile-Chrome/error-context.md]]
]]>
</system-out>
</testcase>
<testcase name="Blog CTA E2E Tests › should display social media links" classname="tests/blog-cta.spec.ts" time="0.592">
<failure message="blog-cta.spec.ts:36:7 should display social media links" type="FAILURE">
<![CDATA[  [Mobile Chrome] › tests/blog-cta.spec.ts:36:7 › Blog CTA E2E Tests › should display social media links 

    Error: page.goto: net::ERR_CONNECTION_REFUSED at http://localhost:3000/blog
    Call log:
      - navigating to "http://localhost:3000/blog", waiting until "load"


       at utils/blog-cta-page.ts:43

      41 |    */
      42 |   async navigateToBlog(): Promise<void> {
    > 43 |     await this.page.goto('/blog');
         |                     ^
      44 |     await this.helpers.waitForNetworkIdle();
      45 |     await this.helpers.waitForStableElement(this.blogContainer);
      46 |   }
        at BlogCTAPage.navigateToBlog (/home/am/TestAlex/e2e/utils/blog-cta-page.ts:43:21)
        at /home/am/TestAlex/e2e/tests/blog-cta.spec.ts:37:23

    attachment #1: screenshot (image/png) ──────────────────────────────────────────────────────────
    ../test-results/tests-blog-cta-Blog-CTA-E2-43723--display-social-media-links-Mobile-Chrome/test-failed-1.png
    ────────────────────────────────────────────────────────────────────────────────────────────────

    attachment #2: video (video/webm) ──────────────────────────────────────────────────────────────
    ../test-results/tests-blog-cta-Blog-CTA-E2-43723--display-social-media-links-Mobile-Chrome/video.webm
    ────────────────────────────────────────────────────────────────────────────────────────────────

    Error Context: ../test-results/tests-blog-cta-Blog-CTA-E2-43723--display-social-media-links-Mobile-Chrome/error-context.md
]]>
</failure>
<system-out>
<![CDATA[
[[ATTACHMENT|tests-blog-cta-Blog-CTA-E2-43723--display-social-media-links-Mobile-Chrome/test-failed-1.png]]

[[ATTACHMENT|tests-blog-cta-Blog-CTA-E2-43723--display-social-media-links-Mobile-Chrome/video.webm]]

[[ATTACHMENT|tests-blog-cta-Blog-CTA-E2-43723--display-social-media-links-Mobile-Chrome/error-context.md]]
]]>
</system-out>
</testcase>
<testcase name="Blog CTA E2E Tests › should load CTAs quickly" classname="tests/blog-cta.spec.ts" time="0.499">
<failure message="blog-cta.spec.ts:41:7 should load CTAs quickly" type="FAILURE">
<![CDATA[  [Mobile Chrome] › tests/blog-cta.spec.ts:41:7 › Blog CTA E2E Tests › should load CTAs quickly ────

    Error: page.goto: net::ERR_CONNECTION_REFUSED at http://localhost:3000/blog
    Call log:
      - navigating to "http://localhost:3000/blog", waiting until "load"


       at utils/blog-cta-page.ts:43

      41 |    */
      42 |   async navigateToBlog(): Promise<void> {
    > 43 |     await this.page.goto('/blog');
         |                     ^
      44 |     await this.helpers.waitForNetworkIdle();
      45 |     await this.helpers.waitForStableElement(this.blogContainer);
      46 |   }
        at BlogCTAPage.navigateToBlog (/home/am/TestAlex/e2e/utils/blog-cta-page.ts:43:21)
        at BlogCTAPage.testCTAPerformance (/home/am/TestAlex/e2e/utils/blog-cta-page.ts:230:16)
        at /home/am/TestAlex/e2e/tests/blog-cta.spec.ts:42:23

    attachment #1: screenshot (image/png) ──────────────────────────────────────────────────────────
    ../test-results/tests-blog-cta-Blog-CTA-E2E-Tests-should-load-CTAs-quickly-Mobile-Chrome/test-failed-1.png
    ────────────────────────────────────────────────────────────────────────────────────────────────

    attachment #2: video (video/webm) ──────────────────────────────────────────────────────────────
    ../test-results/tests-blog-cta-Blog-CTA-E2E-Tests-should-load-CTAs-quickly-Mobile-Chrome/video.webm
    ────────────────────────────────────────────────────────────────────────────────────────────────

    Error Context: ../test-results/tests-blog-cta-Blog-CTA-E2E-Tests-should-load-CTAs-quickly-Mobile-Chrome/error-context.md
]]>
</failure>
<system-out>
<![CDATA[
[[ATTACHMENT|tests-blog-cta-Blog-CTA-E2E-Tests-should-load-CTAs-quickly-Mobile-Chrome/test-failed-1.png]]

[[ATTACHMENT|tests-blog-cta-Blog-CTA-E2E-Tests-should-load-CTAs-quickly-Mobile-Chrome/video.webm]]

[[ATTACHMENT|tests-blog-cta-Blog-CTA-E2E-Tests-should-load-CTAs-quickly-Mobile-Chrome/error-context.md]]
]]>
</system-out>
</testcase>
<testcase name="Blog CTA E2E Tests › should be accessible" classname="tests/blog-cta.spec.ts" time="0.375">
<failure message="blog-cta.spec.ts:45:7 should be accessible" type="FAILURE">
<![CDATA[  [Mobile Chrome] › tests/blog-cta.spec.ts:45:7 › Blog CTA E2E Tests › should be accessible ────────

    Error: page.goto: net::ERR_CONNECTION_REFUSED at http://localhost:3000/blog
    Call log:
      - navigating to "http://localhost:3000/blog", waiting until "load"


       at utils/blog-cta-page.ts:43

      41 |    */
      42 |   async navigateToBlog(): Promise<void> {
    > 43 |     await this.page.goto('/blog');
         |                     ^
      44 |     await this.helpers.waitForNetworkIdle();
      45 |     await this.helpers.waitForStableElement(this.blogContainer);
      46 |   }
        at BlogCTAPage.navigateToBlog (/home/am/TestAlex/e2e/utils/blog-cta-page.ts:43:21)
        at /home/am/TestAlex/e2e/tests/blog-cta.spec.ts:46:23

    attachment #1: screenshot (image/png) ──────────────────────────────────────────────────────────
    ../test-results/tests-blog-cta-Blog-CTA-E2E-Tests-should-be-accessible-Mobile-Chrome/test-failed-1.png
    ────────────────────────────────────────────────────────────────────────────────────────────────

    attachment #2: video (video/webm) ──────────────────────────────────────────────────────────────
    ../test-results/tests-blog-cta-Blog-CTA-E2E-Tests-should-be-accessible-Mobile-Chrome/video.webm
    ────────────────────────────────────────────────────────────────────────────────────────────────

    Error Context: ../test-results/tests-blog-cta-Blog-CTA-E2E-Tests-should-be-accessible-Mobile-Chrome/error-context.md
]]>
</failure>
<system-out>
<![CDATA[
[[ATTACHMENT|tests-blog-cta-Blog-CTA-E2E-Tests-should-be-accessible-Mobile-Chrome/test-failed-1.png]]

[[ATTACHMENT|tests-blog-cta-Blog-CTA-E2E-Tests-should-be-accessible-Mobile-Chrome/video.webm]]

[[ATTACHMENT|tests-blog-cta-Blog-CTA-E2E-Tests-should-be-accessible-Mobile-Chrome/error-context.md]]
]]>
</system-out>
</testcase>
<testcase name="Blog CTA E2E Tests › should work on mobile devices" classname="tests/blog-cta.spec.ts" time="6.226">
<failure message="blog-cta.spec.ts:50:7 should work on mobile devices" type="FAILURE">
<![CDATA[  [Mobile Chrome] › tests/blog-cta.spec.ts:50:7 › Blog CTA E2E Tests › should work on mobile devices 

    Error: Timed out 5000ms waiting for expect(locator).toBeVisible()

    Locator: locator('[data-testid="cta-section"], .cta-section, .call-to-action')
    Expected: visible
    Received: <element(s) not found>
    Call log:
      - Expect "toBeVisible" with timeout 5000ms
      - waiting for locator('[data-testid="cta-section"], .cta-section, .call-to-action')


       at utils/blog-cta-page.ts:298

      296 |     
      297 |     // CTAs should be visible and functional on mobile
    > 298 |     await expect(this.ctaSection).toBeVisible();
          |                                   ^
      299 |     
      300 |     if (await this.primaryCTA.count() > 0) {
      301 |       await expect(this.primaryCTA).toBeVisible();
        at BlogCTAPage.testMobileCTA (/home/am/TestAlex/e2e/utils/blog-cta-page.ts:298:35)
        at /home/am/TestAlex/e2e/tests/blog-cta.spec.ts:51:5

    attachment #1: screenshot (image/png) ──────────────────────────────────────────────────────────
    ../test-results/tests-blog-cta-Blog-CTA-E2-12b41-ould-work-on-mobile-devices-Mobile-Chrome/test-failed-1.png
    ────────────────────────────────────────────────────────────────────────────────────────────────

    attachment #2: video (video/webm) ──────────────────────────────────────────────────────────────
    ../test-results/tests-blog-cta-Blog-CTA-E2-12b41-ould-work-on-mobile-devices-Mobile-Chrome/video.webm
    ────────────────────────────────────────────────────────────────────────────────────────────────
]]>
</failure>
<system-out>
<![CDATA[
[[ATTACHMENT|tests-blog-cta-Blog-CTA-E2-12b41-ould-work-on-mobile-devices-Mobile-Chrome/test-failed-1.png]]

[[ATTACHMENT|tests-blog-cta-Blog-CTA-E2-12b41-ould-work-on-mobile-devices-Mobile-Chrome/video.webm]]
]]>
</system-out>
</testcase>
<testcase name="Blog CTA E2E Tests › should have compelling CTA text variations" classname="tests/blog-cta.spec.ts" time="0.497">
<failure message="blog-cta.spec.ts:54:7 should have compelling CTA text variations" type="FAILURE">
<![CDATA[  [Mobile Chrome] › tests/blog-cta.spec.ts:54:7 › Blog CTA E2E Tests › should have compelling CTA text variations 

    Error: page.goto: net::ERR_CONNECTION_REFUSED at http://localhost:3000/blog
    Call log:
      - navigating to "http://localhost:3000/blog", waiting until "load"


       at utils/blog-cta-page.ts:43

      41 |    */
      42 |   async navigateToBlog(): Promise<void> {
    > 43 |     await this.page.goto('/blog');
         |                     ^
      44 |     await this.helpers.waitForNetworkIdle();
      45 |     await this.helpers.waitForStableElement(this.blogContainer);
      46 |   }
        at BlogCTAPage.navigateToBlog (/home/am/TestAlex/e2e/utils/blog-cta-page.ts:43:21)
        at /home/am/TestAlex/e2e/tests/blog-cta.spec.ts:55:23

    attachment #1: screenshot (image/png) ──────────────────────────────────────────────────────────
    ../test-results/tests-blog-cta-Blog-CTA-E2-24c0c-pelling-CTA-text-variations-Mobile-Chrome/test-failed-1.png
    ────────────────────────────────────────────────────────────────────────────────────────────────

    attachment #2: video (video/webm) ──────────────────────────────────────────────────────────────
    ../test-results/tests-blog-cta-Blog-CTA-E2-24c0c-pelling-CTA-text-variations-Mobile-Chrome/video.webm
    ────────────────────────────────────────────────────────────────────────────────────────────────

    Error Context: ../test-results/tests-blog-cta-Blog-CTA-E2-24c0c-pelling-CTA-text-variations-Mobile-Chrome/error-context.md
]]>
</failure>
<system-out>
<![CDATA[
[[ATTACHMENT|tests-blog-cta-Blog-CTA-E2-24c0c-pelling-CTA-text-variations-Mobile-Chrome/test-failed-1.png]]

[[ATTACHMENT|tests-blog-cta-Blog-CTA-E2-24c0c-pelling-CTA-text-variations-Mobile-Chrome/video.webm]]

[[ATTACHMENT|tests-blog-cta-Blog-CTA-E2-24c0c-pelling-CTA-text-variations-Mobile-Chrome/error-context.md]]
]]>
</system-out>
</testcase>
<testcase name="Blog CTA E2E Tests › should maintain design consistency" classname="tests/blog-cta.spec.ts" time="0.463">
<failure message="blog-cta.spec.ts:59:7 should maintain design consistency" type="FAILURE">
<![CDATA[  [Mobile Chrome] › tests/blog-cta.spec.ts:59:7 › Blog CTA E2E Tests › should maintain design consistency 

    Error: page.goto: net::ERR_CONNECTION_REFUSED at http://localhost:3000/blog
    Call log:
      - navigating to "http://localhost:3000/blog", waiting until "load"


       at utils/blog-cta-page.ts:43

      41 |    */
      42 |   async navigateToBlog(): Promise<void> {
    > 43 |     await this.page.goto('/blog');
         |                     ^
      44 |     await this.helpers.waitForNetworkIdle();
      45 |     await this.helpers.waitForStableElement(this.blogContainer);
      46 |   }
        at BlogCTAPage.navigateToBlog (/home/am/TestAlex/e2e/utils/blog-cta-page.ts:43:21)
        at /home/am/TestAlex/e2e/tests/blog-cta.spec.ts:60:23

    attachment #1: screenshot (image/png) ──────────────────────────────────────────────────────────
    ../test-results/tests-blog-cta-Blog-CTA-E2-597ab-maintain-design-consistency-Mobile-Chrome/test-failed-1.png
    ────────────────────────────────────────────────────────────────────────────────────────────────

    attachment #2: video (video/webm) ──────────────────────────────────────────────────────────────
    ../test-results/tests-blog-cta-Blog-CTA-E2-597ab-maintain-design-consistency-Mobile-Chrome/video.webm
    ────────────────────────────────────────────────────────────────────────────────────────────────

    Error Context: ../test-results/tests-blog-cta-Blog-CTA-E2-597ab-maintain-design-consistency-Mobile-Chrome/error-context.md
]]>
</failure>
<system-out>
<![CDATA[
[[ATTACHMENT|tests-blog-cta-Blog-CTA-E2-597ab-maintain-design-consistency-Mobile-Chrome/test-failed-1.png]]

[[ATTACHMENT|tests-blog-cta-Blog-CTA-E2-597ab-maintain-design-consistency-Mobile-Chrome/video.webm]]

[[ATTACHMENT|tests-blog-cta-Blog-CTA-E2-597ab-maintain-design-consistency-Mobile-Chrome/error-context.md]]
]]>
</system-out>
</testcase>
<testcase name="Blog CTA E2E Tests › should support blog-to-course conversion funnel" classname="tests/blog-cta.spec.ts" time="0.432">
<failure message="blog-cta.spec.ts:64:7 should support blog-to-course conversion funnel" type="FAILURE">
<![CDATA[  [Mobile Chrome] › tests/blog-cta.spec.ts:64:7 › Blog CTA E2E Tests › should support blog-to-course conversion funnel 

    Error: page.goto: net::ERR_CONNECTION_REFUSED at http://localhost:3000/blog
    Call log:
      - navigating to "http://localhost:3000/blog", waiting until "load"


       at utils/blog-cta-page.ts:43

      41 |    */
      42 |   async navigateToBlog(): Promise<void> {
    > 43 |     await this.page.goto('/blog');
         |                     ^
      44 |     await this.helpers.waitForNetworkIdle();
      45 |     await this.helpers.waitForStableElement(this.blogContainer);
      46 |   }
        at BlogCTAPage.navigateToBlog (/home/am/TestAlex/e2e/utils/blog-cta-page.ts:43:21)
        at BlogCTAPage.testConversionFunnel (/home/am/TestAlex/e2e/utils/blog-cta-page.ts:372:16)
        at /home/am/TestAlex/e2e/tests/blog-cta.spec.ts:65:23

    attachment #1: screenshot (image/png) ──────────────────────────────────────────────────────────
    ../test-results/tests-blog-cta-Blog-CTA-E2-7fb42-to-course-conversion-funnel-Mobile-Chrome/test-failed-1.png
    ────────────────────────────────────────────────────────────────────────────────────────────────

    attachment #2: video (video/webm) ──────────────────────────────────────────────────────────────
    ../test-results/tests-blog-cta-Blog-CTA-E2-7fb42-to-course-conversion-funnel-Mobile-Chrome/video.webm
    ────────────────────────────────────────────────────────────────────────────────────────────────

    Error Context: ../test-results/tests-blog-cta-Blog-CTA-E2-7fb42-to-course-conversion-funnel-Mobile-Chrome/error-context.md
]]>
</failure>
<system-out>
<![CDATA[
[[ATTACHMENT|tests-blog-cta-Blog-CTA-E2-7fb42-to-course-conversion-funnel-Mobile-Chrome/test-failed-1.png]]

[[ATTACHMENT|tests-blog-cta-Blog-CTA-E2-7fb42-to-course-conversion-funnel-Mobile-Chrome/video.webm]]

[[ATTACHMENT|tests-blog-cta-Blog-CTA-E2-7fb42-to-course-conversion-funnel-Mobile-Chrome/error-context.md]]
]]>
</system-out>
</testcase>
<testcase name="Blog CTA E2E Tests › should display CTAs on blog posts" classname="tests/blog-cta.spec.ts" time="0.39">
<failure message="blog-cta.spec.ts:68:7 should display CTAs on blog posts" type="FAILURE">
<![CDATA[  [Mobile Chrome] › tests/blog-cta.spec.ts:68:7 › Blog CTA E2E Tests › should display CTAs on blog posts 

    Error: page.goto: net::ERR_CONNECTION_REFUSED at http://localhost:3000/blog
    Call log:
      - navigating to "http://localhost:3000/blog", waiting until "load"


      68 |   test('should display CTAs on blog posts', async ({ page }) => {
      69 |     // Navigate to a specific blog post if available
    > 70 |     await page.goto('/blog');
         |                ^
      71 |     await page.waitForLoadState('networkidle');
      72 |     
      73 |     // Look for blog post links
        at /home/am/TestAlex/e2e/tests/blog-cta.spec.ts:70:16

    attachment #1: screenshot (image/png) ──────────────────────────────────────────────────────────
    ../test-results/tests-blog-cta-Blog-CTA-E2-eca02--display-CTAs-on-blog-posts-Mobile-Chrome/test-failed-1.png
    ────────────────────────────────────────────────────────────────────────────────────────────────

    attachment #2: video (video/webm) ──────────────────────────────────────────────────────────────
    ../test-results/tests-blog-cta-Blog-CTA-E2-eca02--display-CTAs-on-blog-posts-Mobile-Chrome/video.webm
    ────────────────────────────────────────────────────────────────────────────────────────────────

    Error Context: ../test-results/tests-blog-cta-Blog-CTA-E2-eca02--display-CTAs-on-blog-posts-Mobile-Chrome/error-context.md
]]>
</failure>
<system-out>
<![CDATA[
[[ATTACHMENT|tests-blog-cta-Blog-CTA-E2-eca02--display-CTAs-on-blog-posts-Mobile-Chrome/test-failed-1.png]]

[[ATTACHMENT|tests-blog-cta-Blog-CTA-E2-eca02--display-CTAs-on-blog-posts-Mobile-Chrome/video.webm]]

[[ATTACHMENT|tests-blog-cta-Blog-CTA-E2-eca02--display-CTAs-on-blog-posts-Mobile-Chrome/error-context.md]]
]]>
</system-out>
</testcase>
<testcase name="Blog CTA E2E Tests › should handle CTA hover effects" classname="tests/blog-cta.spec.ts" time="0.446">
<failure message="blog-cta.spec.ts:92:7 should handle CTA hover effects" type="FAILURE">
<![CDATA[  [Mobile Chrome] › tests/blog-cta.spec.ts:92:7 › Blog CTA E2E Tests › should handle CTA hover effects 

    Error: page.goto: net::ERR_CONNECTION_REFUSED at http://localhost:3000/blog
    Call log:
      - navigating to "http://localhost:3000/blog", waiting until "load"


       at utils/blog-cta-page.ts:43

      41 |    */
      42 |   async navigateToBlog(): Promise<void> {
    > 43 |     await this.page.goto('/blog');
         |                     ^
      44 |     await this.helpers.waitForNetworkIdle();
      45 |     await this.helpers.waitForStableElement(this.blogContainer);
      46 |   }
        at BlogCTAPage.navigateToBlog (/home/am/TestAlex/e2e/utils/blog-cta-page.ts:43:21)
        at /home/am/TestAlex/e2e/tests/blog-cta.spec.ts:93:23

    attachment #1: screenshot (image/png) ──────────────────────────────────────────────────────────
    ../test-results/tests-blog-cta-Blog-CTA-E2-63908-ld-handle-CTA-hover-effects-Mobile-Chrome/test-failed-1.png
    ────────────────────────────────────────────────────────────────────────────────────────────────

    attachment #2: video (video/webm) ──────────────────────────────────────────────────────────────
    ../test-results/tests-blog-cta-Blog-CTA-E2-63908-ld-handle-CTA-hover-effects-Mobile-Chrome/video.webm
    ────────────────────────────────────────────────────────────────────────────────────────────────

    Error Context: ../test-results/tests-blog-cta-Blog-CTA-E2-63908-ld-handle-CTA-hover-effects-Mobile-Chrome/error-context.md
]]>
</failure>
<system-out>
<![CDATA[
[[ATTACHMENT|tests-blog-cta-Blog-CTA-E2-63908-ld-handle-CTA-hover-effects-Mobile-Chrome/test-failed-1.png]]

[[ATTACHMENT|tests-blog-cta-Blog-CTA-E2-63908-ld-handle-CTA-hover-effects-Mobile-Chrome/video.webm]]

[[ATTACHMENT|tests-blog-cta-Blog-CTA-E2-63908-ld-handle-CTA-hover-effects-Mobile-Chrome/error-context.md]]
]]>
</system-out>
</testcase>
<testcase name="Blog CTA E2E Tests › should handle multiple CTA placements" classname="tests/blog-cta.spec.ts" time="0.415">
<failure message="blog-cta.spec.ts:125:7 should handle multiple CTA placements" type="FAILURE">
<![CDATA[  [Mobile Chrome] › tests/blog-cta.spec.ts:125:7 › Blog CTA E2E Tests › should handle multiple CTA placements 

    Error: page.goto: net::ERR_CONNECTION_REFUSED at http://localhost:3000/blog
    Call log:
      - navigating to "http://localhost:3000/blog", waiting until "load"


       at utils/blog-cta-page.ts:43

      41 |    */
      42 |   async navigateToBlog(): Promise<void> {
    > 43 |     await this.page.goto('/blog');
         |                     ^
      44 |     await this.helpers.waitForNetworkIdle();
      45 |     await this.helpers.waitForStableElement(this.blogContainer);
      46 |   }
        at BlogCTAPage.navigateToBlog (/home/am/TestAlex/e2e/utils/blog-cta-page.ts:43:21)
        at /home/am/TestAlex/e2e/tests/blog-cta.spec.ts:126:23

    attachment #1: screenshot (image/png) ──────────────────────────────────────────────────────────
    ../test-results/tests-blog-cta-Blog-CTA-E2-7ee7e-dle-multiple-CTA-placements-Mobile-Chrome/test-failed-1.png
    ────────────────────────────────────────────────────────────────────────────────────────────────

    attachment #2: video (video/webm) ──────────────────────────────────────────────────────────────
    ../test-results/tests-blog-cta-Blog-CTA-E2-7ee7e-dle-multiple-CTA-placements-Mobile-Chrome/video.webm
    ────────────────────────────────────────────────────────────────────────────────────────────────

    Error Context: ../test-results/tests-blog-cta-Blog-CTA-E2-7ee7e-dle-multiple-CTA-placements-Mobile-Chrome/error-context.md
]]>
</failure>
<system-out>
<![CDATA[
[[ATTACHMENT|tests-blog-cta-Blog-CTA-E2-7ee7e-dle-multiple-CTA-placements-Mobile-Chrome/test-failed-1.png]]

[[ATTACHMENT|tests-blog-cta-Blog-CTA-E2-7ee7e-dle-multiple-CTA-placements-Mobile-Chrome/video.webm]]

[[ATTACHMENT|tests-blog-cta-Blog-CTA-E2-7ee7e-dle-multiple-CTA-placements-Mobile-Chrome/error-context.md]]
]]>
</system-out>
</testcase>
<testcase name="Blog CTA E2E Tests › should maintain CTA visibility during scroll" classname="tests/blog-cta.spec.ts" time="0.419">
<failure message="blog-cta.spec.ts:149:7 should maintain CTA visibility during scroll" type="FAILURE">
<![CDATA[  [Mobile Chrome] › tests/blog-cta.spec.ts:149:7 › Blog CTA E2E Tests › should maintain CTA visibility during scroll 

    Error: page.goto: net::ERR_CONNECTION_REFUSED at http://localhost:3000/blog
    Call log:
      - navigating to "http://localhost:3000/blog", waiting until "load"


       at utils/blog-cta-page.ts:43

      41 |    */
      42 |   async navigateToBlog(): Promise<void> {
    > 43 |     await this.page.goto('/blog');
         |                     ^
      44 |     await this.helpers.waitForNetworkIdle();
      45 |     await this.helpers.waitForStableElement(this.blogContainer);
      46 |   }
        at BlogCTAPage.navigateToBlog (/home/am/TestAlex/e2e/utils/blog-cta-page.ts:43:21)
        at /home/am/TestAlex/e2e/tests/blog-cta.spec.ts:150:23

    attachment #1: screenshot (image/png) ──────────────────────────────────────────────────────────
    ../test-results/tests-blog-cta-Blog-CTA-E2-8960e-TA-visibility-during-scroll-Mobile-Chrome/test-failed-1.png
    ────────────────────────────────────────────────────────────────────────────────────────────────

    attachment #2: video (video/webm) ──────────────────────────────────────────────────────────────
    ../test-results/tests-blog-cta-Blog-CTA-E2-8960e-TA-visibility-during-scroll-Mobile-Chrome/video.webm
    ────────────────────────────────────────────────────────────────────────────────────────────────

    Error Context: ../test-results/tests-blog-cta-Blog-CTA-E2-8960e-TA-visibility-during-scroll-Mobile-Chrome/error-context.md
]]>
</failure>
<system-out>
<![CDATA[
[[ATTACHMENT|tests-blog-cta-Blog-CTA-E2-8960e-TA-visibility-during-scroll-Mobile-Chrome/test-failed-1.png]]

[[ATTACHMENT|tests-blog-cta-Blog-CTA-E2-8960e-TA-visibility-during-scroll-Mobile-Chrome/video.webm]]

[[ATTACHMENT|tests-blog-cta-Blog-CTA-E2-8960e-TA-visibility-during-scroll-Mobile-Chrome/error-context.md]]
]]>
</system-out>
</testcase>
<testcase name="Blog CTA E2E Tests › should handle CTA for different user segments" classname="tests/blog-cta.spec.ts" time="0.427">
<failure message="blog-cta.spec.ts:167:7 should handle CTA for different user segments" type="FAILURE">
<![CDATA[  [Mobile Chrome] › tests/blog-cta.spec.ts:167:7 › Blog CTA E2E Tests › should handle CTA for different user segments 

    Error: page.goto: net::ERR_CONNECTION_REFUSED at http://localhost:3000/blog
    Call log:
      - navigating to "http://localhost:3000/blog", waiting until "load"


       at utils/blog-cta-page.ts:43

      41 |    */
      42 |   async navigateToBlog(): Promise<void> {
    > 43 |     await this.page.goto('/blog');
         |                     ^
      44 |     await this.helpers.waitForNetworkIdle();
      45 |     await this.helpers.waitForStableElement(this.blogContainer);
      46 |   }
        at BlogCTAPage.navigateToBlog (/home/am/TestAlex/e2e/utils/blog-cta-page.ts:43:21)
        at /home/am/TestAlex/e2e/tests/blog-cta.spec.ts:168:23

    attachment #1: screenshot (image/png) ──────────────────────────────────────────────────────────
    ../test-results/tests-blog-cta-Blog-CTA-E2-9a27b-for-different-user-segments-Mobile-Chrome/test-failed-1.png
    ────────────────────────────────────────────────────────────────────────────────────────────────

    attachment #2: video (video/webm) ──────────────────────────────────────────────────────────────
    ../test-results/tests-blog-cta-Blog-CTA-E2-9a27b-for-different-user-segments-Mobile-Chrome/video.webm
    ────────────────────────────────────────────────────────────────────────────────────────────────

    Error Context: ../test-results/tests-blog-cta-Blog-CTA-E2-9a27b-for-different-user-segments-Mobile-Chrome/error-context.md
]]>
</failure>
<system-out>
<![CDATA[
[[ATTACHMENT|tests-blog-cta-Blog-CTA-E2-9a27b-for-different-user-segments-Mobile-Chrome/test-failed-1.png]]

[[ATTACHMENT|tests-blog-cta-Blog-CTA-E2-9a27b-for-different-user-segments-Mobile-Chrome/video.webm]]

[[ATTACHMENT|tests-blog-cta-Blog-CTA-E2-9a27b-for-different-user-segments-Mobile-Chrome/error-context.md]]
]]>
</system-out>
</testcase>
<testcase name="Blog CTA E2E Tests › should show appropriate CTAs based on content" classname="tests/blog-cta.spec.ts" time="0.434">
<failure message="blog-cta.spec.ts:188:7 should show appropriate CTAs based on content" type="FAILURE">
<![CDATA[  [Mobile Chrome] › tests/blog-cta.spec.ts:188:7 › Blog CTA E2E Tests › should show appropriate CTAs based on content 

    Error: page.goto: net::ERR_CONNECTION_REFUSED at http://localhost:3000/blog
    Call log:
      - navigating to "http://localhost:3000/blog", waiting until "load"


       at utils/blog-cta-page.ts:43

      41 |    */
      42 |   async navigateToBlog(): Promise<void> {
    > 43 |     await this.page.goto('/blog');
         |                     ^
      44 |     await this.helpers.waitForNetworkIdle();
      45 |     await this.helpers.waitForStableElement(this.blogContainer);
      46 |   }
        at BlogCTAPage.navigateToBlog (/home/am/TestAlex/e2e/utils/blog-cta-page.ts:43:21)
        at /home/am/TestAlex/e2e/tests/blog-cta.spec.ts:189:23

    attachment #1: screenshot (image/png) ──────────────────────────────────────────────────────────
    ../test-results/tests-blog-cta-Blog-CTA-E2-e2f84-riate-CTAs-based-on-content-Mobile-Chrome/test-failed-1.png
    ────────────────────────────────────────────────────────────────────────────────────────────────

    attachment #2: video (video/webm) ──────────────────────────────────────────────────────────────
    ../test-results/tests-blog-cta-Blog-CTA-E2-e2f84-riate-CTAs-based-on-content-Mobile-Chrome/video.webm
    ────────────────────────────────────────────────────────────────────────────────────────────────

    Error Context: ../test-results/tests-blog-cta-Blog-CTA-E2-e2f84-riate-CTAs-based-on-content-Mobile-Chrome/error-context.md
]]>
</failure>
<system-out>
<![CDATA[
[[ATTACHMENT|tests-blog-cta-Blog-CTA-E2-e2f84-riate-CTAs-based-on-content-Mobile-Chrome/test-failed-1.png]]

[[ATTACHMENT|tests-blog-cta-Blog-CTA-E2-e2f84-riate-CTAs-based-on-content-Mobile-Chrome/video.webm]]

[[ATTACHMENT|tests-blog-cta-Blog-CTA-E2-e2f84-riate-CTAs-based-on-content-Mobile-Chrome/error-context.md]]
]]>
</system-out>
</testcase>
<testcase name="Blog CTA E2E Tests › should handle CTA A/B test variations" classname="tests/blog-cta.spec.ts" time="0.408">
<failure message="blog-cta.spec.ts:206:7 should handle CTA A/B test variations" type="FAILURE">
<![CDATA[  [Mobile Chrome] › tests/blog-cta.spec.ts:206:7 › Blog CTA E2E Tests › should handle CTA A/B test variations 

    Error: page.goto: net::ERR_CONNECTION_REFUSED at http://localhost:3000/blog
    Call log:
      - navigating to "http://localhost:3000/blog", waiting until "load"


       at utils/blog-cta-page.ts:43

      41 |    */
      42 |   async navigateToBlog(): Promise<void> {
    > 43 |     await this.page.goto('/blog');
         |                     ^
      44 |     await this.helpers.waitForNetworkIdle();
      45 |     await this.helpers.waitForStableElement(this.blogContainer);
      46 |   }
        at BlogCTAPage.navigateToBlog (/home/am/TestAlex/e2e/utils/blog-cta-page.ts:43:21)
        at /home/am/TestAlex/e2e/tests/blog-cta.spec.ts:207:23

    attachment #1: screenshot (image/png) ──────────────────────────────────────────────────────────
    ../test-results/tests-blog-cta-Blog-CTA-E2-d39a1-dle-CTA-A-B-test-variations-Mobile-Chrome/test-failed-1.png
    ────────────────────────────────────────────────────────────────────────────────────────────────

    attachment #2: video (video/webm) ──────────────────────────────────────────────────────────────
    ../test-results/tests-blog-cta-Blog-CTA-E2-d39a1-dle-CTA-A-B-test-variations-Mobile-Chrome/video.webm
    ────────────────────────────────────────────────────────────────────────────────────────────────

    Error Context: ../test-results/tests-blog-cta-Blog-CTA-E2-d39a1-dle-CTA-A-B-test-variations-Mobile-Chrome/error-context.md
]]>
</failure>
<system-out>
<![CDATA[
[[ATTACHMENT|tests-blog-cta-Blog-CTA-E2-d39a1-dle-CTA-A-B-test-variations-Mobile-Chrome/test-failed-1.png]]

[[ATTACHMENT|tests-blog-cta-Blog-CTA-E2-d39a1-dle-CTA-A-B-test-variations-Mobile-Chrome/video.webm]]

[[ATTACHMENT|tests-blog-cta-Blog-CTA-E2-d39a1-dle-CTA-A-B-test-variations-Mobile-Chrome/error-context.md]]
]]>
</system-out>
</testcase>
</testsuite>
<testsuite name="tests/chat.spec.ts" timestamp="2025-08-14T13:39:24.147Z" hostname="Mobile Chrome" tests="13" failures="13" skipped="0" time="6.699" errors="0">
<testcase name="Chat Interface E2E Tests › should display chat interface correctly" classname="tests/chat.spec.ts" time="0.511">
<failure message="chat.spec.ts:12:7 should display chat interface correctly" type="FAILURE">
<![CDATA[  [Mobile Chrome] › tests/chat.spec.ts:12:7 › Chat Interface E2E Tests › should display chat interface correctly 

    Error: page.goto: net::ERR_CONNECTION_REFUSED at http://localhost:3000/chat
    Call log:
      - navigating to "http://localhost:3000/chat", waiting until "load"


       at utils/chat-page.ts:33

      31 |    */
      32 |   async navigateToChat(): Promise<void> {
    > 33 |     await this.page.goto('/chat');
         |                     ^
      34 |     await this.helpers.waitForNetworkIdle();
      35 |     await this.helpers.waitForStableElement(this.chatContainer);
      36 |   }
        at ChatPage.navigateToChat (/home/am/TestAlex/e2e/utils/chat-page.ts:33:21)
        at /home/am/TestAlex/e2e/tests/chat.spec.ts:9:20

    attachment #1: screenshot (image/png) ──────────────────────────────────────────────────────────
    ../test-results/tests-chat-Chat-Interface--38dfb-ay-chat-interface-correctly-Mobile-Chrome/test-failed-1.png
    ────────────────────────────────────────────────────────────────────────────────────────────────

    attachment #2: video (video/webm) ──────────────────────────────────────────────────────────────
    ../test-results/tests-chat-Chat-Interface--38dfb-ay-chat-interface-correctly-Mobile-Chrome/video.webm
    ────────────────────────────────────────────────────────────────────────────────────────────────

    Error Context: ../test-results/tests-chat-Chat-Interface--38dfb-ay-chat-interface-correctly-Mobile-Chrome/error-context.md
]]>
</failure>
<system-out>
<![CDATA[
[[ATTACHMENT|tests-chat-Chat-Interface--38dfb-ay-chat-interface-correctly-Mobile-Chrome/test-failed-1.png]]

[[ATTACHMENT|tests-chat-Chat-Interface--38dfb-ay-chat-interface-correctly-Mobile-Chrome/video.webm]]

[[ATTACHMENT|tests-chat-Chat-Interface--38dfb-ay-chat-interface-correctly-Mobile-Chrome/error-context.md]]
]]>
</system-out>
</testcase>
<testcase name="Chat Interface E2E Tests › should send and receive messages" classname="tests/chat.spec.ts" time="0.536">
<failure message="chat.spec.ts:21:7 should send and receive messages" type="FAILURE">
<![CDATA[  [Mobile Chrome] › tests/chat.spec.ts:21:7 › Chat Interface E2E Tests › should send and receive messages 

    Error: page.goto: net::ERR_CONNECTION_REFUSED at http://localhost:3000/chat
    Call log:
      - navigating to "http://localhost:3000/chat", waiting until "load"


       at utils/chat-page.ts:33

      31 |    */
      32 |   async navigateToChat(): Promise<void> {
    > 33 |     await this.page.goto('/chat');
         |                     ^
      34 |     await this.helpers.waitForNetworkIdle();
      35 |     await this.helpers.waitForStableElement(this.chatContainer);
      36 |   }
        at ChatPage.navigateToChat (/home/am/TestAlex/e2e/utils/chat-page.ts:33:21)
        at /home/am/TestAlex/e2e/tests/chat.spec.ts:9:20

    attachment #1: screenshot (image/png) ──────────────────────────────────────────────────────────
    ../test-results/tests-chat-Chat-Interface--0aefe-d-send-and-receive-messages-Mobile-Chrome/test-failed-1.png
    ────────────────────────────────────────────────────────────────────────────────────────────────

    attachment #2: video (video/webm) ──────────────────────────────────────────────────────────────
    ../test-results/tests-chat-Chat-Interface--0aefe-d-send-and-receive-messages-Mobile-Chrome/video.webm
    ────────────────────────────────────────────────────────────────────────────────────────────────

    Error Context: ../test-results/tests-chat-Chat-Interface--0aefe-d-send-and-receive-messages-Mobile-Chrome/error-context.md
]]>
</failure>
<system-out>
<![CDATA[
[[ATTACHMENT|tests-chat-Chat-Interface--0aefe-d-send-and-receive-messages-Mobile-Chrome/test-failed-1.png]]

[[ATTACHMENT|tests-chat-Chat-Interface--0aefe-d-send-and-receive-messages-Mobile-Chrome/video.webm]]

[[ATTACHMENT|tests-chat-Chat-Interface--0aefe-d-send-and-receive-messages-Mobile-Chrome/error-context.md]]
]]>
</system-out>
</testcase>
<testcase name="Chat Interface E2E Tests › should validate ACIM content authenticity" classname="tests/chat.spec.ts" time="0.48">
<failure message="chat.spec.ts:31:7 should validate ACIM content authenticity" type="FAILURE">
<![CDATA[  [Mobile Chrome] › tests/chat.spec.ts:31:7 › Chat Interface E2E Tests › should validate ACIM content authenticity 

    Error: page.goto: net::ERR_CONNECTION_REFUSED at http://localhost:3000/chat
    Call log:
      - navigating to "http://localhost:3000/chat", waiting until "load"


       at utils/chat-page.ts:33

      31 |    */
      32 |   async navigateToChat(): Promise<void> {
    > 33 |     await this.page.goto('/chat');
         |                     ^
      34 |     await this.helpers.waitForNetworkIdle();
      35 |     await this.helpers.waitForStableElement(this.chatContainer);
      36 |   }
        at ChatPage.navigateToChat (/home/am/TestAlex/e2e/utils/chat-page.ts:33:21)
        at /home/am/TestAlex/e2e/tests/chat.spec.ts:9:20

    attachment #1: screenshot (image/png) ──────────────────────────────────────────────────────────
    ../test-results/tests-chat-Chat-Interface--85055-e-ACIM-content-authenticity-Mobile-Chrome/test-failed-1.png
    ────────────────────────────────────────────────────────────────────────────────────────────────

    attachment #2: video (video/webm) ──────────────────────────────────────────────────────────────
    ../test-results/tests-chat-Chat-Interface--85055-e-ACIM-content-authenticity-Mobile-Chrome/video.webm
    ────────────────────────────────────────────────────────────────────────────────────────────────

    Error Context: ../test-results/tests-chat-Chat-Interface--85055-e-ACIM-content-authenticity-Mobile-Chrome/error-context.md
]]>
</failure>
<system-out>
<![CDATA[
[[ATTACHMENT|tests-chat-Chat-Interface--85055-e-ACIM-content-authenticity-Mobile-Chrome/test-failed-1.png]]

[[ATTACHMENT|tests-chat-Chat-Interface--85055-e-ACIM-content-authenticity-Mobile-Chrome/video.webm]]

[[ATTACHMENT|tests-chat-Chat-Interface--85055-e-ACIM-content-authenticity-Mobile-Chrome/error-context.md]]
]]>
</system-out>
</testcase>
<testcase name="Chat Interface E2E Tests › should handle quick actions" classname="tests/chat.spec.ts" time="0.512">
<failure message="chat.spec.ts:35:7 should handle quick actions" type="FAILURE">
<![CDATA[  [Mobile Chrome] › tests/chat.spec.ts:35:7 › Chat Interface E2E Tests › should handle quick actions 

    Error: page.goto: net::ERR_CONNECTION_REFUSED at http://localhost:3000/chat
    Call log:
      - navigating to "http://localhost:3000/chat", waiting until "load"


       at utils/chat-page.ts:33

      31 |    */
      32 |   async navigateToChat(): Promise<void> {
    > 33 |     await this.page.goto('/chat');
         |                     ^
      34 |     await this.helpers.waitForNetworkIdle();
      35 |     await this.helpers.waitForStableElement(this.chatContainer);
      36 |   }
        at ChatPage.navigateToChat (/home/am/TestAlex/e2e/utils/chat-page.ts:33:21)
        at /home/am/TestAlex/e2e/tests/chat.spec.ts:9:20

    attachment #1: screenshot (image/png) ──────────────────────────────────────────────────────────
    ../test-results/tests-chat-Chat-Interface--10929-should-handle-quick-actions-Mobile-Chrome/test-failed-1.png
    ────────────────────────────────────────────────────────────────────────────────────────────────

    attachment #2: video (video/webm) ──────────────────────────────────────────────────────────────
    ../test-results/tests-chat-Chat-Interface--10929-should-handle-quick-actions-Mobile-Chrome/video.webm
    ────────────────────────────────────────────────────────────────────────────────────────────────

    Error Context: ../test-results/tests-chat-Chat-Interface--10929-should-handle-quick-actions-Mobile-Chrome/error-context.md
]]>
</failure>
<system-out>
<![CDATA[
[[ATTACHMENT|tests-chat-Chat-Interface--10929-should-handle-quick-actions-Mobile-Chrome/test-failed-1.png]]

[[ATTACHMENT|tests-chat-Chat-Interface--10929-should-handle-quick-actions-Mobile-Chrome/video.webm]]

[[ATTACHMENT|tests-chat-Chat-Interface--10929-should-handle-quick-actions-Mobile-Chrome/error-context.md]]
]]>
</system-out>
</testcase>
<testcase name="Chat Interface E2E Tests › should handle error scenarios gracefully" classname="tests/chat.spec.ts" time="0.548">
<failure message="chat.spec.ts:39:7 should handle error scenarios gracefully" type="FAILURE">
<![CDATA[  [Mobile Chrome] › tests/chat.spec.ts:39:7 › Chat Interface E2E Tests › should handle error scenarios gracefully 

    Error: page.goto: net::ERR_CONNECTION_REFUSED at http://localhost:3000/chat
    Call log:
      - navigating to "http://localhost:3000/chat", waiting until "load"


       at utils/chat-page.ts:33

      31 |    */
      32 |   async navigateToChat(): Promise<void> {
    > 33 |     await this.page.goto('/chat');
         |                     ^
      34 |     await this.helpers.waitForNetworkIdle();
      35 |     await this.helpers.waitForStableElement(this.chatContainer);
      36 |   }
        at ChatPage.navigateToChat (/home/am/TestAlex/e2e/utils/chat-page.ts:33:21)
        at /home/am/TestAlex/e2e/tests/chat.spec.ts:9:20

    attachment #1: screenshot (image/png) ──────────────────────────────────────────────────────────
    ../test-results/tests-chat-Chat-Interface--6dc72--error-scenarios-gracefully-Mobile-Chrome/test-failed-1.png
    ────────────────────────────────────────────────────────────────────────────────────────────────

    attachment #2: video (video/webm) ──────────────────────────────────────────────────────────────
    ../test-results/tests-chat-Chat-Interface--6dc72--error-scenarios-gracefully-Mobile-Chrome/video.webm
    ────────────────────────────────────────────────────────────────────────────────────────────────

    Error Context: ../test-results/tests-chat-Chat-Interface--6dc72--error-scenarios-gracefully-Mobile-Chrome/error-context.md
]]>
</failure>
<system-out>
<![CDATA[
[[ATTACHMENT|tests-chat-Chat-Interface--6dc72--error-scenarios-gracefully-Mobile-Chrome/test-failed-1.png]]

[[ATTACHMENT|tests-chat-Chat-Interface--6dc72--error-scenarios-gracefully-Mobile-Chrome/video.webm]]

[[ATTACHMENT|tests-chat-Chat-Interface--6dc72--error-scenarios-gracefully-Mobile-Chrome/error-context.md]]
]]>
</system-out>
</testcase>
<testcase name="Chat Interface E2E Tests › should be accessible via keyboard navigation" classname="tests/chat.spec.ts" time="0.412">
<failure message="chat.spec.ts:43:7 should be accessible via keyboard navigation" type="FAILURE">
<![CDATA[  [Mobile Chrome] › tests/chat.spec.ts:43:7 › Chat Interface E2E Tests › should be accessible via keyboard navigation 

    Error: page.goto: net::ERR_CONNECTION_REFUSED at http://localhost:3000/chat
    Call log:
      - navigating to "http://localhost:3000/chat", waiting until "load"


       at utils/chat-page.ts:33

      31 |    */
      32 |   async navigateToChat(): Promise<void> {
    > 33 |     await this.page.goto('/chat');
         |                     ^
      34 |     await this.helpers.waitForNetworkIdle();
      35 |     await this.helpers.waitForStableElement(this.chatContainer);
      36 |   }
        at ChatPage.navigateToChat (/home/am/TestAlex/e2e/utils/chat-page.ts:33:21)
        at /home/am/TestAlex/e2e/tests/chat.spec.ts:9:20

    attachment #1: screenshot (image/png) ──────────────────────────────────────────────────────────
    ../test-results/tests-chat-Chat-Interface--09767-ble-via-keyboard-navigation-Mobile-Chrome/test-failed-1.png
    ────────────────────────────────────────────────────────────────────────────────────────────────

    attachment #2: video (video/webm) ──────────────────────────────────────────────────────────────
    ../test-results/tests-chat-Chat-Interface--09767-ble-via-keyboard-navigation-Mobile-Chrome/video.webm
    ────────────────────────────────────────────────────────────────────────────────────────────────

    Error Context: ../test-results/tests-chat-Chat-Interface--09767-ble-via-keyboard-navigation-Mobile-Chrome/error-context.md
]]>
</failure>
<system-out>
<![CDATA[
[[ATTACHMENT|tests-chat-Chat-Interface--09767-ble-via-keyboard-navigation-Mobile-Chrome/test-failed-1.png]]

[[ATTACHMENT|tests-chat-Chat-Interface--09767-ble-via-keyboard-navigation-Mobile-Chrome/video.webm]]

[[ATTACHMENT|tests-chat-Chat-Interface--09767-ble-via-keyboard-navigation-Mobile-Chrome/error-context.md]]
]]>
</system-out>
</testcase>
<testcase name="Chat Interface E2E Tests › should perform well under load" classname="tests/chat.spec.ts" time="0.517">
<failure message="chat.spec.ts:47:7 should perform well under load" type="FAILURE">
<![CDATA[  [Mobile Chrome] › tests/chat.spec.ts:47:7 › Chat Interface E2E Tests › should perform well under load 

    Error: page.goto: net::ERR_CONNECTION_REFUSED at http://localhost:3000/chat
    Call log:
      - navigating to "http://localhost:3000/chat", waiting until "load"


       at utils/chat-page.ts:33

      31 |    */
      32 |   async navigateToChat(): Promise<void> {
    > 33 |     await this.page.goto('/chat');
         |                     ^
      34 |     await this.helpers.waitForNetworkIdle();
      35 |     await this.helpers.waitForStableElement(this.chatContainer);
      36 |   }
        at ChatPage.navigateToChat (/home/am/TestAlex/e2e/utils/chat-page.ts:33:21)
        at /home/am/TestAlex/e2e/tests/chat.spec.ts:9:20

    attachment #1: screenshot (image/png) ──────────────────────────────────────────────────────────
    ../test-results/tests-chat-Chat-Interface--edce9-uld-perform-well-under-load-Mobile-Chrome/test-failed-1.png
    ────────────────────────────────────────────────────────────────────────────────────────────────

    attachment #2: video (video/webm) ──────────────────────────────────────────────────────────────
    ../test-results/tests-chat-Chat-Interface--edce9-uld-perform-well-under-load-Mobile-Chrome/video.webm
    ────────────────────────────────────────────────────────────────────────────────────────────────

    Error Context: ../test-results/tests-chat-Chat-Interface--edce9-uld-perform-well-under-load-Mobile-Chrome/error-context.md
]]>
</failure>
<system-out>
<![CDATA[
[[ATTACHMENT|tests-chat-Chat-Interface--edce9-uld-perform-well-under-load-Mobile-Chrome/test-failed-1.png]]

[[ATTACHMENT|tests-chat-Chat-Interface--edce9-uld-perform-well-under-load-Mobile-Chrome/video.webm]]

[[ATTACHMENT|tests-chat-Chat-Interface--edce9-uld-perform-well-under-load-Mobile-Chrome/error-context.md]]
]]>
</system-out>
</testcase>
<testcase name="Chat Interface E2E Tests › should work correctly on mobile devices" classname="tests/chat.spec.ts" time="0.546">
<failure message="chat.spec.ts:51:7 should work correctly on mobile devices" type="FAILURE">
<![CDATA[  [Mobile Chrome] › tests/chat.spec.ts:51:7 › Chat Interface E2E Tests › should work correctly on mobile devices 

    Error: page.goto: net::ERR_CONNECTION_REFUSED at http://localhost:3000/chat
    Call log:
      - navigating to "http://localhost:3000/chat", waiting until "load"


       at utils/chat-page.ts:33

      31 |    */
      32 |   async navigateToChat(): Promise<void> {
    > 33 |     await this.page.goto('/chat');
         |                     ^
      34 |     await this.helpers.waitForNetworkIdle();
      35 |     await this.helpers.waitForStableElement(this.chatContainer);
      36 |   }
        at ChatPage.navigateToChat (/home/am/TestAlex/e2e/utils/chat-page.ts:33:21)
        at /home/am/TestAlex/e2e/tests/chat.spec.ts:9:20

    attachment #1: screenshot (image/png) ──────────────────────────────────────────────────────────
    ../test-results/tests-chat-Chat-Interface--d21c0-correctly-on-mobile-devices-Mobile-Chrome/test-failed-1.png
    ────────────────────────────────────────────────────────────────────────────────────────────────

    attachment #2: video (video/webm) ──────────────────────────────────────────────────────────────
    ../test-results/tests-chat-Chat-Interface--d21c0-correctly-on-mobile-devices-Mobile-Chrome/video.webm
    ────────────────────────────────────────────────────────────────────────────────────────────────

    Error Context: ../test-results/tests-chat-Chat-Interface--d21c0-correctly-on-mobile-devices-Mobile-Chrome/error-context.md
]]>
</failure>
<system-out>
<![CDATA[
[[ATTACHMENT|tests-chat-Chat-Interface--d21c0-correctly-on-mobile-devices-Mobile-Chrome/test-failed-1.png]]

[[ATTACHMENT|tests-chat-Chat-Interface--d21c0-correctly-on-mobile-devices-Mobile-Chrome/video.webm]]

[[ATTACHMENT|tests-chat-Chat-Interface--d21c0-correctly-on-mobile-devices-Mobile-Chrome/error-context.md]]
]]>
</system-out>
</testcase>
<testcase name="Chat Interface E2E Tests › should allow clearing chat history" classname="tests/chat.spec.ts" time="0.466">
<failure message="chat.spec.ts:55:7 should allow clearing chat history" type="FAILURE">
<![CDATA[  [Mobile Chrome] › tests/chat.spec.ts:55:7 › Chat Interface E2E Tests › should allow clearing chat history 

    Error: page.goto: net::ERR_CONNECTION_REFUSED at http://localhost:3000/chat
    Call log:
      - navigating to "http://localhost:3000/chat", waiting until "load"


       at utils/chat-page.ts:33

      31 |    */
      32 |   async navigateToChat(): Promise<void> {
    > 33 |     await this.page.goto('/chat');
         |                     ^
      34 |     await this.helpers.waitForNetworkIdle();
      35 |     await this.helpers.waitForStableElement(this.chatContainer);
      36 |   }
        at ChatPage.navigateToChat (/home/am/TestAlex/e2e/utils/chat-page.ts:33:21)
        at /home/am/TestAlex/e2e/tests/chat.spec.ts:9:20

    attachment #1: screenshot (image/png) ──────────────────────────────────────────────────────────
    ../test-results/tests-chat-Chat-Interface--d2347-allow-clearing-chat-history-Mobile-Chrome/test-failed-1.png
    ────────────────────────────────────────────────────────────────────────────────────────────────

    attachment #2: video (video/webm) ──────────────────────────────────────────────────────────────
    ../test-results/tests-chat-Chat-Interface--d2347-allow-clearing-chat-history-Mobile-Chrome/video.webm
    ────────────────────────────────────────────────────────────────────────────────────────────────

    Error Context: ../test-results/tests-chat-Chat-Interface--d2347-allow-clearing-chat-history-Mobile-Chrome/error-context.md
]]>
</failure>
<system-out>
<![CDATA[
[[ATTACHMENT|tests-chat-Chat-Interface--d2347-allow-clearing-chat-history-Mobile-Chrome/test-failed-1.png]]

[[ATTACHMENT|tests-chat-Chat-Interface--d2347-allow-clearing-chat-history-Mobile-Chrome/video.webm]]

[[ATTACHMENT|tests-chat-Chat-Interface--d2347-allow-clearing-chat-history-Mobile-Chrome/error-context.md]]
]]>
</system-out>
</testcase>
<testcase name="Chat Interface E2E Tests › should handle special ACIM queries" classname="tests/chat.spec.ts" time="0.557">
<failure message="chat.spec.ts:64:7 should handle special ACIM queries" type="FAILURE">
<![CDATA[  [Mobile Chrome] › tests/chat.spec.ts:64:7 › Chat Interface E2E Tests › should handle special ACIM queries 

    Error: page.goto: net::ERR_CONNECTION_REFUSED at http://localhost:3000/chat
    Call log:
      - navigating to "http://localhost:3000/chat", waiting until "load"


       at utils/chat-page.ts:33

      31 |    */
      32 |   async navigateToChat(): Promise<void> {
    > 33 |     await this.page.goto('/chat');
         |                     ^
      34 |     await this.helpers.waitForNetworkIdle();
      35 |     await this.helpers.waitForStableElement(this.chatContainer);
      36 |   }
        at ChatPage.navigateToChat (/home/am/TestAlex/e2e/utils/chat-page.ts:33:21)
        at /home/am/TestAlex/e2e/tests/chat.spec.ts:9:20

    attachment #1: screenshot (image/png) ──────────────────────────────────────────────────────────
    ../test-results/tests-chat-Chat-Interface--11978-handle-special-ACIM-queries-Mobile-Chrome/test-failed-1.png
    ────────────────────────────────────────────────────────────────────────────────────────────────

    attachment #2: video (video/webm) ──────────────────────────────────────────────────────────────
    ../test-results/tests-chat-Chat-Interface--11978-handle-special-ACIM-queries-Mobile-Chrome/video.webm
    ────────────────────────────────────────────────────────────────────────────────────────────────

    Error Context: ../test-results/tests-chat-Chat-Interface--11978-handle-special-ACIM-queries-Mobile-Chrome/error-context.md
]]>
</failure>
<system-out>
<![CDATA[
[[ATTACHMENT|tests-chat-Chat-Interface--11978-handle-special-ACIM-queries-Mobile-Chrome/test-failed-1.png]]

[[ATTACHMENT|tests-chat-Chat-Interface--11978-handle-special-ACIM-queries-Mobile-Chrome/video.webm]]

[[ATTACHMENT|tests-chat-Chat-Interface--11978-handle-special-ACIM-queries-Mobile-Chrome/error-context.md]]
]]>
</system-out>
</testcase>
<testcase name="Chat Interface E2E Tests › should maintain conversation context" classname="tests/chat.spec.ts" time="0.567">
<failure message="chat.spec.ts:87:7 should maintain conversation context" type="FAILURE">
<![CDATA[  [Mobile Chrome] › tests/chat.spec.ts:87:7 › Chat Interface E2E Tests › should maintain conversation context 

    Error: page.goto: net::ERR_CONNECTION_REFUSED at http://localhost:3000/chat
    Call log:
      - navigating to "http://localhost:3000/chat", waiting until "load"


       at utils/chat-page.ts:33

      31 |    */
      32 |   async navigateToChat(): Promise<void> {
    > 33 |     await this.page.goto('/chat');
         |                     ^
      34 |     await this.helpers.waitForNetworkIdle();
      35 |     await this.helpers.waitForStableElement(this.chatContainer);
      36 |   }
        at ChatPage.navigateToChat (/home/am/TestAlex/e2e/utils/chat-page.ts:33:21)
        at /home/am/TestAlex/e2e/tests/chat.spec.ts:9:20

    attachment #1: screenshot (image/png) ──────────────────────────────────────────────────────────
    ../test-results/tests-chat-Chat-Interface--cf44b-intain-conversation-context-Mobile-Chrome/test-failed-1.png
    ────────────────────────────────────────────────────────────────────────────────────────────────

    attachment #2: video (video/webm) ──────────────────────────────────────────────────────────────
    ../test-results/tests-chat-Chat-Interface--cf44b-intain-conversation-context-Mobile-Chrome/video.webm
    ────────────────────────────────────────────────────────────────────────────────────────────────

    Error Context: ../test-results/tests-chat-Chat-Interface--cf44b-intain-conversation-context-Mobile-Chrome/error-context.md
]]>
</failure>
<system-out>
<![CDATA[
[[ATTACHMENT|tests-chat-Chat-Interface--cf44b-intain-conversation-context-Mobile-Chrome/test-failed-1.png]]

[[ATTACHMENT|tests-chat-Chat-Interface--cf44b-intain-conversation-context-Mobile-Chrome/video.webm]]

[[ATTACHMENT|tests-chat-Chat-Interface--cf44b-intain-conversation-context-Mobile-Chrome/error-context.md]]
]]>
</system-out>
</testcase>
<testcase name="Chat Interface E2E Tests › should handle long conversations" classname="tests/chat.spec.ts" time="0.471">
<failure message="chat.spec.ts:101:7 should handle long conversations" type="FAILURE">
<![CDATA[  [Mobile Chrome] › tests/chat.spec.ts:101:7 › Chat Interface E2E Tests › should handle long conversations 

    Error: page.goto: net::ERR_CONNECTION_REFUSED at http://localhost:3000/chat
    Call log:
      - navigating to "http://localhost:3000/chat", waiting until "load"


       at utils/chat-page.ts:33

      31 |    */
      32 |   async navigateToChat(): Promise<void> {
    > 33 |     await this.page.goto('/chat');
         |                     ^
      34 |     await this.helpers.waitForNetworkIdle();
      35 |     await this.helpers.waitForStableElement(this.chatContainer);
      36 |   }
        at ChatPage.navigateToChat (/home/am/TestAlex/e2e/utils/chat-page.ts:33:21)
        at /home/am/TestAlex/e2e/tests/chat.spec.ts:9:20

    attachment #1: screenshot (image/png) ──────────────────────────────────────────────────────────
    ../test-results/tests-chat-Chat-Interface--8ba00-d-handle-long-conversations-Mobile-Chrome/test-failed-1.png
    ────────────────────────────────────────────────────────────────────────────────────────────────

    attachment #2: video (video/webm) ──────────────────────────────────────────────────────────────
    ../test-results/tests-chat-Chat-Interface--8ba00-d-handle-long-conversations-Mobile-Chrome/video.webm
    ────────────────────────────────────────────────────────────────────────────────────────────────

    Error Context: ../test-results/tests-chat-Chat-Interface--8ba00-d-handle-long-conversations-Mobile-Chrome/error-context.md
]]>
</failure>
<system-out>
<![CDATA[
[[ATTACHMENT|tests-chat-Chat-Interface--8ba00-d-handle-long-conversations-Mobile-Chrome/test-failed-1.png]]

[[ATTACHMENT|tests-chat-Chat-Interface--8ba00-d-handle-long-conversations-Mobile-Chrome/video.webm]]

[[ATTACHMENT|tests-chat-Chat-Interface--8ba00-d-handle-long-conversations-Mobile-Chrome/error-context.md]]
]]>
</system-out>
</testcase>
<testcase name="Chat Interface E2E Tests › should handle network interruptions gracefully" classname="tests/chat.spec.ts" time="0.576">
<failure message="chat.spec.ts:121:7 should handle network interruptions gracefully" type="FAILURE">
<![CDATA[  [Mobile Chrome] › tests/chat.spec.ts:121:7 › Chat Interface E2E Tests › should handle network interruptions gracefully 

    Error: page.goto: net::ERR_CONNECTION_REFUSED at http://localhost:3000/chat
    Call log:
      - navigating to "http://localhost:3000/chat", waiting until "load"


       at utils/chat-page.ts:33

      31 |    */
      32 |   async navigateToChat(): Promise<void> {
    > 33 |     await this.page.goto('/chat');
         |                     ^
      34 |     await this.helpers.waitForNetworkIdle();
      35 |     await this.helpers.waitForStableElement(this.chatContainer);
      36 |   }
        at ChatPage.navigateToChat (/home/am/TestAlex/e2e/utils/chat-page.ts:33:21)
        at /home/am/TestAlex/e2e/tests/chat.spec.ts:9:20

    attachment #1: screenshot (image/png) ──────────────────────────────────────────────────────────
    ../test-results/tests-chat-Chat-Interface--3918c-rk-interruptions-gracefully-Mobile-Chrome/test-failed-1.png
    ────────────────────────────────────────────────────────────────────────────────────────────────

    attachment #2: video (video/webm) ──────────────────────────────────────────────────────────────
    ../test-results/tests-chat-Chat-Interface--3918c-rk-interruptions-gracefully-Mobile-Chrome/video.webm
    ────────────────────────────────────────────────────────────────────────────────────────────────

    Error Context: ../test-results/tests-chat-Chat-Interface--3918c-rk-interruptions-gracefully-Mobile-Chrome/error-context.md
]]>
</failure>
<system-out>
<![CDATA[
[[ATTACHMENT|tests-chat-Chat-Interface--3918c-rk-interruptions-gracefully-Mobile-Chrome/test-failed-1.png]]

[[ATTACHMENT|tests-chat-Chat-Interface--3918c-rk-interruptions-gracefully-Mobile-Chrome/video.webm]]

[[ATTACHMENT|tests-chat-Chat-Interface--3918c-rk-interruptions-gracefully-Mobile-Chrome/error-context.md]]
]]>
</system-out>
</testcase>
</testsuite>
<testsuite name="tests/purchase.spec.ts" timestamp="2025-08-14T13:39:24.147Z" hostname="Mobile Chrome" tests="16" failures="16" skipped="0" time="14.652" errors="0">
<testcase name="Course Purchase E2E Tests › should display pricing information correctly" classname="tests/purchase.spec.ts" time="0.627">
<failure message="purchase.spec.ts:11:7 should display pricing information correctly" type="FAILURE">
<![CDATA[  [Mobile Chrome] › tests/purchase.spec.ts:11:7 › Course Purchase E2E Tests › should display pricing information correctly 

    Error: page.goto: net::ERR_CONNECTION_REFUSED at http://localhost:3000/purchase
    Call log:
      - navigating to "http://localhost:3000/purchase", waiting until "load"


       at utils/purchase-page.ts:45

      43 |    */
      44 |   async navigateToPurchase(): Promise<void> {
    > 45 |     await this.page.goto('/purchase');
         |                     ^
      46 |     await this.helpers.waitForNetworkIdle();
      47 |     await this.helpers.waitForStableElement(this.pricingSection);
      48 |   }
        at PurchasePage.navigateToPurchase (/home/am/TestAlex/e2e/utils/purchase-page.ts:45:21)
        at /home/am/TestAlex/e2e/tests/purchase.spec.ts:12:24

    attachment #1: screenshot (image/png) ──────────────────────────────────────────────────────────
    ../test-results/tests-purchase-Course-Purc-5895d-icing-information-correctly-Mobile-Chrome/test-failed-1.png
    ────────────────────────────────────────────────────────────────────────────────────────────────

    attachment #2: video (video/webm) ──────────────────────────────────────────────────────────────
    ../test-results/tests-purchase-Course-Purc-5895d-icing-information-correctly-Mobile-Chrome/video.webm
    ────────────────────────────────────────────────────────────────────────────────────────────────

    Error Context: ../test-results/tests-purchase-Course-Purc-5895d-icing-information-correctly-Mobile-Chrome/error-context.md
]]>
</failure>
<system-out>
<![CDATA[
[[ATTACHMENT|tests-purchase-Course-Purc-5895d-icing-information-correctly-Mobile-Chrome/test-failed-1.png]]

[[ATTACHMENT|tests-purchase-Course-Purc-5895d-icing-information-correctly-Mobile-Chrome/video.webm]]

[[ATTACHMENT|tests-purchase-Course-Purc-5895d-icing-information-correctly-Mobile-Chrome/error-context.md]]
]]>
</system-out>
</testcase>
<testcase name="Course Purchase E2E Tests › should handle valid purchase flow" classname="tests/purchase.spec.ts" time="0.583">
<failure message="purchase.spec.ts:16:7 should handle valid purchase flow" type="FAILURE">
<![CDATA[  [Mobile Chrome] › tests/purchase.spec.ts:16:7 › Course Purchase E2E Tests › should handle valid purchase flow 

    Error: page.goto: net::ERR_CONNECTION_REFUSED at http://localhost:3000/purchase
    Call log:
      - navigating to "http://localhost:3000/purchase", waiting until "load"


       at utils/purchase-page.ts:45

      43 |    */
      44 |   async navigateToPurchase(): Promise<void> {
    > 45 |     await this.page.goto('/purchase');
         |                     ^
      46 |     await this.helpers.waitForNetworkIdle();
      47 |     await this.helpers.waitForStableElement(this.pricingSection);
      48 |   }
        at PurchasePage.navigateToPurchase (/home/am/TestAlex/e2e/utils/purchase-page.ts:45:21)
        at /home/am/TestAlex/e2e/tests/purchase.spec.ts:22:24

    attachment #1: screenshot (image/png) ──────────────────────────────────────────────────────────
    ../test-results/tests-purchase-Course-Purc-3408f--handle-valid-purchase-flow-Mobile-Chrome/test-failed-1.png
    ────────────────────────────────────────────────────────────────────────────────────────────────

    attachment #2: video (video/webm) ──────────────────────────────────────────────────────────────
    ../test-results/tests-purchase-Course-Purc-3408f--handle-valid-purchase-flow-Mobile-Chrome/video.webm
    ────────────────────────────────────────────────────────────────────────────────────────────────

    Error Context: ../test-results/tests-purchase-Course-Purc-3408f--handle-valid-purchase-flow-Mobile-Chrome/error-context.md
]]>
</failure>
<system-out>
<![CDATA[
[[ATTACHMENT|tests-purchase-Course-Purc-3408f--handle-valid-purchase-flow-Mobile-Chrome/test-failed-1.png]]

[[ATTACHMENT|tests-purchase-Course-Purc-3408f--handle-valid-purchase-flow-Mobile-Chrome/video.webm]]

[[ATTACHMENT|tests-purchase-Course-Purc-3408f--handle-valid-purchase-flow-Mobile-Chrome/error-context.md]]
]]>
</system-out>
</testcase>
<testcase name="Course Purchase E2E Tests › should handle invalid payment details" classname="tests/purchase.spec.ts" time="0.662">
<failure message="purchase.spec.ts:26:7 should handle invalid payment details" type="FAILURE">
<![CDATA[  [Mobile Chrome] › tests/purchase.spec.ts:26:7 › Course Purchase E2E Tests › should handle invalid payment details 

    Error: page.goto: net::ERR_CONNECTION_REFUSED at http://localhost:3000/purchase
    Call log:
      - navigating to "http://localhost:3000/purchase", waiting until "load"


       at utils/purchase-page.ts:45

      43 |    */
      44 |   async navigateToPurchase(): Promise<void> {
    > 45 |     await this.page.goto('/purchase');
         |                     ^
      46 |     await this.helpers.waitForNetworkIdle();
      47 |     await this.helpers.waitForStableElement(this.pricingSection);
      48 |   }
        at PurchasePage.navigateToPurchase (/home/am/TestAlex/e2e/utils/purchase-page.ts:45:21)
        at /home/am/TestAlex/e2e/tests/purchase.spec.ts:27:24

    attachment #1: screenshot (image/png) ──────────────────────────────────────────────────────────
    ../test-results/tests-purchase-Course-Purc-09abf-dle-invalid-payment-details-Mobile-Chrome/test-failed-1.png
    ────────────────────────────────────────────────────────────────────────────────────────────────

    attachment #2: video (video/webm) ──────────────────────────────────────────────────────────────
    ../test-results/tests-purchase-Course-Purc-09abf-dle-invalid-payment-details-Mobile-Chrome/video.webm
    ────────────────────────────────────────────────────────────────────────────────────────────────

    Error Context: ../test-results/tests-purchase-Course-Purc-09abf-dle-invalid-payment-details-Mobile-Chrome/error-context.md
]]>
</failure>
<system-out>
<![CDATA[
[[ATTACHMENT|tests-purchase-Course-Purc-09abf-dle-invalid-payment-details-Mobile-Chrome/test-failed-1.png]]

[[ATTACHMENT|tests-purchase-Course-Purc-09abf-dle-invalid-payment-details-Mobile-Chrome/video.webm]]

[[ATTACHMENT|tests-purchase-Course-Purc-09abf-dle-invalid-payment-details-Mobile-Chrome/error-context.md]]
]]>
</system-out>
</testcase>
<testcase name="Course Purchase E2E Tests › should show security features" classname="tests/purchase.spec.ts" time="0.659">
<failure message="purchase.spec.ts:31:7 should show security features" type="FAILURE">
<![CDATA[  [Mobile Chrome] › tests/purchase.spec.ts:31:7 › Course Purchase E2E Tests › should show security features 

    Error: page.goto: net::ERR_CONNECTION_REFUSED at http://localhost:3000/purchase
    Call log:
      - navigating to "http://localhost:3000/purchase", waiting until "load"


       at utils/purchase-page.ts:45

      43 |    */
      44 |   async navigateToPurchase(): Promise<void> {
    > 45 |     await this.page.goto('/purchase');
         |                     ^
      46 |     await this.helpers.waitForNetworkIdle();
      47 |     await this.helpers.waitForStableElement(this.pricingSection);
      48 |   }
        at PurchasePage.navigateToPurchase (/home/am/TestAlex/e2e/utils/purchase-page.ts:45:21)
        at PurchasePage.testSecurityFeatures (/home/am/TestAlex/e2e/utils/purchase-page.ts:235:16)
        at /home/am/TestAlex/e2e/tests/purchase.spec.ts:32:24

    attachment #1: screenshot (image/png) ──────────────────────────────────────────────────────────
    ../test-results/tests-purchase-Course-Purc-dcedb-ould-show-security-features-Mobile-Chrome/test-failed-1.png
    ────────────────────────────────────────────────────────────────────────────────────────────────

    attachment #2: video (video/webm) ──────────────────────────────────────────────────────────────
    ../test-results/tests-purchase-Course-Purc-dcedb-ould-show-security-features-Mobile-Chrome/video.webm
    ────────────────────────────────────────────────────────────────────────────────────────────────

    Error Context: ../test-results/tests-purchase-Course-Purc-dcedb-ould-show-security-features-Mobile-Chrome/error-context.md
]]>
</failure>
<system-out>
<![CDATA[
[[ATTACHMENT|tests-purchase-Course-Purc-dcedb-ould-show-security-features-Mobile-Chrome/test-failed-1.png]]

[[ATTACHMENT|tests-purchase-Course-Purc-dcedb-ould-show-security-features-Mobile-Chrome/video.webm]]

[[ATTACHMENT|tests-purchase-Course-Purc-dcedb-ould-show-security-features-Mobile-Chrome/error-context.md]]
]]>
</system-out>
</testcase>
<testcase name="Course Purchase E2E Tests › should work on mobile devices" classname="tests/purchase.spec.ts" time="6.418">
<failure message="purchase.spec.ts:35:7 should work on mobile devices" type="FAILURE">
<![CDATA[  [Mobile Chrome] › tests/purchase.spec.ts:35:7 › Course Purchase E2E Tests › should work on mobile devices 

    Error: Timed out 5000ms waiting for expect(locator).toBeVisible()

    Locator: locator('[data-testid="pricing"], .pricing-section, .price-display')
    Expected: visible
    Received: <element(s) not found>
    Call log:
      - Expect "toBeVisible" with timeout 5000ms
      - waiting for locator('[data-testid="pricing"], .pricing-section, .price-display')


       at utils/purchase-page.ts:260

      258 |     
      259 |     // All purchase elements should be visible and accessible on mobile
    > 260 |     await expect(this.pricingSection).toBeVisible();
          |                                       ^
      261 |     await expect(this.buyButton).toBeVisible();
      262 |     
      263 |     // Initiate purchase flow on mobile
        at PurchasePage.testMobilePurchaseFlow (/home/am/TestAlex/e2e/utils/purchase-page.ts:260:39)
        at /home/am/TestAlex/e2e/tests/purchase.spec.ts:36:5

    attachment #1: screenshot (image/png) ──────────────────────────────────────────────────────────
    ../test-results/tests-purchase-Course-Purc-9df7b-ould-work-on-mobile-devices-Mobile-Chrome/test-failed-1.png
    ────────────────────────────────────────────────────────────────────────────────────────────────

    attachment #2: video (video/webm) ──────────────────────────────────────────────────────────────
    ../test-results/tests-purchase-Course-Purc-9df7b-ould-work-on-mobile-devices-Mobile-Chrome/video.webm
    ────────────────────────────────────────────────────────────────────────────────────────────────
]]>
</failure>
<system-out>
<![CDATA[
[[ATTACHMENT|tests-purchase-Course-Purc-9df7b-ould-work-on-mobile-devices-Mobile-Chrome/test-failed-1.png]]

[[ATTACHMENT|tests-purchase-Course-Purc-9df7b-ould-work-on-mobile-devices-Mobile-Chrome/video.webm]]
]]>
</system-out>
</testcase>
<testcase name="Course Purchase E2E Tests › should load purchase page quickly" classname="tests/purchase.spec.ts" time="0.494">
<failure message="purchase.spec.ts:39:7 should load purchase page quickly" type="FAILURE">
<![CDATA[  [Mobile Chrome] › tests/purchase.spec.ts:39:7 › Course Purchase E2E Tests › should load purchase page quickly 

    Error: page.goto: net::ERR_CONNECTION_REFUSED at http://localhost:3000/purchase
    Call log:
      - navigating to "http://localhost:3000/purchase", waiting until "load"


       at utils/purchase-page.ts:45

      43 |    */
      44 |   async navigateToPurchase(): Promise<void> {
    > 45 |     await this.page.goto('/purchase');
         |                     ^
      46 |     await this.helpers.waitForNetworkIdle();
      47 |     await this.helpers.waitForStableElement(this.pricingSection);
      48 |   }
        at PurchasePage.navigateToPurchase (/home/am/TestAlex/e2e/utils/purchase-page.ts:45:21)
        at PurchasePage.testPurchasePerformance (/home/am/TestAlex/e2e/utils/purchase-page.ts:278:16)
        at /home/am/TestAlex/e2e/tests/purchase.spec.ts:40:24

    attachment #1: screenshot (image/png) ──────────────────────────────────────────────────────────
    ../test-results/tests-purchase-Course-Purc-a6a2c--load-purchase-page-quickly-Mobile-Chrome/test-failed-1.png
    ────────────────────────────────────────────────────────────────────────────────────────────────

    attachment #2: video (video/webm) ──────────────────────────────────────────────────────────────
    ../test-results/tests-purchase-Course-Purc-a6a2c--load-purchase-page-quickly-Mobile-Chrome/video.webm
    ────────────────────────────────────────────────────────────────────────────────────────────────

    Error Context: ../test-results/tests-purchase-Course-Purc-a6a2c--load-purchase-page-quickly-Mobile-Chrome/error-context.md
]]>
</failure>
<system-out>
<![CDATA[
[[ATTACHMENT|tests-purchase-Course-Purc-a6a2c--load-purchase-page-quickly-Mobile-Chrome/test-failed-1.png]]

[[ATTACHMENT|tests-purchase-Course-Purc-a6a2c--load-purchase-page-quickly-Mobile-Chrome/video.webm]]

[[ATTACHMENT|tests-purchase-Course-Purc-a6a2c--load-purchase-page-quickly-Mobile-Chrome/error-context.md]]
]]>
</system-out>
</testcase>
<testcase name="Course Purchase E2E Tests › should be accessible" classname="tests/purchase.spec.ts" time="0.578">
<failure message="purchase.spec.ts:43:7 should be accessible" type="FAILURE">
<![CDATA[  [Mobile Chrome] › tests/purchase.spec.ts:43:7 › Course Purchase E2E Tests › should be accessible ─

    Error: page.goto: net::ERR_CONNECTION_REFUSED at http://localhost:3000/purchase
    Call log:
      - navigating to "http://localhost:3000/purchase", waiting until "load"


       at utils/purchase-page.ts:45

      43 |    */
      44 |   async navigateToPurchase(): Promise<void> {
    > 45 |     await this.page.goto('/purchase');
         |                     ^
      46 |     await this.helpers.waitForNetworkIdle();
      47 |     await this.helpers.waitForStableElement(this.pricingSection);
      48 |   }
        at PurchasePage.navigateToPurchase (/home/am/TestAlex/e2e/utils/purchase-page.ts:45:21)
        at PurchasePage.testPurchaseAccessibility (/home/am/TestAlex/e2e/utils/purchase-page.ts:301:16)
        at /home/am/TestAlex/e2e/tests/purchase.spec.ts:44:24

    attachment #1: screenshot (image/png) ──────────────────────────────────────────────────────────
    ../test-results/tests-purchase-Course-Purc-57494--Tests-should-be-accessible-Mobile-Chrome/test-failed-1.png
    ────────────────────────────────────────────────────────────────────────────────────────────────

    attachment #2: video (video/webm) ──────────────────────────────────────────────────────────────
    ../test-results/tests-purchase-Course-Purc-57494--Tests-should-be-accessible-Mobile-Chrome/video.webm
    ────────────────────────────────────────────────────────────────────────────────────────────────

    Error Context: ../test-results/tests-purchase-Course-Purc-57494--Tests-should-be-accessible-Mobile-Chrome/error-context.md
]]>
</failure>
<system-out>
<![CDATA[
[[ATTACHMENT|tests-purchase-Course-Purc-57494--Tests-should-be-accessible-Mobile-Chrome/test-failed-1.png]]

[[ATTACHMENT|tests-purchase-Course-Purc-57494--Tests-should-be-accessible-Mobile-Chrome/video.webm]]

[[ATTACHMENT|tests-purchase-Course-Purc-57494--Tests-should-be-accessible-Mobile-Chrome/error-context.md]]
]]>
</system-out>
</testcase>
<testcase name="Course Purchase E2E Tests › should support different pricing tiers" classname="tests/purchase.spec.ts" time="0.49">
<failure message="purchase.spec.ts:47:7 should support different pricing tiers" type="FAILURE">
<![CDATA[  [Mobile Chrome] › tests/purchase.spec.ts:47:7 › Course Purchase E2E Tests › should support different pricing tiers 

    Error: page.goto: net::ERR_CONNECTION_REFUSED at http://localhost:3000/purchase
    Call log:
      - navigating to "http://localhost:3000/purchase", waiting until "load"


       at utils/purchase-page.ts:45

      43 |    */
      44 |   async navigateToPurchase(): Promise<void> {
    > 45 |     await this.page.goto('/purchase');
         |                     ^
      46 |     await this.helpers.waitForNetworkIdle();
      47 |     await this.helpers.waitForStableElement(this.pricingSection);
      48 |   }
        at PurchasePage.navigateToPurchase (/home/am/TestAlex/e2e/utils/purchase-page.ts:45:21)
        at /home/am/TestAlex/e2e/tests/purchase.spec.ts:48:24

    attachment #1: screenshot (image/png) ──────────────────────────────────────────────────────────
    ../test-results/tests-purchase-Course-Purc-f3276-ort-different-pricing-tiers-Mobile-Chrome/test-failed-1.png
    ────────────────────────────────────────────────────────────────────────────────────────────────

    attachment #2: video (video/webm) ──────────────────────────────────────────────────────────────
    ../test-results/tests-purchase-Course-Purc-f3276-ort-different-pricing-tiers-Mobile-Chrome/video.webm
    ────────────────────────────────────────────────────────────────────────────────────────────────

    Error Context: ../test-results/tests-purchase-Course-Purc-f3276-ort-different-pricing-tiers-Mobile-Chrome/error-context.md
]]>
</failure>
<system-out>
<![CDATA[
[[ATTACHMENT|tests-purchase-Course-Purc-f3276-ort-different-pricing-tiers-Mobile-Chrome/test-failed-1.png]]

[[ATTACHMENT|tests-purchase-Course-Purc-f3276-ort-different-pricing-tiers-Mobile-Chrome/video.webm]]

[[ATTACHMENT|tests-purchase-Course-Purc-f3276-ort-different-pricing-tiers-Mobile-Chrome/error-context.md]]
]]>
</system-out>
</testcase>
<testcase name="Course Purchase E2E Tests › should allow purchase cancellation" classname="tests/purchase.spec.ts" time="0.531">
<failure message="purchase.spec.ts:52:7 should allow purchase cancellation" type="FAILURE">
<![CDATA[  [Mobile Chrome] › tests/purchase.spec.ts:52:7 › Course Purchase E2E Tests › should allow purchase cancellation 

    Error: page.goto: net::ERR_CONNECTION_REFUSED at http://localhost:3000/purchase
    Call log:
      - navigating to "http://localhost:3000/purchase", waiting until "load"


       at utils/purchase-page.ts:45

      43 |    */
      44 |   async navigateToPurchase(): Promise<void> {
    > 45 |     await this.page.goto('/purchase');
         |                     ^
      46 |     await this.helpers.waitForNetworkIdle();
      47 |     await this.helpers.waitForStableElement(this.pricingSection);
      48 |   }
        at PurchasePage.navigateToPurchase (/home/am/TestAlex/e2e/utils/purchase-page.ts:45:21)
        at /home/am/TestAlex/e2e/tests/purchase.spec.ts:53:24

    attachment #1: screenshot (image/png) ──────────────────────────────────────────────────────────
    ../test-results/tests-purchase-Course-Purc-99785-allow-purchase-cancellation-Mobile-Chrome/test-failed-1.png
    ────────────────────────────────────────────────────────────────────────────────────────────────

    attachment #2: video (video/webm) ──────────────────────────────────────────────────────────────
    ../test-results/tests-purchase-Course-Purc-99785-allow-purchase-cancellation-Mobile-Chrome/video.webm
    ────────────────────────────────────────────────────────────────────────────────────────────────

    Error Context: ../test-results/tests-purchase-Course-Purc-99785-allow-purchase-cancellation-Mobile-Chrome/error-context.md
]]>
</failure>
<system-out>
<![CDATA[
[[ATTACHMENT|tests-purchase-Course-Purc-99785-allow-purchase-cancellation-Mobile-Chrome/test-failed-1.png]]

[[ATTACHMENT|tests-purchase-Course-Purc-99785-allow-purchase-cancellation-Mobile-Chrome/video.webm]]

[[ATTACHMENT|tests-purchase-Course-Purc-99785-allow-purchase-cancellation-Mobile-Chrome/error-context.md]]
]]>
</system-out>
</testcase>
<testcase name="Course Purchase E2E Tests › should initiate purchase from course page" classname="tests/purchase.spec.ts" time="0.479">
<failure message="purchase.spec.ts:57:7 should initiate purchase from course page" type="FAILURE">
<![CDATA[  [Mobile Chrome] › tests/purchase.spec.ts:57:7 › Course Purchase E2E Tests › should initiate purchase from course page 

    Error: page.goto: net::ERR_CONNECTION_REFUSED at http://localhost:3000/courses
    Call log:
      - navigating to "http://localhost:3000/courses", waiting until "load"


       at utils/purchase-page.ts:54

      52 |    */
      53 |   async navigateToCourseAndPurchase(): Promise<void> {
    > 54 |     await this.page.goto('/courses');
         |                     ^
      55 |     await this.helpers.waitForNetworkIdle();
      56 |     
      57 |     // Find and click on the first available course
        at PurchasePage.navigateToCourseAndPurchase (/home/am/TestAlex/e2e/utils/purchase-page.ts:54:21)
        at /home/am/TestAlex/e2e/tests/purchase.spec.ts:58:24

    attachment #1: screenshot (image/png) ──────────────────────────────────────────────────────────
    ../test-results/tests-purchase-Course-Purc-e1b34-e-purchase-from-course-page-Mobile-Chrome/test-failed-1.png
    ────────────────────────────────────────────────────────────────────────────────────────────────

    attachment #2: video (video/webm) ──────────────────────────────────────────────────────────────
    ../test-results/tests-purchase-Course-Purc-e1b34-e-purchase-from-course-page-Mobile-Chrome/video.webm
    ────────────────────────────────────────────────────────────────────────────────────────────────

    Error Context: ../test-results/tests-purchase-Course-Purc-e1b34-e-purchase-from-course-page-Mobile-Chrome/error-context.md
]]>
</failure>
<system-out>
<![CDATA[
[[ATTACHMENT|tests-purchase-Course-Purc-e1b34-e-purchase-from-course-page-Mobile-Chrome/test-failed-1.png]]

[[ATTACHMENT|tests-purchase-Course-Purc-e1b34-e-purchase-from-course-page-Mobile-Chrome/video.webm]]

[[ATTACHMENT|tests-purchase-Course-Purc-e1b34-e-purchase-from-course-page-Mobile-Chrome/error-context.md]]
]]>
</system-out>
</testcase>
<testcase name="Course Purchase E2E Tests › should validate form inputs" classname="tests/purchase.spec.ts" time="0.567">
<failure message="purchase.spec.ts:65:7 should validate form inputs" type="FAILURE">
<![CDATA[  [Mobile Chrome] › tests/purchase.spec.ts:65:7 › Course Purchase E2E Tests › should validate form inputs 

    Error: page.goto: net::ERR_CONNECTION_REFUSED at http://localhost:3000/purchase
    Call log:
      - navigating to "http://localhost:3000/purchase", waiting until "load"


       at utils/purchase-page.ts:45

      43 |    */
      44 |   async navigateToPurchase(): Promise<void> {
    > 45 |     await this.page.goto('/purchase');
         |                     ^
      46 |     await this.helpers.waitForNetworkIdle();
      47 |     await this.helpers.waitForStableElement(this.pricingSection);
      48 |   }
        at PurchasePage.navigateToPurchase (/home/am/TestAlex/e2e/utils/purchase-page.ts:45:21)
        at /home/am/TestAlex/e2e/tests/purchase.spec.ts:66:24

    attachment #1: screenshot (image/png) ──────────────────────────────────────────────────────────
    ../test-results/tests-purchase-Course-Purc-6b725-should-validate-form-inputs-Mobile-Chrome/test-failed-1.png
    ────────────────────────────────────────────────────────────────────────────────────────────────

    attachment #2: video (video/webm) ──────────────────────────────────────────────────────────────
    ../test-results/tests-purchase-Course-Purc-6b725-should-validate-form-inputs-Mobile-Chrome/video.webm
    ────────────────────────────────────────────────────────────────────────────────────────────────

    Error Context: ../test-results/tests-purchase-Course-Purc-6b725-should-validate-form-inputs-Mobile-Chrome/error-context.md
]]>
</failure>
<system-out>
<![CDATA[
[[ATTACHMENT|tests-purchase-Course-Purc-6b725-should-validate-form-inputs-Mobile-Chrome/test-failed-1.png]]

[[ATTACHMENT|tests-purchase-Course-Purc-6b725-should-validate-form-inputs-Mobile-Chrome/video.webm]]

[[ATTACHMENT|tests-purchase-Course-Purc-6b725-should-validate-form-inputs-Mobile-Chrome/error-context.md]]
]]>
</system-out>
</testcase>
<testcase name="Course Purchase E2E Tests › should handle payment provider integration" classname="tests/purchase.spec.ts" time="0.559">
<failure message="purchase.spec.ts:83:7 should handle payment provider integration" type="FAILURE">
<![CDATA[  [Mobile Chrome] › tests/purchase.spec.ts:83:7 › Course Purchase E2E Tests › should handle payment provider integration 

    Error: page.goto: net::ERR_CONNECTION_REFUSED at http://localhost:3000/purchase
    Call log:
      - navigating to "http://localhost:3000/purchase", waiting until "load"


       at utils/purchase-page.ts:45

      43 |    */
      44 |   async navigateToPurchase(): Promise<void> {
    > 45 |     await this.page.goto('/purchase');
         |                     ^
      46 |     await this.helpers.waitForNetworkIdle();
      47 |     await this.helpers.waitForStableElement(this.pricingSection);
      48 |   }
        at PurchasePage.navigateToPurchase (/home/am/TestAlex/e2e/utils/purchase-page.ts:45:21)
        at /home/am/TestAlex/e2e/tests/purchase.spec.ts:84:24

    attachment #1: screenshot (image/png) ──────────────────────────────────────────────────────────
    ../test-results/tests-purchase-Course-Purc-95b73-ayment-provider-integration-Mobile-Chrome/test-failed-1.png
    ────────────────────────────────────────────────────────────────────────────────────────────────

    attachment #2: video (video/webm) ──────────────────────────────────────────────────────────────
    ../test-results/tests-purchase-Course-Purc-95b73-ayment-provider-integration-Mobile-Chrome/video.webm
    ────────────────────────────────────────────────────────────────────────────────────────────────

    Error Context: ../test-results/tests-purchase-Course-Purc-95b73-ayment-provider-integration-Mobile-Chrome/error-context.md
]]>
</failure>
<system-out>
<![CDATA[
[[ATTACHMENT|tests-purchase-Course-Purc-95b73-ayment-provider-integration-Mobile-Chrome/test-failed-1.png]]

[[ATTACHMENT|tests-purchase-Course-Purc-95b73-ayment-provider-integration-Mobile-Chrome/video.webm]]

[[ATTACHMENT|tests-purchase-Course-Purc-95b73-ayment-provider-integration-Mobile-Chrome/error-context.md]]
]]>
</system-out>
</testcase>
<testcase name="Course Purchase E2E Tests › should show loading states during payment" classname="tests/purchase.spec.ts" time="0.51">
<failure message="purchase.spec.ts:96:7 should show loading states during payment" type="FAILURE">
<![CDATA[  [Mobile Chrome] › tests/purchase.spec.ts:96:7 › Course Purchase E2E Tests › should show loading states during payment 

    Error: page.goto: net::ERR_CONNECTION_REFUSED at http://localhost:3000/purchase
    Call log:
      - navigating to "http://localhost:3000/purchase", waiting until "load"


       at utils/purchase-page.ts:45

      43 |    */
      44 |   async navigateToPurchase(): Promise<void> {
    > 45 |     await this.page.goto('/purchase');
         |                     ^
      46 |     await this.helpers.waitForNetworkIdle();
      47 |     await this.helpers.waitForStableElement(this.pricingSection);
      48 |   }
        at PurchasePage.navigateToPurchase (/home/am/TestAlex/e2e/utils/purchase-page.ts:45:21)
        at /home/am/TestAlex/e2e/tests/purchase.spec.ts:97:24

    attachment #1: screenshot (image/png) ──────────────────────────────────────────────────────────
    ../test-results/tests-purchase-Course-Purc-d1b56-ading-states-during-payment-Mobile-Chrome/test-failed-1.png
    ────────────────────────────────────────────────────────────────────────────────────────────────

    attachment #2: video (video/webm) ──────────────────────────────────────────────────────────────
    ../test-results/tests-purchase-Course-Purc-d1b56-ading-states-during-payment-Mobile-Chrome/video.webm
    ────────────────────────────────────────────────────────────────────────────────────────────────

    Error Context: ../test-results/tests-purchase-Course-Purc-d1b56-ading-states-during-payment-Mobile-Chrome/error-context.md
]]>
</failure>
<system-out>
<![CDATA[
[[ATTACHMENT|tests-purchase-Course-Purc-d1b56-ading-states-during-payment-Mobile-Chrome/test-failed-1.png]]

[[ATTACHMENT|tests-purchase-Course-Purc-d1b56-ading-states-during-payment-Mobile-Chrome/video.webm]]

[[ATTACHMENT|tests-purchase-Course-Purc-d1b56-ading-states-during-payment-Mobile-Chrome/error-context.md]]
]]>
</system-out>
</testcase>
<testcase name="Course Purchase E2E Tests › should preserve form data on validation errors" classname="tests/purchase.spec.ts" time="0.534">
<failure message="purchase.spec.ts:122:7 should preserve form data on validation errors" type="FAILURE">
<![CDATA[  [Mobile Chrome] › tests/purchase.spec.ts:122:7 › Course Purchase E2E Tests › should preserve form data on validation errors 

    Error: page.goto: net::ERR_CONNECTION_REFUSED at http://localhost:3000/purchase
    Call log:
      - navigating to "http://localhost:3000/purchase", waiting until "load"


       at utils/purchase-page.ts:45

      43 |    */
      44 |   async navigateToPurchase(): Promise<void> {
    > 45 |     await this.page.goto('/purchase');
         |                     ^
      46 |     await this.helpers.waitForNetworkIdle();
      47 |     await this.helpers.waitForStableElement(this.pricingSection);
      48 |   }
        at PurchasePage.navigateToPurchase (/home/am/TestAlex/e2e/utils/purchase-page.ts:45:21)
        at /home/am/TestAlex/e2e/tests/purchase.spec.ts:123:24

    attachment #1: screenshot (image/png) ──────────────────────────────────────────────────────────
    ../test-results/tests-purchase-Course-Purc-ef154-m-data-on-validation-errors-Mobile-Chrome/test-failed-1.png
    ────────────────────────────────────────────────────────────────────────────────────────────────

    attachment #2: video (video/webm) ──────────────────────────────────────────────────────────────
    ../test-results/tests-purchase-Course-Purc-ef154-m-data-on-validation-errors-Mobile-Chrome/video.webm
    ────────────────────────────────────────────────────────────────────────────────────────────────

    Error Context: ../test-results/tests-purchase-Course-Purc-ef154-m-data-on-validation-errors-Mobile-Chrome/error-context.md
]]>
</failure>
<system-out>
<![CDATA[
[[ATTACHMENT|tests-purchase-Course-Purc-ef154-m-data-on-validation-errors-Mobile-Chrome/test-failed-1.png]]

[[ATTACHMENT|tests-purchase-Course-Purc-ef154-m-data-on-validation-errors-Mobile-Chrome/video.webm]]

[[ATTACHMENT|tests-purchase-Course-Purc-ef154-m-data-on-validation-errors-Mobile-Chrome/error-context.md]]
]]>
</system-out>
</testcase>
<testcase name="Course Purchase E2E Tests › should support promotional codes" classname="tests/purchase.spec.ts" time="0.501">
<failure message="purchase.spec.ts:145:7 should support promotional codes" type="FAILURE">
<![CDATA[  [Mobile Chrome] › tests/purchase.spec.ts:145:7 › Course Purchase E2E Tests › should support promotional codes 

    Error: page.goto: net::ERR_CONNECTION_REFUSED at http://localhost:3000/purchase
    Call log:
      - navigating to "http://localhost:3000/purchase", waiting until "load"


       at utils/purchase-page.ts:45

      43 |    */
      44 |   async navigateToPurchase(): Promise<void> {
    > 45 |     await this.page.goto('/purchase');
         |                     ^
      46 |     await this.helpers.waitForNetworkIdle();
      47 |     await this.helpers.waitForStableElement(this.pricingSection);
      48 |   }
        at PurchasePage.navigateToPurchase (/home/am/TestAlex/e2e/utils/purchase-page.ts:45:21)
        at /home/am/TestAlex/e2e/tests/purchase.spec.ts:146:24

    attachment #1: screenshot (image/png) ──────────────────────────────────────────────────────────
    ../test-results/tests-purchase-Course-Purc-aabea-d-support-promotional-codes-Mobile-Chrome/test-failed-1.png
    ────────────────────────────────────────────────────────────────────────────────────────────────

    attachment #2: video (video/webm) ──────────────────────────────────────────────────────────────
    ../test-results/tests-purchase-Course-Purc-aabea-d-support-promotional-codes-Mobile-Chrome/video.webm
    ────────────────────────────────────────────────────────────────────────────────────────────────

    Error Context: ../test-results/tests-purchase-Course-Purc-aabea-d-support-promotional-codes-Mobile-Chrome/error-context.md
]]>
</failure>
<system-out>
<![CDATA[
[[ATTACHMENT|tests-purchase-Course-Purc-aabea-d-support-promotional-codes-Mobile-Chrome/test-failed-1.png]]

[[ATTACHMENT|tests-purchase-Course-Purc-aabea-d-support-promotional-codes-Mobile-Chrome/video.webm]]

[[ATTACHMENT|tests-purchase-Course-Purc-aabea-d-support-promotional-codes-Mobile-Chrome/error-context.md]]
]]>
</system-out>
</testcase>
<testcase name="Course Purchase E2E Tests › should handle different currencies" classname="tests/purchase.spec.ts" time="0.46">
<failure message="purchase.spec.ts:168:7 should handle different currencies" type="FAILURE">
<![CDATA[  [Mobile Chrome] › tests/purchase.spec.ts:168:7 › Course Purchase E2E Tests › should handle different currencies 

    Error: page.goto: net::ERR_CONNECTION_REFUSED at http://localhost:3000/purchase
    Call log:
      - navigating to "http://localhost:3000/purchase", waiting until "load"


       at utils/purchase-page.ts:45

      43 |    */
      44 |   async navigateToPurchase(): Promise<void> {
    > 45 |     await this.page.goto('/purchase');
         |                     ^
      46 |     await this.helpers.waitForNetworkIdle();
      47 |     await this.helpers.waitForStableElement(this.pricingSection);
      48 |   }
        at PurchasePage.navigateToPurchase (/home/am/TestAlex/e2e/utils/purchase-page.ts:45:21)
        at /home/am/TestAlex/e2e/tests/purchase.spec.ts:169:24

    attachment #1: screenshot (image/png) ──────────────────────────────────────────────────────────
    ../test-results/tests-purchase-Course-Purc-1286e-handle-different-currencies-Mobile-Chrome/test-failed-1.png
    ────────────────────────────────────────────────────────────────────────────────────────────────

    attachment #2: video (video/webm) ──────────────────────────────────────────────────────────────
    ../test-results/tests-purchase-Course-Purc-1286e-handle-different-currencies-Mobile-Chrome/video.webm
    ────────────────────────────────────────────────────────────────────────────────────────────────

    Error Context: ../test-results/tests-purchase-Course-Purc-1286e-handle-different-currencies-Mobile-Chrome/error-context.md
]]>
</failure>
<system-out>
<![CDATA[
[[ATTACHMENT|tests-purchase-Course-Purc-1286e-handle-different-currencies-Mobile-Chrome/test-failed-1.png]]

[[ATTACHMENT|tests-purchase-Course-Purc-1286e-handle-different-currencies-Mobile-Chrome/video.webm]]

[[ATTACHMENT|tests-purchase-Course-Purc-1286e-handle-different-currencies-Mobile-Chrome/error-context.md]]
]]>
</system-out>
</testcase>
</testsuite>
<testsuite name="tests/acim-guide-debug.spec.ts" timestamp="2025-08-14T13:39:24.147Z" hostname="Mobile Safari" tests="11" failures="11" skipped="0" time="0.041" errors="0">
<testcase name="ACIM Guide - Debug and UX Testing › ✅ Page loads successfully with correct title and branding" classname="tests/acim-guide-debug.spec.ts" time="0.003">
<failure message="acim-guide-debug.spec.ts:15:7 ✅ Page loads successfully with correct title and branding" type="FAILURE">
<![CDATA[  [Mobile Safari] › tests/acim-guide-debug.spec.ts:15:7 › ACIM Guide - Debug and UX Testing › ✅ Page loads successfully with correct title and branding 

    Error: browserType.launch: 
    ╔══════════════════════════════════════════════════════╗
    ║ Host system is missing dependencies to run browsers. ║
    ║ Please install them with the following command:      ║
    ║                                                      ║
    ║     sudo npx playwright install-deps                 ║
    ║                                                      ║
    ║ Alternatively, use apt:                              ║
    ║     sudo apt-get install libavif16                   ║
    ║                                                      ║
    ║ <3 Playwright Team                                   ║
    ╚══════════════════════════════════════════════════════╝
]]>
</failure>
</testcase>
<testcase name="ACIM Guide - Debug and UX Testing › 🔧 Firebase authentication and connection status" classname="tests/acim-guide-debug.spec.ts" time="0.003">
<failure message="acim-guide-debug.spec.ts:29:7 🔧 Firebase authentication and connection status" type="FAILURE">
<![CDATA[  [Mobile Safari] › tests/acim-guide-debug.spec.ts:29:7 › ACIM Guide - Debug and UX Testing › 🔧 Firebase authentication and connection status 

    Error: browserType.launch: 
    ╔══════════════════════════════════════════════════════╗
    ║ Host system is missing dependencies to run browsers. ║
    ║ Please install them with the following command:      ║
    ║                                                      ║
    ║     sudo npx playwright install-deps                 ║
    ║                                                      ║
    ║ Alternatively, use apt:                              ║
    ║     sudo apt-get install libavif16                   ║
    ║                                                      ║
    ║ <3 Playwright Team                                   ║
    ╚══════════════════════════════════════════════════════╝
]]>
</failure>
</testcase>
<testcase name="ACIM Guide - Debug and UX Testing › 💬 Chat interface is functional and accessible" classname="tests/acim-guide-debug.spec.ts" time="0.008">
<failure message="acim-guide-debug.spec.ts:60:7 💬 Chat interface is functional and accessible" type="FAILURE">
<![CDATA[  [Mobile Safari] › tests/acim-guide-debug.spec.ts:60:7 › ACIM Guide - Debug and UX Testing › 💬 Chat interface is functional and accessible 

    Error: browserType.launch: 
    ╔══════════════════════════════════════════════════════╗
    ║ Host system is missing dependencies to run browsers. ║
    ║ Please install them with the following command:      ║
    ║                                                      ║
    ║     sudo npx playwright install-deps                 ║
    ║                                                      ║
    ║ Alternatively, use apt:                              ║
    ║     sudo apt-get install libavif16                   ║
    ║                                                      ║
    ║ <3 Playwright Team                                   ║
    ╚══════════════════════════════════════════════════════╝
]]>
</failure>
</testcase>
<testcase name="ACIM Guide - Debug and UX Testing › 🎯 Quick action buttons are present and functional" classname="tests/acim-guide-debug.spec.ts" time="0.003">
<failure message="acim-guide-debug.spec.ts:85:7 🎯 Quick action buttons are present and functional" type="FAILURE">
<![CDATA[  [Mobile Safari] › tests/acim-guide-debug.spec.ts:85:7 › ACIM Guide - Debug and UX Testing › 🎯 Quick action buttons are present and functional 

    Error: browserType.launch: 
    ╔══════════════════════════════════════════════════════╗
    ║ Host system is missing dependencies to run browsers. ║
    ║ Please install them with the following command:      ║
    ║                                                      ║
    ║     sudo npx playwright install-deps                 ║
    ║                                                      ║
    ║ Alternatively, use apt:                              ║
    ║     sudo apt-get install libavif16                   ║
    ║                                                      ║
    ║ <3 Playwright Team                                   ║
    ╚══════════════════════════════════════════════════════╝
]]>
</failure>
</testcase>
<testcase name="ACIM Guide - Debug and UX Testing › 📱 Responsive design works on mobile" classname="tests/acim-guide-debug.spec.ts" time="0.003">
<failure message="acim-guide-debug.spec.ts:109:7 📱 Responsive design works on mobile" type="FAILURE">
<![CDATA[  [Mobile Safari] › tests/acim-guide-debug.spec.ts:109:7 › ACIM Guide - Debug and UX Testing › 📱 Responsive design works on mobile 

    Error: browserType.launch: 
    ╔══════════════════════════════════════════════════════╗
    ║ Host system is missing dependencies to run browsers. ║
    ║ Please install them with the following command:      ║
    ║                                                      ║
    ║     sudo npx playwright install-deps                 ║
    ║                                                      ║
    ║ Alternatively, use apt:                              ║
    ║     sudo apt-get install libavif16                   ║
    ║                                                      ║
    ║ <3 Playwright Team                                   ║
    ╚══════════════════════════════════════════════════════╝
]]>
</failure>
</testcase>
<testcase name="ACIM Guide - Debug and UX Testing › 🔍 Debug actual chat functionality with Firebase" classname="tests/acim-guide-debug.spec.ts" time="0.003">
<failure message="acim-guide-debug.spec.ts:131:7 🔍 Debug actual chat functionality with Firebase" type="FAILURE">
<![CDATA[  [Mobile Safari] › tests/acim-guide-debug.spec.ts:131:7 › ACIM Guide - Debug and UX Testing › 🔍 Debug actual chat functionality with Firebase 

    Error: browserType.launch: 
    ╔══════════════════════════════════════════════════════╗
    ║ Host system is missing dependencies to run browsers. ║
    ║ Please install them with the following command:      ║
    ║                                                      ║
    ║     sudo npx playwright install-deps                 ║
    ║                                                      ║
    ║ Alternatively, use apt:                              ║
    ║     sudo apt-get install libavif16                   ║
    ║                                                      ║
    ║ <3 Playwright Team                                   ║
    ╚══════════════════════════════════════════════════════╝
]]>
</failure>
</testcase>
<testcase name="ACIM Guide - Debug and UX Testing › 🎨 Visual design and styling check" classname="tests/acim-guide-debug.spec.ts" time="0.004">
<failure message="acim-guide-debug.spec.ts:201:7 🎨 Visual design and styling check" type="FAILURE">
<![CDATA[  [Mobile Safari] › tests/acim-guide-debug.spec.ts:201:7 › ACIM Guide - Debug and UX Testing › 🎨 Visual design and styling check 

    Error: browserType.launch: 
    ╔══════════════════════════════════════════════════════╗
    ║ Host system is missing dependencies to run browsers. ║
    ║ Please install them with the following command:      ║
    ║                                                      ║
    ║     sudo npx playwright install-deps                 ║
    ║                                                      ║
    ║ Alternatively, use apt:                              ║
    ║     sudo apt-get install libavif16                   ║
    ║                                                      ║
    ║ <3 Playwright Team                                   ║
    ╚══════════════════════════════════════════════════════╝
]]>
</failure>
</testcase>
<testcase name="ACIM Guide - Debug and UX Testing › ♿ Accessibility and usability check" classname="tests/acim-guide-debug.spec.ts" time="0.003">
<failure message="acim-guide-debug.spec.ts:226:7 ♿ Accessibility and usability check" type="FAILURE">
<![CDATA[  [Mobile Safari] › tests/acim-guide-debug.spec.ts:226:7 › ACIM Guide - Debug and UX Testing › ♿ Accessibility and usability check 

    Error: browserType.launch: 
    ╔══════════════════════════════════════════════════════╗
    ║ Host system is missing dependencies to run browsers. ║
    ║ Please install them with the following command:      ║
    ║                                                      ║
    ║     sudo npx playwright install-deps                 ║
    ║                                                      ║
    ║ Alternatively, use apt:                              ║
    ║     sudo apt-get install libavif16                   ║
    ║                                                      ║
    ║ <3 Playwright Team                                   ║
    ╚══════════════════════════════════════════════════════╝
]]>
</failure>
</testcase>
<testcase name="ACIM Guide - Debug and UX Testing › 🔧 Performance and loading check" classname="tests/acim-guide-debug.spec.ts" time="0.003">
<failure message="acim-guide-debug.spec.ts:251:7 🔧 Performance and loading check" type="FAILURE">
<![CDATA[  [Mobile Safari] › tests/acim-guide-debug.spec.ts:251:7 › ACIM Guide - Debug and UX Testing › 🔧 Performance and loading check 

    Error: browserType.launch: 
    ╔══════════════════════════════════════════════════════╗
    ║ Host system is missing dependencies to run browsers. ║
    ║ Please install them with the following command:      ║
    ║                                                      ║
    ║     sudo npx playwright install-deps                 ║
    ║                                                      ║
    ║ Alternatively, use apt:                              ║
    ║     sudo apt-get install libavif16                   ║
    ║                                                      ║
    ║ <3 Playwright Team                                   ║
    ╚══════════════════════════════════════════════════════╝
]]>
</failure>
</testcase>
<testcase name="ACIM Guide - Debug and UX Testing › 📸 Visual regression test - take screenshots" classname="tests/acim-guide-debug.spec.ts" time="0.004">
<failure message="acim-guide-debug.spec.ts:288:7 📸 Visual regression test - take screenshots" type="FAILURE">
<![CDATA[  [Mobile Safari] › tests/acim-guide-debug.spec.ts:288:7 › ACIM Guide - Debug and UX Testing › 📸 Visual regression test - take screenshots 

    Error: browserType.launch: 
    ╔══════════════════════════════════════════════════════╗
    ║ Host system is missing dependencies to run browsers. ║
    ║ Please install them with the following command:      ║
    ║                                                      ║
    ║     sudo npx playwright install-deps                 ║
    ║                                                      ║
    ║ Alternatively, use apt:                              ║
    ║     sudo apt-get install libavif16                   ║
    ║                                                      ║
    ║ <3 Playwright Team                                   ║
    ╚══════════════════════════════════════════════════════╝
]]>
</failure>
</testcase>
<testcase name="ACIM Guide - Specific Firebase Debug › 🔥 Debug Firebase Functions specifically" classname="tests/acim-guide-debug.spec.ts" time="0.004">
<failure message="acim-guide-debug.spec.ts:310:7 🔥 Debug Firebase Functions specifically" type="FAILURE">
<![CDATA[  [Mobile Safari] › tests/acim-guide-debug.spec.ts:310:7 › ACIM Guide - Specific Firebase Debug › 🔥 Debug Firebase Functions specifically 

    Error: browserType.launch: 
    ╔══════════════════════════════════════════════════════╗
    ║ Host system is missing dependencies to run browsers. ║
    ║ Please install them with the following command:      ║
    ║                                                      ║
    ║     sudo npx playwright install-deps                 ║
    ║                                                      ║
    ║ Alternatively, use apt:                              ║
    ║     sudo apt-get install libavif16                   ║
    ║                                                      ║
    ║ <3 Playwright Team                                   ║
    ╚══════════════════════════════════════════════════════╝
]]>
</failure>
</testcase>
</testsuite>
<testsuite name="tests/blog-cta.spec.ts" timestamp="2025-08-14T13:39:24.147Z" hostname="Mobile Safari" tests="19" failures="19" skipped="0" time="0.08" errors="0">
<testcase name="Blog CTA E2E Tests › should display CTAs correctly on blog homepage" classname="tests/blog-cta.spec.ts" time="0.004">
<failure message="blog-cta.spec.ts:11:7 should display CTAs correctly on blog homepage" type="FAILURE">
<![CDATA[  [Mobile Safari] › tests/blog-cta.spec.ts:11:7 › Blog CTA E2E Tests › should display CTAs correctly on blog homepage 

    Error: browserType.launch: 
    ╔══════════════════════════════════════════════════════╗
    ║ Host system is missing dependencies to run browsers. ║
    ║ Please install them with the following command:      ║
    ║                                                      ║
    ║     sudo npx playwright install-deps                 ║
    ║                                                      ║
    ║ Alternatively, use apt:                              ║
    ║     sudo apt-get install libavif16                   ║
    ║                                                      ║
    ║ <3 Playwright Team                                   ║
    ╚══════════════════════════════════════════════════════╝
]]>
</failure>
</testcase>
<testcase name="Blog CTA E2E Tests › should handle CTA click-through functionality" classname="tests/blog-cta.spec.ts" time="0.004">
<failure message="blog-cta.spec.ts:16:7 should handle CTA click-through functionality" type="FAILURE">
<![CDATA[  [Mobile Safari] › tests/blog-cta.spec.ts:16:7 › Blog CTA E2E Tests › should handle CTA click-through functionality 

    Error: browserType.launch: 
    ╔══════════════════════════════════════════════════════╗
    ║ Host system is missing dependencies to run browsers. ║
    ║ Please install them with the following command:      ║
    ║                                                      ║
    ║     sudo npx playwright install-deps                 ║
    ║                                                      ║
    ║ Alternatively, use apt:                              ║
    ║     sudo apt-get install libavif16                   ║
    ║                                                      ║
    ║ <3 Playwright Team                                   ║
    ╚══════════════════════════════════════════════════════╝
]]>
</failure>
</testcase>
<testcase name="Blog CTA E2E Tests › should handle newsletter signup" classname="tests/blog-cta.spec.ts" time="0.003">
<failure message="blog-cta.spec.ts:21:7 should handle newsletter signup" type="FAILURE">
<![CDATA[  [Mobile Safari] › tests/blog-cta.spec.ts:21:7 › Blog CTA E2E Tests › should handle newsletter signup 

    Error: browserType.launch: 
    ╔══════════════════════════════════════════════════════╗
    ║ Host system is missing dependencies to run browsers. ║
    ║ Please install them with the following command:      ║
    ║                                                      ║
    ║     sudo npx playwright install-deps                 ║
    ║                                                      ║
    ║ Alternatively, use apt:                              ║
    ║     sudo apt-get install libavif16                   ║
    ║                                                      ║
    ║ <3 Playwright Team                                   ║
    ╚══════════════════════════════════════════════════════╝
]]>
</failure>
</testcase>
<testcase name="Blog CTA E2E Tests › should validate email input in newsletter" classname="tests/blog-cta.spec.ts" time="0.006">
<failure message="blog-cta.spec.ts:26:7 should validate email input in newsletter" type="FAILURE">
<![CDATA[  [Mobile Safari] › tests/blog-cta.spec.ts:26:7 › Blog CTA E2E Tests › should validate email input in newsletter 

    Error: browserType.launch: 
    ╔══════════════════════════════════════════════════════╗
    ║ Host system is missing dependencies to run browsers. ║
    ║ Please install them with the following command:      ║
    ║                                                      ║
    ║     sudo npx playwright install-deps                 ║
    ║                                                      ║
    ║ Alternatively, use apt:                              ║
    ║     sudo apt-get install libavif16                   ║
    ║                                                      ║
    ║ <3 Playwright Team                                   ║
    ╚══════════════════════════════════════════════════════╝
]]>
</failure>
</testcase>
<testcase name="Blog CTA E2E Tests › should track CTA interactions" classname="tests/blog-cta.spec.ts" time="0.003">
<failure message="blog-cta.spec.ts:31:7 should track CTA interactions" type="FAILURE">
<![CDATA[  [Mobile Safari] › tests/blog-cta.spec.ts:31:7 › Blog CTA E2E Tests › should track CTA interactions 

    Error: browserType.launch: 
    ╔══════════════════════════════════════════════════════╗
    ║ Host system is missing dependencies to run browsers. ║
    ║ Please install them with the following command:      ║
    ║                                                      ║
    ║     sudo npx playwright install-deps                 ║
    ║                                                      ║
    ║ Alternatively, use apt:                              ║
    ║     sudo apt-get install libavif16                   ║
    ║                                                      ║
    ║ <3 Playwright Team                                   ║
    ╚══════════════════════════════════════════════════════╝
]]>
</failure>
</testcase>
<testcase name="Blog CTA E2E Tests › should display social media links" classname="tests/blog-cta.spec.ts" time="0.004">
<failure message="blog-cta.spec.ts:36:7 should display social media links" type="FAILURE">
<![CDATA[  [Mobile Safari] › tests/blog-cta.spec.ts:36:7 › Blog CTA E2E Tests › should display social media links 

    Error: browserType.launch: 
    ╔══════════════════════════════════════════════════════╗
    ║ Host system is missing dependencies to run browsers. ║
    ║ Please install them with the following command:      ║
    ║                                                      ║
    ║     sudo npx playwright install-deps                 ║
    ║                                                      ║
    ║ Alternatively, use apt:                              ║
    ║     sudo apt-get install libavif16                   ║
    ║                                                      ║
    ║ <3 Playwright Team                                   ║
    ╚══════════════════════════════════════════════════════╝
]]>
</failure>
</testcase>
<testcase name="Blog CTA E2E Tests › should load CTAs quickly" classname="tests/blog-cta.spec.ts" time="0.004">
<failure message="blog-cta.spec.ts:41:7 should load CTAs quickly" type="FAILURE">
<![CDATA[  [Mobile Safari] › tests/blog-cta.spec.ts:41:7 › Blog CTA E2E Tests › should load CTAs quickly ────

    Error: browserType.launch: 
    ╔══════════════════════════════════════════════════════╗
    ║ Host system is missing dependencies to run browsers. ║
    ║ Please install them with the following command:      ║
    ║                                                      ║
    ║     sudo npx playwright install-deps                 ║
    ║                                                      ║
    ║ Alternatively, use apt:                              ║
    ║     sudo apt-get install libavif16                   ║
    ║                                                      ║
    ║ <3 Playwright Team                                   ║
    ╚══════════════════════════════════════════════════════╝
]]>
</failure>
</testcase>
<testcase name="Blog CTA E2E Tests › should be accessible" classname="tests/blog-cta.spec.ts" time="0.004">
<failure message="blog-cta.spec.ts:45:7 should be accessible" type="FAILURE">
<![CDATA[  [Mobile Safari] › tests/blog-cta.spec.ts:45:7 › Blog CTA E2E Tests › should be accessible ────────

    Error: browserType.launch: 
    ╔══════════════════════════════════════════════════════╗
    ║ Host system is missing dependencies to run browsers. ║
    ║ Please install them with the following command:      ║
    ║                                                      ║
    ║     sudo npx playwright install-deps                 ║
    ║                                                      ║
    ║ Alternatively, use apt:                              ║
    ║     sudo apt-get install libavif16                   ║
    ║                                                      ║
    ║ <3 Playwright Team                                   ║
    ╚══════════════════════════════════════════════════════╝
]]>
</failure>
</testcase>
<testcase name="Blog CTA E2E Tests › should work on mobile devices" classname="tests/blog-cta.spec.ts" time="0.005">
<failure message="blog-cta.spec.ts:50:7 should work on mobile devices" type="FAILURE">
<![CDATA[  [Mobile Safari] › tests/blog-cta.spec.ts:50:7 › Blog CTA E2E Tests › should work on mobile devices 

    Error: browserType.launch: 
    ╔══════════════════════════════════════════════════════╗
    ║ Host system is missing dependencies to run browsers. ║
    ║ Please install them with the following command:      ║
    ║                                                      ║
    ║     sudo npx playwright install-deps                 ║
    ║                                                      ║
    ║ Alternatively, use apt:                              ║
    ║     sudo apt-get install libavif16                   ║
    ║                                                      ║
    ║ <3 Playwright Team                                   ║
    ╚══════════════════════════════════════════════════════╝
]]>
</failure>
</testcase>
<testcase name="Blog CTA E2E Tests › should have compelling CTA text variations" classname="tests/blog-cta.spec.ts" time="0.003">
<failure message="blog-cta.spec.ts:54:7 should have compelling CTA text variations" type="FAILURE">
<![CDATA[  [Mobile Safari] › tests/blog-cta.spec.ts:54:7 › Blog CTA E2E Tests › should have compelling CTA text variations 

    Error: browserType.launch: 
    ╔══════════════════════════════════════════════════════╗
    ║ Host system is missing dependencies to run browsers. ║
    ║ Please install them with the following command:      ║
    ║                                                      ║
    ║     sudo npx playwright install-deps                 ║
    ║                                                      ║
    ║ Alternatively, use apt:                              ║
    ║     sudo apt-get install libavif16                   ║
    ║                                                      ║
    ║ <3 Playwright Team                                   ║
    ╚══════════════════════════════════════════════════════╝
]]>
</failure>
</testcase>
<testcase name="Blog CTA E2E Tests › should maintain design consistency" classname="tests/blog-cta.spec.ts" time="0.004">
<failure message="blog-cta.spec.ts:59:7 should maintain design consistency" type="FAILURE">
<![CDATA[  [Mobile Safari] › tests/blog-cta.spec.ts:59:7 › Blog CTA E2E Tests › should maintain design consistency 

    Error: browserType.launch: 
    ╔══════════════════════════════════════════════════════╗
    ║ Host system is missing dependencies to run browsers. ║
    ║ Please install them with the following command:      ║
    ║                                                      ║
    ║     sudo npx playwright install-deps                 ║
    ║                                                      ║
    ║ Alternatively, use apt:                              ║
    ║     sudo apt-get install libavif16                   ║
    ║                                                      ║
    ║ <3 Playwright Team                                   ║
    ╚══════════════════════════════════════════════════════╝
]]>
</failure>
</testcase>
<testcase name="Blog CTA E2E Tests › should support blog-to-course conversion funnel" classname="tests/blog-cta.spec.ts" time="0.004">
<failure message="blog-cta.spec.ts:64:7 should support blog-to-course conversion funnel" type="FAILURE">
<![CDATA[  [Mobile Safari] › tests/blog-cta.spec.ts:64:7 › Blog CTA E2E Tests › should support blog-to-course conversion funnel 

    Error: browserType.launch: 
    ╔══════════════════════════════════════════════════════╗
    ║ Host system is missing dependencies to run browsers. ║
    ║ Please install them with the following command:      ║
    ║                                                      ║
    ║     sudo npx playwright install-deps                 ║
    ║                                                      ║
    ║ Alternatively, use apt:                              ║
    ║     sudo apt-get install libavif16                   ║
    ║                                                      ║
    ║ <3 Playwright Team                                   ║
    ╚══════════════════════════════════════════════════════╝
]]>
</failure>
</testcase>
<testcase name="Blog CTA E2E Tests › should display CTAs on blog posts" classname="tests/blog-cta.spec.ts" time="0.003">
<failure message="blog-cta.spec.ts:68:7 should display CTAs on blog posts" type="FAILURE">
<![CDATA[  [Mobile Safari] › tests/blog-cta.spec.ts:68:7 › Blog CTA E2E Tests › should display CTAs on blog posts 

    Error: browserType.launch: 
    ╔══════════════════════════════════════════════════════╗
    ║ Host system is missing dependencies to run browsers. ║
    ║ Please install them with the following command:      ║
    ║                                                      ║
    ║     sudo npx playwright install-deps                 ║
    ║                                                      ║
    ║ Alternatively, use apt:                              ║
    ║     sudo apt-get install libavif16                   ║
    ║                                                      ║
    ║ <3 Playwright Team                                   ║
    ╚══════════════════════════════════════════════════════╝
]]>
</failure>
</testcase>
<testcase name="Blog CTA E2E Tests › should handle CTA hover effects" classname="tests/blog-cta.spec.ts" time="0.004">
<failure message="blog-cta.spec.ts:92:7 should handle CTA hover effects" type="FAILURE">
<![CDATA[  [Mobile Safari] › tests/blog-cta.spec.ts:92:7 › Blog CTA E2E Tests › should handle CTA hover effects 

    Error: browserType.launch: 
    ╔══════════════════════════════════════════════════════╗
    ║ Host system is missing dependencies to run browsers. ║
    ║ Please install them with the following command:      ║
    ║                                                      ║
    ║     sudo npx playwright install-deps                 ║
    ║                                                      ║
    ║ Alternatively, use apt:                              ║
    ║     sudo apt-get install libavif16                   ║
    ║                                                      ║
    ║ <3 Playwright Team                                   ║
    ╚══════════════════════════════════════════════════════╝
]]>
</failure>
</testcase>
<testcase name="Blog CTA E2E Tests › should handle multiple CTA placements" classname="tests/blog-cta.spec.ts" time="0.004">
<failure message="blog-cta.spec.ts:125:7 should handle multiple CTA placements" type="FAILURE">
<![CDATA[  [Mobile Safari] › tests/blog-cta.spec.ts:125:7 › Blog CTA E2E Tests › should handle multiple CTA placements 

    Error: browserType.launch: 
    ╔══════════════════════════════════════════════════════╗
    ║ Host system is missing dependencies to run browsers. ║
    ║ Please install them with the following command:      ║
    ║                                                      ║
    ║     sudo npx playwright install-deps                 ║
    ║                                                      ║
    ║ Alternatively, use apt:                              ║
    ║     sudo apt-get install libavif16                   ║
    ║                                                      ║
    ║ <3 Playwright Team                                   ║
    ╚══════════════════════════════════════════════════════╝
]]>
</failure>
</testcase>
<testcase name="Blog CTA E2E Tests › should maintain CTA visibility during scroll" classname="tests/blog-cta.spec.ts" time="0.004">
<failure message="blog-cta.spec.ts:149:7 should maintain CTA visibility during scroll" type="FAILURE">
<![CDATA[  [Mobile Safari] › tests/blog-cta.spec.ts:149:7 › Blog CTA E2E Tests › should maintain CTA visibility during scroll 

    Error: browserType.launch: 
    ╔══════════════════════════════════════════════════════╗
    ║ Host system is missing dependencies to run browsers. ║
    ║ Please install them with the following command:      ║
    ║                                                      ║
    ║     sudo npx playwright install-deps                 ║
    ║                                                      ║
    ║ Alternatively, use apt:                              ║
    ║     sudo apt-get install libavif16                   ║
    ║                                                      ║
    ║ <3 Playwright Team                                   ║
    ╚══════════════════════════════════════════════════════╝
]]>
</failure>
</testcase>
<testcase name="Blog CTA E2E Tests › should handle CTA for different user segments" classname="tests/blog-cta.spec.ts" time="0.004">
<failure message="blog-cta.spec.ts:167:7 should handle CTA for different user segments" type="FAILURE">
<![CDATA[  [Mobile Safari] › tests/blog-cta.spec.ts:167:7 › Blog CTA E2E Tests › should handle CTA for different user segments 

    Error: browserType.launch: 
    ╔══════════════════════════════════════════════════════╗
    ║ Host system is missing dependencies to run browsers. ║
    ║ Please install them with the following command:      ║
    ║                                                      ║
    ║     sudo npx playwright install-deps                 ║
    ║                                                      ║
    ║ Alternatively, use apt:                              ║
    ║     sudo apt-get install libavif16                   ║
    ║                                                      ║
    ║ <3 Playwright Team                                   ║
    ╚══════════════════════════════════════════════════════╝
]]>
</failure>
</testcase>
<testcase name="Blog CTA E2E Tests › should show appropriate CTAs based on content" classname="tests/blog-cta.spec.ts" time="0.007">
<failure message="blog-cta.spec.ts:188:7 should show appropriate CTAs based on content" type="FAILURE">
<![CDATA[  [Mobile Safari] › tests/blog-cta.spec.ts:188:7 › Blog CTA E2E Tests › should show appropriate CTAs based on content 

    Error: browserType.launch: 
    ╔══════════════════════════════════════════════════════╗
    ║ Host system is missing dependencies to run browsers. ║
    ║ Please install them with the following command:      ║
    ║                                                      ║
    ║     sudo npx playwright install-deps                 ║
    ║                                                      ║
    ║ Alternatively, use apt:                              ║
    ║     sudo apt-get install libavif16                   ║
    ║                                                      ║
    ║ <3 Playwright Team                                   ║
    ╚══════════════════════════════════════════════════════╝
]]>
</failure>
</testcase>
<testcase name="Blog CTA E2E Tests › should handle CTA A/B test variations" classname="tests/blog-cta.spec.ts" time="0.006">
<failure message="blog-cta.spec.ts:206:7 should handle CTA A/B test variations" type="FAILURE">
<![CDATA[  [Mobile Safari] › tests/blog-cta.spec.ts:206:7 › Blog CTA E2E Tests › should handle CTA A/B test variations 

    Error: browserType.launch: 
    ╔══════════════════════════════════════════════════════╗
    ║ Host system is missing dependencies to run browsers. ║
    ║ Please install them with the following command:      ║
    ║                                                      ║
    ║     sudo npx playwright install-deps                 ║
    ║                                                      ║
    ║ Alternatively, use apt:                              ║
    ║     sudo apt-get install libavif16                   ║
    ║                                                      ║
    ║ <3 Playwright Team                                   ║
    ╚══════════════════════════════════════════════════════╝
]]>
</failure>
</testcase>
</testsuite>
<testsuite name="tests/chat.spec.ts" timestamp="2025-08-14T13:39:24.147Z" hostname="Mobile Safari" tests="13" failures="13" skipped="0" time="0.05" errors="0">
<testcase name="Chat Interface E2E Tests › should display chat interface correctly" classname="tests/chat.spec.ts" time="0.004">
<failure message="chat.spec.ts:12:7 should display chat interface correctly" type="FAILURE">
<![CDATA[  [Mobile Safari] › tests/chat.spec.ts:12:7 › Chat Interface E2E Tests › should display chat interface correctly 

    Error: browserType.launch: 
    ╔══════════════════════════════════════════════════════╗
    ║ Host system is missing dependencies to run browsers. ║
    ║ Please install them with the following command:      ║
    ║                                                      ║
    ║     sudo npx playwright install-deps                 ║
    ║                                                      ║
    ║ Alternatively, use apt:                              ║
    ║     sudo apt-get install libavif16                   ║
    ║                                                      ║
    ║ <3 Playwright Team                                   ║
    ╚══════════════════════════════════════════════════════╝
]]>
</failure>
</testcase>
<testcase name="Chat Interface E2E Tests › should send and receive messages" classname="tests/chat.spec.ts" time="0.004">
<failure message="chat.spec.ts:21:7 should send and receive messages" type="FAILURE">
<![CDATA[  [Mobile Safari] › tests/chat.spec.ts:21:7 › Chat Interface E2E Tests › should send and receive messages 

    Error: browserType.launch: 
    ╔══════════════════════════════════════════════════════╗
    ║ Host system is missing dependencies to run browsers. ║
    ║ Please install them with the following command:      ║
    ║                                                      ║
    ║     sudo npx playwright install-deps                 ║
    ║                                                      ║
    ║ Alternatively, use apt:                              ║
    ║     sudo apt-get install libavif16                   ║
    ║                                                      ║
    ║ <3 Playwright Team                                   ║
    ╚══════════════════════════════════════════════════════╝
]]>
</failure>
</testcase>
<testcase name="Chat Interface E2E Tests › should validate ACIM content authenticity" classname="tests/chat.spec.ts" time="0.003">
<failure message="chat.spec.ts:31:7 should validate ACIM content authenticity" type="FAILURE">
<![CDATA[  [Mobile Safari] › tests/chat.spec.ts:31:7 › Chat Interface E2E Tests › should validate ACIM content authenticity 

    Error: browserType.launch: 
    ╔══════════════════════════════════════════════════════╗
    ║ Host system is missing dependencies to run browsers. ║
    ║ Please install them with the following command:      ║
    ║                                                      ║
    ║     sudo npx playwright install-deps                 ║
    ║                                                      ║
    ║ Alternatively, use apt:                              ║
    ║     sudo apt-get install libavif16                   ║
    ║                                                      ║
    ║ <3 Playwright Team                                   ║
    ╚══════════════════════════════════════════════════════╝
]]>
</failure>
</testcase>
<testcase name="Chat Interface E2E Tests › should handle quick actions" classname="tests/chat.spec.ts" time="0.004">
<failure message="chat.spec.ts:35:7 should handle quick actions" type="FAILURE">
<![CDATA[  [Mobile Safari] › tests/chat.spec.ts:35:7 › Chat Interface E2E Tests › should handle quick actions 

    Error: browserType.launch: 
    ╔══════════════════════════════════════════════════════╗
    ║ Host system is missing dependencies to run browsers. ║
    ║ Please install them with the following command:      ║
    ║                                                      ║
    ║     sudo npx playwright install-deps                 ║
    ║                                                      ║
    ║ Alternatively, use apt:                              ║
    ║     sudo apt-get install libavif16                   ║
    ║                                                      ║
    ║ <3 Playwright Team                                   ║
    ╚══════════════════════════════════════════════════════╝
]]>
</failure>
</testcase>
<testcase name="Chat Interface E2E Tests › should handle error scenarios gracefully" classname="tests/chat.spec.ts" time="0.003">
<failure message="chat.spec.ts:39:7 should handle error scenarios gracefully" type="FAILURE">
<![CDATA[  [Mobile Safari] › tests/chat.spec.ts:39:7 › Chat Interface E2E Tests › should handle error scenarios gracefully 

    Error: browserType.launch: 
    ╔══════════════════════════════════════════════════════╗
    ║ Host system is missing dependencies to run browsers. ║
    ║ Please install them with the following command:      ║
    ║                                                      ║
    ║     sudo npx playwright install-deps                 ║
    ║                                                      ║
    ║ Alternatively, use apt:                              ║
    ║     sudo apt-get install libavif16                   ║
    ║                                                      ║
    ║ <3 Playwright Team                                   ║
    ╚══════════════════════════════════════════════════════╝
]]>
</failure>
</testcase>
<testcase name="Chat Interface E2E Tests › should be accessible via keyboard navigation" classname="tests/chat.spec.ts" time="0.006">
<failure message="chat.spec.ts:43:7 should be accessible via keyboard navigation" type="FAILURE">
<![CDATA[  [Mobile Safari] › tests/chat.spec.ts:43:7 › Chat Interface E2E Tests › should be accessible via keyboard navigation 

    Error: browserType.launch: 
    ╔══════════════════════════════════════════════════════╗
    ║ Host system is missing dependencies to run browsers. ║
    ║ Please install them with the following command:      ║
    ║                                                      ║
    ║     sudo npx playwright install-deps                 ║
    ║                                                      ║
    ║ Alternatively, use apt:                              ║
    ║     sudo apt-get install libavif16                   ║
    ║                                                      ║
    ║ <3 Playwright Team                                   ║
    ╚══════════════════════════════════════════════════════╝
]]>
</failure>
</testcase>
<testcase name="Chat Interface E2E Tests › should perform well under load" classname="tests/chat.spec.ts" time="0.004">
<failure message="chat.spec.ts:47:7 should perform well under load" type="FAILURE">
<![CDATA[  [Mobile Safari] › tests/chat.spec.ts:47:7 › Chat Interface E2E Tests › should perform well under load 

    Error: browserType.launch: 
    ╔══════════════════════════════════════════════════════╗
    ║ Host system is missing dependencies to run browsers. ║
    ║ Please install them with the following command:      ║
    ║                                                      ║
    ║     sudo npx playwright install-deps                 ║
    ║                                                      ║
    ║ Alternatively, use apt:                              ║
    ║     sudo apt-get install libavif16                   ║
    ║                                                      ║
    ║ <3 Playwright Team                                   ║
    ╚══════════════════════════════════════════════════════╝
]]>
</failure>
</testcase>
<testcase name="Chat Interface E2E Tests › should work correctly on mobile devices" classname="tests/chat.spec.ts" time="0.004">
<failure message="chat.spec.ts:51:7 should work correctly on mobile devices" type="FAILURE">
<![CDATA[  [Mobile Safari] › tests/chat.spec.ts:51:7 › Chat Interface E2E Tests › should work correctly on mobile devices 

    Error: browserType.launch: 
    ╔══════════════════════════════════════════════════════╗
    ║ Host system is missing dependencies to run browsers. ║
    ║ Please install them with the following command:      ║
    ║                                                      ║
    ║     sudo npx playwright install-deps                 ║
    ║                                                      ║
    ║ Alternatively, use apt:                              ║
    ║     sudo apt-get install libavif16                   ║
    ║                                                      ║
    ║ <3 Playwright Team                                   ║
    ╚══════════════════════════════════════════════════════╝
]]>
</failure>
</testcase>
<testcase name="Chat Interface E2E Tests › should allow clearing chat history" classname="tests/chat.spec.ts" time="0.004">
<failure message="chat.spec.ts:55:7 should allow clearing chat history" type="FAILURE">
<![CDATA[  [Mobile Safari] › tests/chat.spec.ts:55:7 › Chat Interface E2E Tests › should allow clearing chat history 

    Error: browserType.launch: 
    ╔══════════════════════════════════════════════════════╗
    ║ Host system is missing dependencies to run browsers. ║
    ║ Please install them with the following command:      ║
    ║                                                      ║
    ║     sudo npx playwright install-deps                 ║
    ║                                                      ║
    ║ Alternatively, use apt:                              ║
    ║     sudo apt-get install libavif16                   ║
    ║                                                      ║
    ║ <3 Playwright Team                                   ║
    ╚══════════════════════════════════════════════════════╝
]]>
</failure>
</testcase>
<testcase name="Chat Interface E2E Tests › should handle special ACIM queries" classname="tests/chat.spec.ts" time="0.004">
<failure message="chat.spec.ts:64:7 should handle special ACIM queries" type="FAILURE">
<![CDATA[  [Mobile Safari] › tests/chat.spec.ts:64:7 › Chat Interface E2E Tests › should handle special ACIM queries 

    Error: browserType.launch: 
    ╔══════════════════════════════════════════════════════╗
    ║ Host system is missing dependencies to run browsers. ║
    ║ Please install them with the following command:      ║
    ║                                                      ║
    ║     sudo npx playwright install-deps                 ║
    ║                                                      ║
    ║ Alternatively, use apt:                              ║
    ║     sudo apt-get install libavif16                   ║
    ║                                                      ║
    ║ <3 Playwright Team                                   ║
    ╚══════════════════════════════════════════════════════╝
]]>
</failure>
</testcase>
<testcase name="Chat Interface E2E Tests › should maintain conversation context" classname="tests/chat.spec.ts" time="0.003">
<failure message="chat.spec.ts:87:7 should maintain conversation context" type="FAILURE">
<![CDATA[  [Mobile Safari] › tests/chat.spec.ts:87:7 › Chat Interface E2E Tests › should maintain conversation context 

    Error: browserType.launch: 
    ╔══════════════════════════════════════════════════════╗
    ║ Host system is missing dependencies to run browsers. ║
    ║ Please install them with the following command:      ║
    ║                                                      ║
    ║     sudo npx playwright install-deps                 ║
    ║                                                      ║
    ║ Alternatively, use apt:                              ║
    ║     sudo apt-get install libavif16                   ║
    ║                                                      ║
    ║ <3 Playwright Team                                   ║
    ╚══════════════════════════════════════════════════════╝
]]>
</failure>
</testcase>
<testcase name="Chat Interface E2E Tests › should handle long conversations" classname="tests/chat.spec.ts" time="0.003">
<failure message="chat.spec.ts:101:7 should handle long conversations" type="FAILURE">
<![CDATA[  [Mobile Safari] › tests/chat.spec.ts:101:7 › Chat Interface E2E Tests › should handle long conversations 

    Error: browserType.launch: 
    ╔══════════════════════════════════════════════════════╗
    ║ Host system is missing dependencies to run browsers. ║
    ║ Please install them with the following command:      ║
    ║                                                      ║
    ║     sudo npx playwright install-deps                 ║
    ║                                                      ║
    ║ Alternatively, use apt:                              ║
    ║     sudo apt-get install libavif16                   ║
    ║                                                      ║
    ║ <3 Playwright Team                                   ║
    ╚══════════════════════════════════════════════════════╝
]]>
</failure>
</testcase>
<testcase name="Chat Interface E2E Tests › should handle network interruptions gracefully" classname="tests/chat.spec.ts" time="0.004">
<failure message="chat.spec.ts:121:7 should handle network interruptions gracefully" type="FAILURE">
<![CDATA[  [Mobile Safari] › tests/chat.spec.ts:121:7 › Chat Interface E2E Tests › should handle network interruptions gracefully 

    Error: browserType.launch: 
    ╔══════════════════════════════════════════════════════╗
    ║ Host system is missing dependencies to run browsers. ║
    ║ Please install them with the following command:      ║
    ║                                                      ║
    ║     sudo npx playwright install-deps                 ║
    ║                                                      ║
    ║ Alternatively, use apt:                              ║
    ║     sudo apt-get install libavif16                   ║
    ║                                                      ║
    ║ <3 Playwright Team                                   ║
    ╚══════════════════════════════════════════════════════╝
]]>
</failure>
</testcase>
</testsuite>
<testsuite name="tests/purchase.spec.ts" timestamp="2025-08-14T13:39:24.147Z" hostname="Mobile Safari" tests="16" failures="16" skipped="0" time="0.06" errors="0">
<testcase name="Course Purchase E2E Tests › should display pricing information correctly" classname="tests/purchase.spec.ts" time="0.003">
<failure message="purchase.spec.ts:11:7 should display pricing information correctly" type="FAILURE">
<![CDATA[  [Mobile Safari] › tests/purchase.spec.ts:11:7 › Course Purchase E2E Tests › should display pricing information correctly 

    Error: browserType.launch: 
    ╔══════════════════════════════════════════════════════╗
    ║ Host system is missing dependencies to run browsers. ║
    ║ Please install them with the following command:      ║
    ║                                                      ║
    ║     sudo npx playwright install-deps                 ║
    ║                                                      ║
    ║ Alternatively, use apt:                              ║
    ║     sudo apt-get install libavif16                   ║
    ║                                                      ║
    ║ <3 Playwright Team                                   ║
    ╚══════════════════════════════════════════════════════╝
]]>
</failure>
</testcase>
<testcase name="Course Purchase E2E Tests › should handle valid purchase flow" classname="tests/purchase.spec.ts" time="0.004">
<failure message="purchase.spec.ts:16:7 should handle valid purchase flow" type="FAILURE">
<![CDATA[  [Mobile Safari] › tests/purchase.spec.ts:16:7 › Course Purchase E2E Tests › should handle valid purchase flow 

    Error: browserType.launch: 
    ╔══════════════════════════════════════════════════════╗
    ║ Host system is missing dependencies to run browsers. ║
    ║ Please install them with the following command:      ║
    ║                                                      ║
    ║     sudo npx playwright install-deps                 ║
    ║                                                      ║
    ║ Alternatively, use apt:                              ║
    ║     sudo apt-get install libavif16                   ║
    ║                                                      ║
    ║ <3 Playwright Team                                   ║
    ╚══════════════════════════════════════════════════════╝
]]>
</failure>
</testcase>
<testcase name="Course Purchase E2E Tests › should handle invalid payment details" classname="tests/purchase.spec.ts" time="0.004">
<failure message="purchase.spec.ts:26:7 should handle invalid payment details" type="FAILURE">
<![CDATA[  [Mobile Safari] › tests/purchase.spec.ts:26:7 › Course Purchase E2E Tests › should handle invalid payment details 

    Error: browserType.launch: 
    ╔══════════════════════════════════════════════════════╗
    ║ Host system is missing dependencies to run browsers. ║
    ║ Please install them with the following command:      ║
    ║                                                      ║
    ║     sudo npx playwright install-deps                 ║
    ║                                                      ║
    ║ Alternatively, use apt:                              ║
    ║     sudo apt-get install libavif16                   ║
    ║                                                      ║
    ║ <3 Playwright Team                                   ║
    ╚══════════════════════════════════════════════════════╝
]]>
</failure>
</testcase>
<testcase name="Course Purchase E2E Tests › should show security features" classname="tests/purchase.spec.ts" time="0.004">
<failure message="purchase.spec.ts:31:7 should show security features" type="FAILURE">
<![CDATA[  [Mobile Safari] › tests/purchase.spec.ts:31:7 › Course Purchase E2E Tests › should show security features 

    Error: browserType.launch: 
    ╔══════════════════════════════════════════════════════╗
    ║ Host system is missing dependencies to run browsers. ║
    ║ Please install them with the following command:      ║
    ║                                                      ║
    ║     sudo npx playwright install-deps                 ║
    ║                                                      ║
    ║ Alternatively, use apt:                              ║
    ║     sudo apt-get install libavif16                   ║
    ║                                                      ║
    ║ <3 Playwright Team                                   ║
    ╚══════════════════════════════════════════════════════╝
]]>
</failure>
</testcase>
<testcase name="Course Purchase E2E Tests › should work on mobile devices" classname="tests/purchase.spec.ts" time="0.004">
<failure message="purchase.spec.ts:35:7 should work on mobile devices" type="FAILURE">
<![CDATA[  [Mobile Safari] › tests/purchase.spec.ts:35:7 › Course Purchase E2E Tests › should work on mobile devices 

    Error: browserType.launch: 
    ╔══════════════════════════════════════════════════════╗
    ║ Host system is missing dependencies to run browsers. ║
    ║ Please install them with the following command:      ║
    ║                                                      ║
    ║     sudo npx playwright install-deps                 ║
    ║                                                      ║
    ║ Alternatively, use apt:                              ║
    ║     sudo apt-get install libavif16                   ║
    ║                                                      ║
    ║ <3 Playwright Team                                   ║
    ╚══════════════════════════════════════════════════════╝
]]>
</failure>
</testcase>
<testcase name="Course Purchase E2E Tests › should load purchase page quickly" classname="tests/purchase.spec.ts" time="0.004">
<failure message="purchase.spec.ts:39:7 should load purchase page quickly" type="FAILURE">
<![CDATA[  [Mobile Safari] › tests/purchase.spec.ts:39:7 › Course Purchase E2E Tests › should load purchase page quickly 

    Error: browserType.launch: 
    ╔══════════════════════════════════════════════════════╗
    ║ Host system is missing dependencies to run browsers. ║
    ║ Please install them with the following command:      ║
    ║                                                      ║
    ║     sudo npx playwright install-deps                 ║
    ║                                                      ║
    ║ Alternatively, use apt:                              ║
    ║     sudo apt-get install libavif16                   ║
    ║                                                      ║
    ║ <3 Playwright Team                                   ║
    ╚══════════════════════════════════════════════════════╝
]]>
</failure>
</testcase>
<testcase name="Course Purchase E2E Tests › should be accessible" classname="tests/purchase.spec.ts" time="0.004">
<failure message="purchase.spec.ts:43:7 should be accessible" type="FAILURE">
<![CDATA[  [Mobile Safari] › tests/purchase.spec.ts:43:7 › Course Purchase E2E Tests › should be accessible ─

    Error: browserType.launch: 
    ╔══════════════════════════════════════════════════════╗
    ║ Host system is missing dependencies to run browsers. ║
    ║ Please install them with the following command:      ║
    ║                                                      ║
    ║     sudo npx playwright install-deps                 ║
    ║                                                      ║
    ║ Alternatively, use apt:                              ║
    ║     sudo apt-get install libavif16                   ║
    ║                                                      ║
    ║ <3 Playwright Team                                   ║
    ╚══════════════════════════════════════════════════════╝
]]>
</failure>
</testcase>
<testcase name="Course Purchase E2E Tests › should support different pricing tiers" classname="tests/purchase.spec.ts" time="0.004">
<failure message="purchase.spec.ts:47:7 should support different pricing tiers" type="FAILURE">
<![CDATA[  [Mobile Safari] › tests/purchase.spec.ts:47:7 › Course Purchase E2E Tests › should support different pricing tiers 

    Error: browserType.launch: 
    ╔══════════════════════════════════════════════════════╗
    ║ Host system is missing dependencies to run browsers. ║
    ║ Please install them with the following command:      ║
    ║                                                      ║
    ║     sudo npx playwright install-deps                 ║
    ║                                                      ║
    ║ Alternatively, use apt:                              ║
    ║     sudo apt-get install libavif16                   ║
    ║                                                      ║
    ║ <3 Playwright Team                                   ║
    ╚══════════════════════════════════════════════════════╝
]]>
</failure>
</testcase>
<testcase name="Course Purchase E2E Tests › should allow purchase cancellation" classname="tests/purchase.spec.ts" time="0.004">
<failure message="purchase.spec.ts:52:7 should allow purchase cancellation" type="FAILURE">
<![CDATA[  [Mobile Safari] › tests/purchase.spec.ts:52:7 › Course Purchase E2E Tests › should allow purchase cancellation 

    Error: browserType.launch: 
    ╔══════════════════════════════════════════════════════╗
    ║ Host system is missing dependencies to run browsers. ║
    ║ Please install them with the following command:      ║
    ║                                                      ║
    ║     sudo npx playwright install-deps                 ║
    ║                                                      ║
    ║ Alternatively, use apt:                              ║
    ║     sudo apt-get install libavif16                   ║
    ║                                                      ║
    ║ <3 Playwright Team                                   ║
    ╚══════════════════════════════════════════════════════╝
]]>
</failure>
</testcase>
<testcase name="Course Purchase E2E Tests › should initiate purchase from course page" classname="tests/purchase.spec.ts" time="0.004">
<failure message="purchase.spec.ts:57:7 should initiate purchase from course page" type="FAILURE">
<![CDATA[  [Mobile Safari] › tests/purchase.spec.ts:57:7 › Course Purchase E2E Tests › should initiate purchase from course page 

    Error: browserType.launch: 
    ╔══════════════════════════════════════════════════════╗
    ║ Host system is missing dependencies to run browsers. ║
    ║ Please install them with the following command:      ║
    ║                                                      ║
    ║     sudo npx playwright install-deps                 ║
    ║                                                      ║
    ║ Alternatively, use apt:                              ║
    ║     sudo apt-get install libavif16                   ║
    ║                                                      ║
    ║ <3 Playwright Team                                   ║
    ╚══════════════════════════════════════════════════════╝
]]>
</failure>
</testcase>
<testcase name="Course Purchase E2E Tests › should validate form inputs" classname="tests/purchase.spec.ts" time="0.003">
<failure message="purchase.spec.ts:65:7 should validate form inputs" type="FAILURE">
<![CDATA[  [Mobile Safari] › tests/purchase.spec.ts:65:7 › Course Purchase E2E Tests › should validate form inputs 

    Error: browserType.launch: 
    ╔══════════════════════════════════════════════════════╗
    ║ Host system is missing dependencies to run browsers. ║
    ║ Please install them with the following command:      ║
    ║                                                      ║
    ║     sudo npx playwright install-deps                 ║
    ║                                                      ║
    ║ Alternatively, use apt:                              ║
    ║     sudo apt-get install libavif16                   ║
    ║                                                      ║
    ║ <3 Playwright Team                                   ║
    ╚══════════════════════════════════════════════════════╝
]]>
</failure>
</testcase>
<testcase name="Course Purchase E2E Tests › should handle payment provider integration" classname="tests/purchase.spec.ts" time="0.005">
<failure message="purchase.spec.ts:83:7 should handle payment provider integration" type="FAILURE">
<![CDATA[  [Mobile Safari] › tests/purchase.spec.ts:83:7 › Course Purchase E2E Tests › should handle payment provider integration 

    Error: browserType.launch: 
    ╔══════════════════════════════════════════════════════╗
    ║ Host system is missing dependencies to run browsers. ║
    ║ Please install them with the following command:      ║
    ║                                                      ║
    ║     sudo npx playwright install-deps                 ║
    ║                                                      ║
    ║ Alternatively, use apt:                              ║
    ║     sudo apt-get install libavif16                   ║
    ║                                                      ║
    ║ <3 Playwright Team                                   ║
    ╚══════════════════════════════════════════════════════╝
]]>
</failure>
</testcase>
<testcase name="Course Purchase E2E Tests › should show loading states during payment" classname="tests/purchase.spec.ts" time="0.004">
<failure message="purchase.spec.ts:96:7 should show loading states during payment" type="FAILURE">
<![CDATA[  [Mobile Safari] › tests/purchase.spec.ts:96:7 › Course Purchase E2E Tests › should show loading states during payment 

    Error: browserType.launch: 
    ╔══════════════════════════════════════════════════════╗
    ║ Host system is missing dependencies to run browsers. ║
    ║ Please install them with the following command:      ║
    ║                                                      ║
    ║     sudo npx playwright install-deps                 ║
    ║                                                      ║
    ║ Alternatively, use apt:                              ║
    ║     sudo apt-get install libavif16                   ║
    ║                                                      ║
    ║ <3 Playwright Team                                   ║
    ╚══════════════════════════════════════════════════════╝
]]>
</failure>
</testcase>
<testcase name="Course Purchase E2E Tests › should preserve form data on validation errors" classname="tests/purchase.spec.ts" time="0.003">
<failure message="purchase.spec.ts:122:7 should preserve form data on validation errors" type="FAILURE">
<![CDATA[  [Mobile Safari] › tests/purchase.spec.ts:122:7 › Course Purchase E2E Tests › should preserve form data on validation errors 

    Error: browserType.launch: 
    ╔══════════════════════════════════════════════════════╗
    ║ Host system is missing dependencies to run browsers. ║
    ║ Please install them with the following command:      ║
    ║                                                      ║
    ║     sudo npx playwright install-deps                 ║
    ║                                                      ║
    ║ Alternatively, use apt:                              ║
    ║     sudo apt-get install libavif16                   ║
    ║                                                      ║
    ║ <3 Playwright Team                                   ║
    ╚══════════════════════════════════════════════════════╝
]]>
</failure>
</testcase>
<testcase name="Course Purchase E2E Tests › should support promotional codes" classname="tests/purchase.spec.ts" time="0.004">
<failure message="purchase.spec.ts:145:7 should support promotional codes" type="FAILURE">
<![CDATA[  [Mobile Safari] › tests/purchase.spec.ts:145:7 › Course Purchase E2E Tests › should support promotional codes 

    Error: browserType.launch: 
    ╔══════════════════════════════════════════════════════╗
    ║ Host system is missing dependencies to run browsers. ║
    ║ Please install them with the following command:      ║
    ║                                                      ║
    ║     sudo npx playwright install-deps                 ║
    ║                                                      ║
    ║ Alternatively, use apt:                              ║
    ║     sudo apt-get install libavif16                   ║
    ║                                                      ║
    ║ <3 Playwright Team                                   ║
    ╚══════════════════════════════════════════════════════╝
]]>
</failure>
</testcase>
<testcase name="Course Purchase E2E Tests › should handle different currencies" classname="tests/purchase.spec.ts" time="0.002">
<failure message="purchase.spec.ts:168:7 should handle different currencies" type="FAILURE">
<![CDATA[  [Mobile Safari] › tests/purchase.spec.ts:168:7 › Course Purchase E2E Tests › should handle different currencies 

    Error: browserType.launch: 
    ╔══════════════════════════════════════════════════════╗
    ║ Host system is missing dependencies to run browsers. ║
    ║ Please install them with the following command:      ║
    ║                                                      ║
    ║     sudo npx playwright install-deps                 ║
    ║                                                      ║
    ║ Alternatively, use apt:                              ║
    ║     sudo apt-get install libavif16                   ║
    ║                                                      ║
    ║ <3 Playwright Team                                   ║
    ╚══════════════════════════════════════════════════════╝
]]>
</failure>
</testcase>
</testsuite>
</testsuites>